Archive member included to satisfy reference by file (symbol)

/usr/lib/gcc/arm-none-eabi/9.2.1/../../../arm-none-eabi/lib/thumb/v7-m/nofp/libm.a(lib_a-s_ceil.o)
                              /home/sarah/github/IoT_I2HM_wyres/Riot_wyres/apps/I2HM_wyres/bin/wyres-base/semtech_loramac_mac_region/RegionCommon.o (ceil)
/usr/lib/gcc/arm-none-eabi/9.2.1/../../../arm-none-eabi/lib/thumb/v7-m/nofp/libm.a(lib_a-s_floor.o)
                              /home/sarah/github/IoT_I2HM_wyres/Riot_wyres/apps/I2HM_wyres/bin/wyres-base/semtech_loramac_mac_region/RegionCommon.o (floor)
/usr/lib/gcc/arm-none-eabi/9.2.1/../../../arm-none-eabi/lib/thumb/v7-m/nofp/libm.a(lib_a-w_pow.o)
                              /home/sarah/github/IoT_I2HM_wyres/Riot_wyres/apps/I2HM_wyres/bin/wyres-base/phydat/phydat_unix.o (pow)
/usr/lib/gcc/arm-none-eabi/9.2.1/../../../arm-none-eabi/lib/thumb/v7-m/nofp/libm.a(lib_a-e_pow.o)
                              /usr/lib/gcc/arm-none-eabi/9.2.1/../../../arm-none-eabi/lib/thumb/v7-m/nofp/libm.a(lib_a-w_pow.o) (__ieee754_pow)
/usr/lib/gcc/arm-none-eabi/9.2.1/../../../arm-none-eabi/lib/thumb/v7-m/nofp/libm.a(lib_a-e_sqrt.o)
                              /usr/lib/gcc/arm-none-eabi/9.2.1/../../../arm-none-eabi/lib/thumb/v7-m/nofp/libm.a(lib_a-e_pow.o) (__ieee754_sqrt)
/usr/lib/gcc/arm-none-eabi/9.2.1/../../../arm-none-eabi/lib/thumb/v7-m/nofp/libm.a(lib_a-s_fabs.o)
                              /usr/lib/gcc/arm-none-eabi/9.2.1/../../../arm-none-eabi/lib/thumb/v7-m/nofp/libm.a(lib_a-e_pow.o) (fabs)
/usr/lib/gcc/arm-none-eabi/9.2.1/../../../arm-none-eabi/lib/thumb/v7-m/nofp/libm.a(lib_a-s_finite.o)
                              /usr/lib/gcc/arm-none-eabi/9.2.1/../../../arm-none-eabi/lib/thumb/v7-m/nofp/libm.a(lib_a-w_pow.o) (finite)
/usr/lib/gcc/arm-none-eabi/9.2.1/../../../arm-none-eabi/lib/thumb/v7-m/nofp/libm.a(lib_a-s_lib_ver.o)
                              /usr/lib/gcc/arm-none-eabi/9.2.1/../../../arm-none-eabi/lib/thumb/v7-m/nofp/libm.a(lib_a-w_pow.o) (__fdlib_version)
/usr/lib/gcc/arm-none-eabi/9.2.1/../../../arm-none-eabi/lib/thumb/v7-m/nofp/libm.a(lib_a-s_nan.o)
                              /usr/lib/gcc/arm-none-eabi/9.2.1/../../../arm-none-eabi/lib/thumb/v7-m/nofp/libm.a(lib_a-e_pow.o) (nan)
/usr/lib/gcc/arm-none-eabi/9.2.1/../../../arm-none-eabi/lib/thumb/v7-m/nofp/libm.a(lib_a-s_rint.o)
                              /usr/lib/gcc/arm-none-eabi/9.2.1/../../../arm-none-eabi/lib/thumb/v7-m/nofp/libm.a(lib_a-w_pow.o) (rint)
/usr/lib/gcc/arm-none-eabi/9.2.1/../../../arm-none-eabi/lib/thumb/v7-m/nofp/libm.a(lib_a-s_scalbn.o)
                              /usr/lib/gcc/arm-none-eabi/9.2.1/../../../arm-none-eabi/lib/thumb/v7-m/nofp/libm.a(lib_a-e_pow.o) (scalbn)
/usr/lib/gcc/arm-none-eabi/9.2.1/thumb/v7-m/nofp/libgcc.a(_arm_muldf3.o)
                              /home/sarah/github/IoT_I2HM_wyres/Riot_wyres/apps/I2HM_wyres/bin/wyres-base/application_I2HM_CLIMATE_STATION/main.o (__aeabi_dmul)
/usr/lib/gcc/arm-none-eabi/9.2.1/thumb/v7-m/nofp/libgcc.a(_arm_mulsf3.o)
                              /home/sarah/github/IoT_I2HM_wyres/Riot_wyres/apps/I2HM_wyres/bin/wyres-base/analog_util/adc_util.o (__aeabi_fmul)
/usr/lib/gcc/arm-none-eabi/9.2.1/thumb/v7-m/nofp/libgcc.a(_arm_addsubdf3.o)
                              /home/sarah/github/IoT_I2HM_wyres/Riot_wyres/apps/I2HM_wyres/bin/wyres-base/semtech_loramac_mac_region/RegionCommon.o (__aeabi_dsub)
/usr/lib/gcc/arm-none-eabi/9.2.1/thumb/v7-m/nofp/libgcc.a(_arm_muldivdf3.o)
                              /home/sarah/github/IoT_I2HM_wyres/Riot_wyres/apps/I2HM_wyres/bin/wyres-base/application_I2HM_CLIMATE_STATION/main.o (__aeabi_ddiv)
/usr/lib/gcc/arm-none-eabi/9.2.1/thumb/v7-m/nofp/libgcc.a(_arm_cmpdf2.o)
                              /usr/lib/gcc/arm-none-eabi/9.2.1/../../../arm-none-eabi/lib/thumb/v7-m/nofp/libm.a(lib_a-w_pow.o) (__aeabi_dcmpeq)
/usr/lib/gcc/arm-none-eabi/9.2.1/thumb/v7-m/nofp/libgcc.a(_arm_unorddf2.o)
                              /usr/lib/gcc/arm-none-eabi/9.2.1/../../../arm-none-eabi/lib/thumb/v7-m/nofp/libm.a(lib_a-w_pow.o) (__aeabi_dcmpun)
/usr/lib/gcc/arm-none-eabi/9.2.1/thumb/v7-m/nofp/libgcc.a(_arm_fixdfsi.o)
                              /home/sarah/github/IoT_I2HM_wyres/Riot_wyres/apps/I2HM_wyres/bin/wyres-base/phydat/phydat_unix.o (__aeabi_d2iz)
/usr/lib/gcc/arm-none-eabi/9.2.1/thumb/v7-m/nofp/libgcc.a(_arm_fixunsdfsi.o)
                              /home/sarah/github/IoT_I2HM_wyres/Riot_wyres/apps/I2HM_wyres/bin/wyres-base/application_I2HM_CLIMATE_STATION/main.o (__aeabi_d2uiz)
/usr/lib/gcc/arm-none-eabi/9.2.1/thumb/v7-m/nofp/libgcc.a(_arm_truncdfsf2.o)
                              /home/sarah/github/IoT_I2HM_wyres/Riot_wyres/apps/I2HM_wyres/bin/wyres-base/application_I2HM_CLIMATE_STATION/main.o (__aeabi_d2f)
/usr/lib/gcc/arm-none-eabi/9.2.1/thumb/v7-m/nofp/libgcc.a(_arm_addsubsf3.o)
                              /home/sarah/github/IoT_I2HM_wyres/Riot_wyres/apps/I2HM_wyres/bin/wyres-base/analog_util/adc_util.o (__aeabi_fsub)
[...]
Memory Configuration

Name             Origin             Length             Attributes
ccmram           0x0000000010000000 0x0000000000000000
sram4            0x0000000000000000 0x0000000000000000
fmcram           0x0000000000000000 0x0000000000000000
rom              0x0000000008000000 0x0000000000040000 xr
ram              0x0000000020000000 0x0000000000008000 w !xr
bkup_ram         0x0000000000000000 0x0000000000000000 w !xr
*default*        0x0000000000000000 0xffffffffffffffff

Linker script and memory map

LOAD /home/sarah/github/IoT_I2HM_wyres/Riot_wyres/apps/I2HM_wyres/bin/wyres-base/analog_util/adc_util.o
LOAD /home/sarah/github/IoT_I2HM_wyres/Riot_wyres/apps/I2HM_wyres/bin/wyres-base/analog_util/dac_util.o
LOAD /home/sarah/github/IoT_I2HM_wyres/Riot_wyres/apps/I2HM_wyres/bin/wyres-base/application_I2HM_CLIMATE_STATION/main.o
LOAD /home/sarah/github/IoT_I2HM_wyres/Riot_wyres/apps/I2HM_wyres/bin/wyres-base/auto_init/auto_init.o
LOAD /home/sarah/github/IoT_I2HM_wyres/Riot_wyres/apps/I2HM_wyres/bin/wyres-base/auto_init_loramac/auto_init_loramac.o
LOAD /home/sarah/github/IoT_I2HM_wyres/Riot_wyres/apps/I2HM_wyres/bin/wyres-base/bme680/bme680.o
LOAD /home/sarah/github/IoT_I2HM_wyres/Riot_wyres/apps/I2HM_wyres/bin/wyres-base/bme680/bme680_saul.o
LOAD /home/sarah/github/IoT_I2HM_wyres/Riot_wyres/apps/I2HM_wyres/bin/wyres-base/board/board.o
LOAD /home/sarah/github/IoT_I2HM_wyres/Riot_wyres/apps/I2HM_wyres/bin/wyres-base/board_common_init/board_common.o
LOAD /home/sarah/github/IoT_I2HM_wyres/Riot_wyres/apps/I2HM_wyres/bin/wyres-base/cayenne-lpp/cayenne_lpp.o
LOAD /home/sarah/github/IoT_I2HM_wyres/Riot_wyres/apps/I2HM_wyres/bin/wyres-base/core/cond.o
LOAD /home/sarah/github/IoT_I2HM_wyres/Riot_wyres/apps/I2HM_wyres/bin/wyres-base/core_lib/assert.o
LOAD /home/sarah/github/IoT_I2HM_wyres/Riot_wyres/apps/I2HM_wyres/bin/wyres-base/core_lib/atomic_c11.o
LOAD /home/sarah/github/IoT_I2HM_wyres/Riot_wyres/apps/I2HM_wyres/bin/wyres-base/core_lib/atomic_sync.o
LOAD /home/sarah/github/IoT_I2HM_wyres/Riot_wyres/apps/I2HM_wyres/bin/wyres-base/core_lib/bitarithm.o
LOAD /home/sarah/github/IoT_I2HM_wyres/Riot_wyres/apps/I2HM_wyres/bin/wyres-base/core_lib/clist.o
LOAD /home/sarah/github/IoT_I2HM_wyres/Riot_wyres/apps/I2HM_wyres/bin/wyres-base/core_lib/init.o
LOAD /home/sarah/github/IoT_I2HM_wyres/Riot_wyres/apps/I2HM_wyres/bin/wyres-base/core_lib/panic.o
LOAD /home/sarah/github/IoT_I2HM_wyres/Riot_wyres/apps/I2HM_wyres/bin/wyres-base/core_lib/priority_queue.o
LOAD /home/sarah/github/IoT_I2HM_wyres/Riot_wyres/apps/I2HM_wyres/bin/wyres-base/core_lib/ringbuffer.o
LOAD /home/sarah/github/IoT_I2HM_wyres/Riot_wyres/apps/I2HM_wyres/bin/wyres-base/core_lib/rmutex.o
LOAD /home/sarah/github/IoT_I2HM_wyres/Riot_wyres/apps/I2HM_wyres/bin/wyres-base/core/msg.o
LOAD /home/sarah/github/IoT_I2HM_wyres/Riot_wyres/apps/I2HM_wyres/bin/wyres-base/core/mutex.o
LOAD /home/sarah/github/IoT_I2HM_wyres/Riot_wyres/apps/I2HM_wyres/bin/wyres-base/core/sched.o
LOAD /home/sarah/github/IoT_I2HM_wyres/Riot_wyres/apps/I2HM_wyres/bin/wyres-base/core/thread.o
LOAD /home/sarah/github/IoT_I2HM_wyres/Riot_wyres/apps/I2HM_wyres/bin/wyres-base/cortexm_common/cortexm_init.o
LOAD /home/sarah/github/IoT_I2HM_wyres/Riot_wyres/apps/I2HM_wyres/bin/wyres-base/cortexm_common/mpu.o
LOAD /home/sarah/github/IoT_I2HM_wyres/Riot_wyres/apps/I2HM_wyres/bin/wyres-base/cortexm_common/panic.o
LOAD /home/sarah/github/IoT_I2HM_wyres/Riot_wyres/apps/I2HM_wyres/bin/wyres-base/cortexm_common_periph/pm.o
LOAD /home/sarah/github/IoT_I2HM_wyres/Riot_wyres/apps/I2HM_wyres/bin/wyres-base/cortexm_common/thread_arch.o
LOAD /home/sarah/github/IoT_I2HM_wyres/Riot_wyres/apps/I2HM_wyres/bin/wyres-base/cortexm_common/vectors_cortexm.o
LOAD /home/sarah/github/IoT_I2HM_wyres/Riot_wyres/apps/I2HM_wyres/bin/wyres-base/cpu/cpu_common.o
LOAD /home/sarah/github/IoT_I2HM_wyres/Riot_wyres/apps/I2HM_wyres/bin/wyres-base/cpu/cpu_init.o
LOAD /home/sarah/github/IoT_I2HM_wyres/Riot_wyres/apps/I2HM_wyres/bin/wyres-base/crypto/aes.o
LOAD /home/sarah/github/IoT_I2HM_wyres/Riot_wyres/apps/I2HM_wyres/bin/wyres-base/crypto/chacha20poly1305.o
LOAD /home/sarah/github/IoT_I2HM_wyres/Riot_wyres/apps/I2HM_wyres/bin/wyres-base/crypto/chacha.o
LOAD /home/sarah/github/IoT_I2HM_wyres/Riot_wyres/apps/I2HM_wyres/bin/wyres-base/crypto/chacha_prng.o
LOAD /home/sarah/github/IoT_I2HM_wyres/Riot_wyres/apps/I2HM_wyres/bin/wyres-base/crypto/ciphers.o
LOAD /home/sarah/github/IoT_I2HM_wyres/Riot_wyres/apps/I2HM_wyres/bin/wyres-base/crypto/helper.o
LOAD /home/sarah/github/IoT_I2HM_wyres/Riot_wyres/apps/I2HM_wyres/bin/wyres-base/crypto/poly1305.o
LOAD /home/sarah/github/IoT_I2HM_wyres/Riot_wyres/apps/I2HM_wyres/bin/wyres-base/div/div.o
LOAD /home/sarah/github/IoT_I2HM_wyres/Riot_wyres/apps/I2HM_wyres/bin/wyres-base/driver_bme680/bme680_internal.o
LOAD /home/sarah/github/IoT_I2HM_wyres/Riot_wyres/apps/I2HM_wyres/bin/wyres-base/driver_bme680_contrib/bme680_hal.o
LOAD /home/sarah/github/IoT_I2HM_wyres/Riot_wyres/apps/I2HM_wyres/bin/wyres-base/fmt/fmt.o
LOAD /home/sarah/github/IoT_I2HM_wyres/Riot_wyres/apps/I2HM_wyres/bin/wyres-base/frac/frac.o
LOAD /home/sarah/github/IoT_I2HM_wyres/Riot_wyres/apps/I2HM_wyres/bin/wyres-base/hashes/aes128_cmac.o
LOAD /home/sarah/github/IoT_I2HM_wyres/Riot_wyres/apps/I2HM_wyres/bin/wyres-base/hashes/hashes.o
LOAD /home/sarah/github/IoT_I2HM_wyres/Riot_wyres/apps/I2HM_wyres/bin/wyres-base/hashes/md5.o
LOAD /home/sarah/github/IoT_I2HM_wyres/Riot_wyres/apps/I2HM_wyres/bin/wyres-base/hashes/pbkdf2.o
LOAD /home/sarah/github/IoT_I2HM_wyres/Riot_wyres/apps/I2HM_wyres/bin/wyres-base/hashes/sha1.o
LOAD /home/sarah/github/IoT_I2HM_wyres/Riot_wyres/apps/I2HM_wyres/bin/wyres-base/hashes/sha224.o
LOAD /home/sarah/github/IoT_I2HM_wyres/Riot_wyres/apps/I2HM_wyres/bin/wyres-base/hashes/sha256.o
LOAD /home/sarah/github/IoT_I2HM_wyres/Riot_wyres/apps/I2HM_wyres/bin/wyres-base/hashes/sha2xx_common.o
LOAD /home/sarah/github/IoT_I2HM_wyres/Riot_wyres/apps/I2HM_wyres/bin/wyres-base/hashes/sha3.o
LOAD /home/sarah/github/IoT_I2HM_wyres/Riot_wyres/apps/I2HM_wyres/bin/wyres-base/hashes/sha512_common.o
LOAD /home/sarah/github/IoT_I2HM_wyres/Riot_wyres/apps/I2HM_wyres/bin/wyres-base/hashes/sha512.o
LOAD /home/sarah/github/IoT_I2HM_wyres/Riot_wyres/apps/I2HM_wyres/bin/wyres-base/iolist/iolist.o
LOAD /home/sarah/github/IoT_I2HM_wyres/Riot_wyres/apps/I2HM_wyres/bin/wyres-base/libc/string.o
LOAD /home/sarah/github/IoT_I2HM_wyres/Riot_wyres/apps/I2HM_wyres/bin/wyres-base/lis2dh12/lis2dh12.o
LOAD /home/sarah/github/IoT_I2HM_wyres/Riot_wyres/apps/I2HM_wyres/bin/wyres-base/lis2dh12/lis2dh12_saul.o
LOAD /home/sarah/github/IoT_I2HM_wyres/Riot_wyres/apps/I2HM_wyres/bin/wyres-base/loramac_utils/app_clock.o
LOAD /home/sarah/github/IoT_I2HM_wyres/Riot_wyres/apps/I2HM_wyres/bin/wyres-base/loramac_utils/loramac_utils.o
LOAD /home/sarah/github/IoT_I2HM_wyres/Riot_wyres/apps/I2HM_wyres/bin/wyres-base/loramac_utils/lorawan_network.o
LOAD /home/sarah/github/IoT_I2HM_wyres/Riot_wyres/apps/I2HM_wyres/bin/wyres-base/lpsxxx/lpsxxx.o
LOAD /home/sarah/github/IoT_I2HM_wyres/Riot_wyres/apps/I2HM_wyres/bin/wyres-base/lpsxxx/lpsxxx_saul.o
LOAD /home/sarah/github/IoT_I2HM_wyres/Riot_wyres/apps/I2HM_wyres/bin/wyres-base/luid/luid.o
LOAD /home/sarah/github/IoT_I2HM_wyres/Riot_wyres/apps/I2HM_wyres/bin/wyres-base/malloc_thread_safe/malloc_wrappers.o
LOAD /home/sarah/github/IoT_I2HM_wyres/Riot_wyres/apps/I2HM_wyres/bin/wyres-base/newlib_syscalls_default/syscalls.o
LOAD /home/sarah/github/IoT_I2HM_wyres/Riot_wyres/apps/I2HM_wyres/bin/wyres-base/periph/adc_l1.o
LOAD /home/sarah/github/IoT_I2HM_wyres/Riot_wyres/apps/I2HM_wyres/bin/wyres-base/periph_common/cpuid.o
LOAD /home/sarah/github/IoT_I2HM_wyres/Riot_wyres/apps/I2HM_wyres/bin/wyres-base/periph_common/eeprom.o
LOAD /home/sarah/github/IoT_I2HM_wyres/Riot_wyres/apps/I2HM_wyres/bin/wyres-base/periph_common/gpio.o
LOAD /home/sarah/github/IoT_I2HM_wyres/Riot_wyres/apps/I2HM_wyres/bin/wyres-base/periph_common/i2c.o
LOAD /home/sarah/github/IoT_I2HM_wyres/Riot_wyres/apps/I2HM_wyres/bin/wyres-base/periph_common/init_leds.o
LOAD /home/sarah/github/IoT_I2HM_wyres/Riot_wyres/apps/I2HM_wyres/bin/wyres-base/periph_common/init.o
LOAD /home/sarah/github/IoT_I2HM_wyres/Riot_wyres/apps/I2HM_wyres/bin/wyres-base/periph_common/pm.o
LOAD /home/sarah/github/IoT_I2HM_wyres/Riot_wyres/apps/I2HM_wyres/bin/wyres-base/periph_common/spi.o
LOAD /home/sarah/github/IoT_I2HM_wyres/Riot_wyres/apps/I2HM_wyres/bin/wyres-base/periph_common/timer.o
LOAD /home/sarah/github/IoT_I2HM_wyres/Riot_wyres/apps/I2HM_wyres/bin/wyres-base/periph/eeprom.o
LOAD /home/sarah/github/IoT_I2HM_wyres/Riot_wyres/apps/I2HM_wyres/bin/wyres-base/periph/flash_common.o
LOAD /home/sarah/github/IoT_I2HM_wyres/Riot_wyres/apps/I2HM_wyres/bin/wyres-base/periph/gpio_all.o
LOAD /home/sarah/github/IoT_I2HM_wyres/Riot_wyres/apps/I2HM_wyres/bin/wyres-base/periph/i2c_2.o
LOAD /home/sarah/github/IoT_I2HM_wyres/Riot_wyres/apps/I2HM_wyres/bin/wyres-base/periph/pm.o
LOAD /home/sarah/github/IoT_I2HM_wyres/Riot_wyres/apps/I2HM_wyres/bin/wyres-base/periph/rtc_all.o
LOAD /home/sarah/github/IoT_I2HM_wyres/Riot_wyres/apps/I2HM_wyres/bin/wyres-base/periph/spi.o
LOAD /home/sarah/github/IoT_I2HM_wyres/Riot_wyres/apps/I2HM_wyres/bin/wyres-base/periph/timer.o
LOAD /home/sarah/github/IoT_I2HM_wyres/Riot_wyres/apps/I2HM_wyres/bin/wyres-base/periph/uart.o
LOAD /home/sarah/github/IoT_I2HM_wyres/Riot_wyres/apps/I2HM_wyres/bin/wyres-base/phydat/phydat_json.o
LOAD /home/sarah/github/IoT_I2HM_wyres/Riot_wyres/apps/I2HM_wyres/bin/wyres-base/phydat/phydat.o
LOAD /home/sarah/github/IoT_I2HM_wyres/Riot_wyres/apps/I2HM_wyres/bin/wyres-base/phydat/phydat_str.o
LOAD /home/sarah/github/IoT_I2HM_wyres/Riot_wyres/apps/I2HM_wyres/bin/wyres-base/phydat/phydat_unix.o
LOAD /home/sarah/github/IoT_I2HM_wyres/Riot_wyres/apps/I2HM_wyres/bin/wyres-base/pm_layered/pm.o
LOAD /home/sarah/github/IoT_I2HM_wyres/Riot_wyres/apps/I2HM_wyres/bin/wyres-base/random/musl_lcg.o
LOAD /home/sarah/github/IoT_I2HM_wyres/Riot_wyres/apps/I2HM_wyres/bin/wyres-base/random/random.o
LOAD /home/sarah/github/IoT_I2HM_wyres/Riot_wyres/apps/I2HM_wyres/bin/wyres-base/rtc_utils/rtc_utils.o
LOAD /home/sarah/github/IoT_I2HM_wyres/Riot_wyres/apps/I2HM_wyres/bin/wyres-base/saul_init_devs/auto_init_bme680.o
LOAD /home/sarah/github/IoT_I2HM_wyres/Riot_wyres/apps/I2HM_wyres/bin/wyres-base/saul_init_devs/auto_init_lis2dh12.o
LOAD /home/sarah/github/IoT_I2HM_wyres/Riot_wyres/apps/I2HM_wyres/bin/wyres-base/saul_init_devs/auto_init_lpsxxx.o
LOAD /home/sarah/github/IoT_I2HM_wyres/Riot_wyres/apps/I2HM_wyres/bin/wyres-base/saul_init_devs/init.o
LOAD /home/sarah/github/IoT_I2HM_wyres/Riot_wyres/apps/I2HM_wyres/bin/wyres-base/saul_reg/saul_reg.o
LOAD /home/sarah/github/IoT_I2HM_wyres/Riot_wyres/apps/I2HM_wyres/bin/wyres-base/saul/saul.o
LOAD /home/sarah/github/IoT_I2HM_wyres/Riot_wyres/apps/I2HM_wyres/bin/wyres-base/saul/saul_str.o
LOAD /home/sarah/github/IoT_I2HM_wyres/Riot_wyres/apps/I2HM_wyres/bin/wyres-base/semtech_loramac_arch/utilities.o
LOAD /home/sarah/github/IoT_I2HM_wyres/Riot_wyres/apps/I2HM_wyres/bin/wyres-base/semtech_loramac_contrib/semtech_loramac_getset.o
LOAD /home/sarah/github/IoT_I2HM_wyres/Riot_wyres/apps/I2HM_wyres/bin/wyres-base/semtech_loramac_contrib/semtech_loramac.o
LOAD /home/sarah/github/IoT_I2HM_wyres/Riot_wyres/apps/I2HM_wyres/bin/wyres-base/semtech_loramac_contrib/semtech_loramac_radio.o
LOAD /home/sarah/github/IoT_I2HM_wyres/Riot_wyres/apps/I2HM_wyres/bin/wyres-base/semtech_loramac_contrib/semtech_loramac_timer.o
LOAD /home/sarah/github/IoT_I2HM_wyres/Riot_wyres/apps/I2HM_wyres/bin/wyres-base/semtech_loramac_crypto/cmac.o
LOAD /home/sarah/github/IoT_I2HM_wyres/Riot_wyres/apps/I2HM_wyres/bin/wyres-base/semtech_loramac_mac/LoRaMacCrypto.o
LOAD /home/sarah/github/IoT_I2HM_wyres/Riot_wyres/apps/I2HM_wyres/bin/wyres-base/semtech_loramac_mac/LoRaMac.o
LOAD /home/sarah/github/IoT_I2HM_wyres/Riot_wyres/apps/I2HM_wyres/bin/wyres-base/semtech_loramac_mac_region/RegionAS923.o
LOAD /home/sarah/github/IoT_I2HM_wyres/Riot_wyres/apps/I2HM_wyres/bin/wyres-base/semtech_loramac_mac_region/RegionAU915.o
LOAD /home/sarah/github/IoT_I2HM_wyres/Riot_wyres/apps/I2HM_wyres/bin/wyres-base/semtech_loramac_mac_region/RegionCN470.o
LOAD /home/sarah/github/IoT_I2HM_wyres/Riot_wyres/apps/I2HM_wyres/bin/wyres-base/semtech_loramac_mac_region/RegionCN779.o
LOAD /home/sarah/github/IoT_I2HM_wyres/Riot_wyres/apps/I2HM_wyres/bin/wyres-base/semtech_loramac_mac_region/RegionCommon.o
LOAD /home/sarah/github/IoT_I2HM_wyres/Riot_wyres/apps/I2HM_wyres/bin/wyres-base/semtech_loramac_mac_region/RegionEU433.o
LOAD /home/sarah/github/IoT_I2HM_wyres/Riot_wyres/apps/I2HM_wyres/bin/wyres-base/semtech_loramac_mac_region/RegionEU868.o
LOAD /home/sarah/github/IoT_I2HM_wyres/Riot_wyres/apps/I2HM_wyres/bin/wyres-base/semtech_loramac_mac_region/RegionIN865.o
LOAD /home/sarah/github/IoT_I2HM_wyres/Riot_wyres/apps/I2HM_wyres/bin/wyres-base/semtech_loramac_mac_region/RegionKR920.o
LOAD /home/sarah/github/IoT_I2HM_wyres/Riot_wyres/apps/I2HM_wyres/bin/wyres-base/semtech_loramac_mac_region/Region.o
LOAD /home/sarah/github/IoT_I2HM_wyres/Riot_wyres/apps/I2HM_wyres/bin/wyres-base/semtech_loramac_mac_region/RegionRU864.o
LOAD /home/sarah/github/IoT_I2HM_wyres/Riot_wyres/apps/I2HM_wyres/bin/wyres-base/semtech_loramac_mac_region/RegionUS915-Hybrid.o
LOAD /home/sarah/github/IoT_I2HM_wyres/Riot_wyres/apps/I2HM_wyres/bin/wyres-base/semtech_loramac_mac_region/RegionUS915.o
LOAD /home/sarah/github/IoT_I2HM_wyres/Riot_wyres/apps/I2HM_wyres/bin/wyres-base/sen15901/sen15901.o
LOAD /home/sarah/github/IoT_I2HM_wyres/Riot_wyres/apps/I2HM_wyres/bin/wyres-base/stdio_uart/stdio_uart.o
LOAD /home/sarah/github/IoT_I2HM_wyres/Riot_wyres/apps/I2HM_wyres/bin/wyres-base/stm32_clk/stmclk_common.o
LOAD /home/sarah/github/IoT_I2HM_wyres/Riot_wyres/apps/I2HM_wyres/bin/wyres-base/stm32_clk/stmclk_l0l1.o
LOAD /home/sarah/github/IoT_I2HM_wyres/Riot_wyres/apps/I2HM_wyres/bin/wyres-base/stm32_vectors/STM32L151xC.o
LOAD /home/sarah/github/IoT_I2HM_wyres/Riot_wyres/apps/I2HM_wyres/bin/wyres-base/sx127x/sx127x_getset.o
LOAD /home/sarah/github/IoT_I2HM_wyres/Riot_wyres/apps/I2HM_wyres/bin/wyres-base/sx127x/sx127x_internal.o
LOAD /home/sarah/github/IoT_I2HM_wyres/Riot_wyres/apps/I2HM_wyres/bin/wyres-base/sx127x/sx127x_netdev.o
LOAD /home/sarah/github/IoT_I2HM_wyres/Riot_wyres/apps/I2HM_wyres/bin/wyres-base/sx127x/sx127x.o
LOAD /home/sarah/github/IoT_I2HM_wyres/Riot_wyres/apps/I2HM_wyres/bin/wyres-base/ztimer_core/convert_frac.o
LOAD /home/sarah/github/IoT_I2HM_wyres/Riot_wyres/apps/I2HM_wyres/bin/wyres-base/ztimer_core/convert.o
LOAD /home/sarah/github/IoT_I2HM_wyres/Riot_wyres/apps/I2HM_wyres/bin/wyres-base/ztimer_core/convert_shift.o
LOAD /home/sarah/github/IoT_I2HM_wyres/Riot_wyres/apps/I2HM_wyres/bin/wyres-base/ztimer_core/core.o
LOAD /home/sarah/github/IoT_I2HM_wyres/Riot_wyres/apps/I2HM_wyres/bin/wyres-base/ztimer_core/init.o
LOAD /home/sarah/github/IoT_I2HM_wyres/Riot_wyres/apps/I2HM_wyres/bin/wyres-base/ztimer_core/periodic.o
LOAD /home/sarah/github/IoT_I2HM_wyres/Riot_wyres/apps/I2HM_wyres/bin/wyres-base/ztimer_core/periph_timer.o
LOAD /home/sarah/github/IoT_I2HM_wyres/Riot_wyres/apps/I2HM_wyres/bin/wyres-base/ztimer_core/util.o
LOAD /usr/lib/gcc/arm-none-eabi/9.2.1/../../../arm-none-eabi/lib/thumb/v7-m/nofp/libm.a
LOAD /usr/lib/gcc/arm-none-eabi/9.2.1/thumb/v7-m/nofp/libgcc.a
                0x0000000008000000                _rom_start_addr = 0x8000000
                0x0000000020000000                _ram_start_addr = 0x20000000
                0x0000000000040000                _rom_length = 0x40000
                0x0000000000008000                _ram_length = 0x8000
LOAD /usr/lib/gcc/arm-none-eabi/9.2.1/../../../arm-none-eabi/lib/thumb/v7-m/nofp/libc_nano.a
START GROUP
LOAD /usr/lib/gcc/arm-none-eabi/9.2.1/thumb/v7-m/nofp/libgcc.a
LOAD /usr/lib/gcc/arm-none-eabi/9.2.1/../../../arm-none-eabi/lib/thumb/v7-m/nofp/libc_nano.a
END GROUP
START GROUP
LOAD /usr/lib/gcc/arm-none-eabi/9.2.1/thumb/v7-m/nofp/libgcc.a
LOAD /usr/lib/gcc/arm-none-eabi/9.2.1/../../../arm-none-eabi/lib/thumb/v7-m/nofp/libc_nano.a
END GROUP
                0x0000000000000000                ccmram_length = DEFINED (_ccmram_len)?_ccmram_len:0x0
                0x0000000000000000                sram4_addr = DEFINED (_sram4_length)?0x28000000:0x0
                0x0000000000000000                sram4_length = DEFINED (_sram4_length)?_sram4_length:0x0
                0x0000000000000000                fmc_ram_addr = DEFINED (_fmc_ram_addr)?_fmc_ram_addr:0x0
                0x0000000000000000                fmc_ram_len = DEFINED (_fmc_ram_len)?_fmc_ram_len:0x0

.heap2          0x0000000000000000        0x0
                0x0000000000000000                _sheap2 = ORIGIN (sram4)
                0x0000000000000000                _eheap2 = (ORIGIN (sram4) + LENGTH (sram4))

.heap4          0x0000000000000000        0x0
                0x0000000000000000                _sheap3 = ORIGIN (fmcram)
                0x0000000000000000                _eheap3 = (ORIGIN (fmcram) + LENGTH (fmcram))
                0x0000000000000000                _rom_offset = DEFINED (_rom_offset)?_rom_offset:0x0
                0x0000000000040000                _fw_rom_length = DEFINED (_fw_rom_length)?_fw_rom_length:(_rom_length - _rom_offset)
                0x0000000000000001                ASSERT ((_fw_rom_length <= (_rom_length - _rom_offset)), Specified firmware size does not fit in ROM)
                0x0000000000000000                _backup_ram_start_addr = DEFINED (_backup_ram_start_addr)?_backup_ram_start_addr:0x0
                0x0000000000000000                _backup_ram_len = DEFINED (_backup_ram_len)?_backup_ram_len:0x0

.text           0x0000000008000000    0x121f4
                0x0000000008000000                . = ALIGN (0x4)
                0x0000000008000000                _sfixed = .
                0x0000000008000000                _isr_vectors = DEFINED (_isr_vectors)?_isr_vectors:.
 *(SORT_BY_NAME(.vectors*))
 .vectors.0     0x0000000008000000       0x40 /home/sarah/github/IoT_I2HM_wyres/Riot_wyres/apps/I2HM_wyres/bin/wyres-base/cortexm_common/vectors_cortexm.o
                0x0000000008000000                cortex_vector_base
 .vectors.1     0x0000000008000040       0xe4 /home/sarah/github/IoT_I2HM_wyres/Riot_wyres/apps/I2HM_wyres/bin/wyres-base/stm32_vectors/STM32L151xC.o
                0x0000000008000040                vector_cpu
 *(.text .text.* .gnu.linkonce.t.*)
 .text.initialization_adc
                0x0000000008000124       0x58 /home/sarah/github/IoT_I2HM_wyres/Riot_wyres/apps/I2HM_wyres/bin/wyres-base/application_I2HM_CLIMATE_STATION/main.o
                0x0000000008000124                initialization_adc
 .text.initialization_join_cayenne
                0x000000000800017c       0x54 /home/sarah/github/IoT_I2HM_wyres/Riot_wyres/apps/I2HM_wyres/bin/wyres-base/application_I2HM_CLIMATE_STATION/main.o
                0x000000000800017c                initialization_join_cayenne
 .text.display_luminosity
                0x00000000080001d0       0x3c /home/sarah/github/IoT_I2HM_wyres/Riot_wyres/apps/I2HM_wyres/bin/wyres-base/application_I2HM_CLIMATE_STATION/main.o
                0x00000000080001d0                display_luminosity
 .text.initialization_sen15901
                0x000000000800020c       0x50 /home/sarah/github/IoT_I2HM_wyres/Riot_wyres/apps/I2HM_wyres/bin/wyres-base/application_I2HM_CLIMATE_STATION/main.o
                0x000000000800020c                initialization_sen15901
 *fill*         0x000000000800025c        0x4 
 .text.display_sen15901
                0x0000000008000260      0x110 /home/sarah/github/IoT_I2HM_wyres/Riot_wyres/apps/I2HM_wyres/bin/wyres-base/application_I2HM_CLIMATE_STATION/main.o
                0x0000000008000260                display_sen15901
 .text.startup.main
                0x0000000008000370      0x364 /home/sarah/github/IoT_I2HM_wyres/Riot_wyres/apps/I2HM_wyres/bin/wyres-base/application_I2HM_CLIMATE_STATION/main.o
                0x0000000008000370                main
 .text.auto_init
                0x00000000080006d4       0x24 /home/sarah/github/IoT_I2HM_wyres/Riot_wyres/apps/I2HM_wyres/bin/wyres-base/auto_init/auto_init.o
                0x00000000080006d4                auto_init
 .text.auto_init_loramac
                0x00000000080006f8       0x30 /home/sarah/github/IoT_I2HM_wyres/Riot_wyres/apps/I2HM_wyres/bin/wyres-base/auto_init_loramac/auto_init_loramac.o
                0x00000000080006f8                auto_init_loramac
 .text.bme680_init
                0x0000000008000728       0xa4 /home/sarah/github/IoT_I2HM_wyres/Riot_wyres/apps/I2HM_wyres/bin/wyres-base/bme680/bme680.o
                0x0000000008000728                bme680_init
 .text.bme680_force_measurement
                0x00000000080007cc       0x14 /home/sarah/github/IoT_I2HM_wyres/Riot_wyres/apps/I2HM_wyres/bin/wyres-base/bme680/bme680.o
                0x00000000080007cc                bme680_force_measurement
 .text.bme680_get_duration
                0x00000000080007e0       0x1c /home/sarah/github/IoT_I2HM_wyres/Riot_wyres/apps/I2HM_wyres/bin/wyres-base/bme680/bme680.o
                0x00000000080007e0                bme680_get_duration
 .text.bme680_get_data
                0x00000000080007fc       0x1e /home/sarah/github/IoT_I2HM_wyres/Riot_wyres/apps/I2HM_wyres/bin/wyres-base/bme680/bme680.o
                0x00000000080007fc                bme680_get_data
 *fill*         0x000000000800081a        0x2 
 .text._read    0x000000000800081c       0xb0 /home/sarah/github/IoT_I2HM_wyres/Riot_wyres/apps/I2HM_wyres/bin/wyres-base/bme680/bme680_saul.o
 .text.read_gas
                0x00000000080008cc       0x58 /home/sarah/github/IoT_I2HM_wyres/Riot_wyres/apps/I2HM_wyres/bin/wyres-base/bme680/bme680_saul.o
 .text.read_hum
                0x0000000008000924       0x40 /home/sarah/github/IoT_I2HM_wyres/Riot_wyres/apps/I2HM_wyres/bin/wyres-base/bme680/bme680_saul.o
 .text.read_temp
                0x0000000008000964       0x40 /home/sarah/github/IoT_I2HM_wyres/Riot_wyres/apps/I2HM_wyres/bin/wyres-base/bme680/bme680_saul.o
 .text.read_press
                0x00000000080009a4       0x40 /home/sarah/github/IoT_I2HM_wyres/Riot_wyres/apps/I2HM_wyres/bin/wyres-base/bme680/bme680_saul.o
 .text.board_init
                0x00000000080009e4       0x38 /home/sarah/github/IoT_I2HM_wyres/Riot_wyres/apps/I2HM_wyres/bin/wyres-base/board/board.o
                0x00000000080009e4                board_init
 .text.cayenne_lpp_reset
                0x0000000008000a1c       0x14 /home/sarah/github/IoT_I2HM_wyres/Riot_wyres/apps/I2HM_wyres/bin/wyres-base/cayenne-lpp/cayenne_lpp.o
                0x0000000008000a1c                cayenne_lpp_reset
 .text.cayenne_lpp_add_analog_input
                0x0000000008000a30       0x44 /home/sarah/github/IoT_I2HM_wyres/Riot_wyres/apps/I2HM_wyres/bin/wyres-base/cayenne-lpp/cayenne_lpp.o
                0x0000000008000a30                cayenne_lpp_add_analog_input
 .text.cayenne_lpp_add_luminosity
                0x0000000008000a74       0x2e /home/sarah/github/IoT_I2HM_wyres/Riot_wyres/apps/I2HM_wyres/bin/wyres-base/cayenne-lpp/cayenne_lpp.o
                0x0000000008000a74                cayenne_lpp_add_luminosity
 *fill*         0x0000000008000aa2        0x2 
 .text.cayenne_lpp_add_temperature
                0x0000000008000aa4       0x44 /home/sarah/github/IoT_I2HM_wyres/Riot_wyres/apps/I2HM_wyres/bin/wyres-base/cayenne-lpp/cayenne_lpp.o
                0x0000000008000aa4                cayenne_lpp_add_temperature
 .text.cayenne_lpp_add_relative_humidity
                0x0000000008000ae8       0x36 /home/sarah/github/IoT_I2HM_wyres/Riot_wyres/apps/I2HM_wyres/bin/wyres-base/cayenne-lpp/cayenne_lpp.o
                0x0000000008000ae8                cayenne_lpp_add_relative_humidity
 *fill*         0x0000000008000b1e        0x2 
 .text.cayenne_lpp_add_barometric_pressure
                0x0000000008000b20       0x44 /home/sarah/github/IoT_I2HM_wyres/Riot_wyres/apps/I2HM_wyres/bin/wyres-base/cayenne-lpp/cayenne_lpp.o
                0x0000000008000b20                cayenne_lpp_add_barometric_pressure
 .text._assert_panic
                0x0000000008000b64       0x1c /home/sarah/github/IoT_I2HM_wyres/Riot_wyres/apps/I2HM_wyres/bin/wyres-base/core_lib/assert.o
                0x0000000008000b64                _assert_panic
 .text.main_trampoline
                0x0000000008000b80       0x18 /home/sarah/github/IoT_I2HM_wyres/Riot_wyres/apps/I2HM_wyres/bin/wyres-base/core_lib/init.o
 .text.kernel_init
                0x0000000008000b98       0x34 /home/sarah/github/IoT_I2HM_wyres/Riot_wyres/apps/I2HM_wyres/bin/wyres-base/core_lib/init.o
                0x0000000008000b98                kernel_init
 .text.early_init
                0x0000000008000bcc        0xe /home/sarah/github/IoT_I2HM_wyres/Riot_wyres/apps/I2HM_wyres/bin/wyres-base/core_lib/init.o
                0x0000000008000bcc                early_init
 .text.panic_app
                0x0000000008000bda        0x2 /home/sarah/github/IoT_I2HM_wyres/Riot_wyres/apps/I2HM_wyres/bin/wyres-base/core_lib/panic.o
                0x0000000008000bda                panic_app
 .text.core_panic
                0x0000000008000bdc       0x3c /home/sarah/github/IoT_I2HM_wyres/Riot_wyres/apps/I2HM_wyres/bin/wyres-base/core_lib/panic.o
                0x0000000008000bdc                core_panic
 .text._msg_receive
                0x0000000008000c18       0xe4 /home/sarah/github/IoT_I2HM_wyres/Riot_wyres/apps/I2HM_wyres/bin/wyres-base/core/msg.o
 .text.queue_msg
                0x0000000008000cfc       0x2a /home/sarah/github/IoT_I2HM_wyres/Riot_wyres/apps/I2HM_wyres/bin/wyres-base/core/msg.o
 *fill*         0x0000000008000d26        0x2 
 .text._msg_send_oneway
                0x0000000008000d28       0x44 /home/sarah/github/IoT_I2HM_wyres/Riot_wyres/apps/I2HM_wyres/bin/wyres-base/core/msg.o
 .text._msg_send
                0x0000000008000d6c       0xa4 /home/sarah/github/IoT_I2HM_wyres/Riot_wyres/apps/I2HM_wyres/bin/wyres-base/core/msg.o
 .text.msg_send_to_self
                0x0000000008000e10       0x28 /home/sarah/github/IoT_I2HM_wyres/Riot_wyres/apps/I2HM_wyres/bin/wyres-base/core/msg.o
                0x0000000008000e10                msg_send_to_self
 .text.msg_send_int
                0x0000000008000e38        0x8 /home/sarah/github/IoT_I2HM_wyres/Riot_wyres/apps/I2HM_wyres/bin/wyres-base/core/msg.o
                0x0000000008000e38                msg_send_int
 .text.msg_send
                0x0000000008000e40       0x2c /home/sarah/github/IoT_I2HM_wyres/Riot_wyres/apps/I2HM_wyres/bin/wyres-base/core/msg.o
                0x0000000008000e40                msg_send
 .text.msg_send_receive
                0x0000000008000e6c       0x4c /home/sarah/github/IoT_I2HM_wyres/Riot_wyres/apps/I2HM_wyres/bin/wyres-base/core/msg.o
                0x0000000008000e6c                msg_send_receive
 .text.msg_reply
                0x0000000008000eb8       0x4c /home/sarah/github/IoT_I2HM_wyres/Riot_wyres/apps/I2HM_wyres/bin/wyres-base/core/msg.o
                0x0000000008000eb8                msg_reply
 .text.msg_receive
                0x0000000008000f04        0x6 /home/sarah/github/IoT_I2HM_wyres/Riot_wyres/apps/I2HM_wyres/bin/wyres-base/core/msg.o
                0x0000000008000f04                msg_receive
 *fill*         0x0000000008000f0a        0x2 
 .text.msg_init_queue
                0x0000000008000f0c       0x20 /home/sarah/github/IoT_I2HM_wyres/Riot_wyres/apps/I2HM_wyres/bin/wyres-base/core/msg.o
                0x0000000008000f0c                msg_init_queue
 .text.mutex_lock_internal
                0x0000000008000f2c       0x70 /home/sarah/github/IoT_I2HM_wyres/Riot_wyres/apps/I2HM_wyres/bin/wyres-base/core/mutex.o
                0x0000000008000f2c                mutex_lock_internal
 .text.mutex_unlock
                0x0000000008000f9c       0x44 /home/sarah/github/IoT_I2HM_wyres/Riot_wyres/apps/I2HM_wyres/bin/wyres-base/core/mutex.o
                0x0000000008000f9c                mutex_unlock
 .text._unschedule
                0x0000000008000fe0       0x30 /home/sarah/github/IoT_I2HM_wyres/Riot_wyres/apps/I2HM_wyres/bin/wyres-base/core/sched.o
 .text.sched_run
                0x0000000008001010       0x7c /home/sarah/github/IoT_I2HM_wyres/Riot_wyres/apps/I2HM_wyres/bin/wyres-base/core/sched.o
                0x0000000008001010                sched_run
 .text.sched_set_status
                0x000000000800108c       0x80 /home/sarah/github/IoT_I2HM_wyres/Riot_wyres/apps/I2HM_wyres/bin/wyres-base/core/sched.o
                0x000000000800108c                sched_set_status
 .text.sched_switch
                0x000000000800110c       0x3c /home/sarah/github/IoT_I2HM_wyres/Riot_wyres/apps/I2HM_wyres/bin/wyres-base/core/sched.o
                0x000000000800110c                sched_switch
 .text.sched_task_exit
                0x0000000008001148       0x3c /home/sarah/github/IoT_I2HM_wyres/Riot_wyres/apps/I2HM_wyres/bin/wyres-base/core/sched.o
                0x0000000008001148                sched_task_exit
 .text.thread_getname
                0x0000000008001184       0x1c /home/sarah/github/IoT_I2HM_wyres/Riot_wyres/apps/I2HM_wyres/bin/wyres-base/core/thread.o
                0x0000000008001184                thread_getname
 .text.thread_add_to_list
                0x00000000080011a0       0x26 /home/sarah/github/IoT_I2HM_wyres/Riot_wyres/apps/I2HM_wyres/bin/wyres-base/core/thread.o
                0x00000000080011a0                thread_add_to_list
 *fill*         0x00000000080011c6        0x2 
 .text.thread_create
                0x00000000080011c8       0xe8 /home/sarah/github/IoT_I2HM_wyres/Riot_wyres/apps/I2HM_wyres/bin/wyres-base/core/thread.o
                0x00000000080011c8                thread_create
 .text.cortexm_init
                0x00000000080012b0       0x40 /home/sarah/github/IoT_I2HM_wyres/Riot_wyres/apps/I2HM_wyres/bin/wyres-base/cortexm_common/cortexm_init.o
                0x00000000080012b0                cortexm_init
 .text.mpu_enable
                0x00000000080012f0       0x20 /home/sarah/github/IoT_I2HM_wyres/Riot_wyres/apps/I2HM_wyres/bin/wyres-base/cortexm_common/mpu.o
                0x00000000080012f0                mpu_enable
 .text.mpu_configure
                0x0000000008001310       0x18 /home/sarah/github/IoT_I2HM_wyres/Riot_wyres/apps/I2HM_wyres/bin/wyres-base/cortexm_common/mpu.o
                0x0000000008001310                mpu_configure
 .text.panic_arch
                0x0000000008001328       0x1c /home/sarah/github/IoT_I2HM_wyres/Riot_wyres/apps/I2HM_wyres/bin/wyres-base/cortexm_common/panic.o
                0x0000000008001328                panic_arch
 .text.thread_stack_init
                0x0000000008001344       0x68 /home/sarah/github/IoT_I2HM_wyres/Riot_wyres/apps/I2HM_wyres/bin/wyres-base/cortexm_common/thread_arch.o
                0x0000000008001344                thread_stack_init
 .text.cpu_switch_context_exit
                0x00000000080013ac       0x18 /home/sarah/github/IoT_I2HM_wyres/Riot_wyres/apps/I2HM_wyres/bin/wyres-base/cortexm_common/thread_arch.o
                0x00000000080013ac                cpu_switch_context_exit
 .text.isr_pendsv
                0x00000000080013c4       0x38 /home/sarah/github/IoT_I2HM_wyres/Riot_wyres/apps/I2HM_wyres/bin/wyres-base/cortexm_common/thread_arch.o
                0x00000000080013c4                isr_pendsv
 .text.isr_svc  0x00000000080013fc       0x10 /home/sarah/github/IoT_I2HM_wyres/Riot_wyres/apps/I2HM_wyres/bin/wyres-base/cortexm_common/thread_arch.o
                0x00000000080013fc                isr_svc
 .text.sched_arch_idle
                0x000000000800140c       0x10 /home/sarah/github/IoT_I2HM_wyres/Riot_wyres/apps/I2HM_wyres/bin/wyres-base/cortexm_common/thread_arch.o
                0x000000000800140c                sched_arch_idle
 .text.hard_fault_default
                0x000000000800141c       0x44 /home/sarah/github/IoT_I2HM_wyres/Riot_wyres/apps/I2HM_wyres/bin/wyres-base/cortexm_common/vectors_cortexm.o
                0x000000000800141c                hard_fault_default
 .text.nmi_handler
                0x0000000008001460       0x10 /home/sarah/github/IoT_I2HM_wyres/Riot_wyres/apps/I2HM_wyres/bin/wyres-base/cortexm_common/vectors_cortexm.o
                0x0000000008001460                nmi_handler
 .text.mem_manage_default
                0x0000000008001470       0x10 /home/sarah/github/IoT_I2HM_wyres/Riot_wyres/apps/I2HM_wyres/bin/wyres-base/cortexm_common/vectors_cortexm.o
                0x0000000008001470                mem_manage_default
 .text.bus_fault_default
                0x0000000008001480       0x10 /home/sarah/github/IoT_I2HM_wyres/Riot_wyres/apps/I2HM_wyres/bin/wyres-base/cortexm_common/vectors_cortexm.o
                0x0000000008001480                bus_fault_default
 .text.usage_fault_default
                0x0000000008001490       0x10 /home/sarah/github/IoT_I2HM_wyres/Riot_wyres/apps/I2HM_wyres/bin/wyres-base/cortexm_common/vectors_cortexm.o
                0x0000000008001490                usage_fault_default
 .text.debug_mon_default
                0x00000000080014a0       0x10 /home/sarah/github/IoT_I2HM_wyres/Riot_wyres/apps/I2HM_wyres/bin/wyres-base/cortexm_common/vectors_cortexm.o
                0x00000000080014a0                debug_mon_default
 .text.dummy_handler_default
                0x00000000080014b0       0x10 /home/sarah/github/IoT_I2HM_wyres/Riot_wyres/apps/I2HM_wyres/bin/wyres-base/cortexm_common/vectors_cortexm.o
                0x00000000080014b0                dummy_handler_default
                0x00000000080014b0                isr_systick
 .text.pre_startup
                0x00000000080014c0        0x2 /home/sarah/github/IoT_I2HM_wyres/Riot_wyres/apps/I2HM_wyres/bin/wyres-base/cortexm_common/vectors_cortexm.o
                0x00000000080014c0                pre_startup
 .text.post_startup
                0x00000000080014c2        0x2 /home/sarah/github/IoT_I2HM_wyres/Riot_wyres/apps/I2HM_wyres/bin/wyres-base/cortexm_common/vectors_cortexm.o
                0x00000000080014c2                post_startup
 .text.reset_handler_default
                0x00000000080014c4       0x8c /home/sarah/github/IoT_I2HM_wyres/Riot_wyres/apps/I2HM_wyres/bin/wyres-base/cortexm_common/vectors_cortexm.o
                0x00000000080014c4                reset_handler_default
 .text.hard_fault_handler
                0x0000000008001550      0x1bc /home/sarah/github/IoT_I2HM_wyres/Riot_wyres/apps/I2HM_wyres/bin/wyres-base/cortexm_common/vectors_cortexm.o
                0x0000000008001550                hard_fault_handler
 .text.periph_apb_clk
                0x000000000800170c        0x8 /home/sarah/github/IoT_I2HM_wyres/Riot_wyres/apps/I2HM_wyres/bin/wyres-base/cpu/cpu_common.o
                0x000000000800170c                periph_apb_clk
 .text.periph_timer_clk
                0x0000000008001714       0x14 /home/sarah/github/IoT_I2HM_wyres/Riot_wyres/apps/I2HM_wyres/bin/wyres-base/cpu/cpu_common.o
                0x0000000008001714                periph_timer_clk
 .text.periph_clk_en
                0x0000000008001728       0x30 /home/sarah/github/IoT_I2HM_wyres/Riot_wyres/apps/I2HM_wyres/bin/wyres-base/cpu/cpu_common.o
                0x0000000008001728                periph_clk_en
 .text.periph_clk_dis
                0x0000000008001758       0x34 /home/sarah/github/IoT_I2HM_wyres/Riot_wyres/apps/I2HM_wyres/bin/wyres-base/cpu/cpu_common.o
                0x0000000008001758                periph_clk_dis
 .text.cpu_init
                0x000000000800178c       0x68 /home/sarah/github/IoT_I2HM_wyres/Riot_wyres/apps/I2HM_wyres/bin/wyres-base/cpu/cpu_init.o
                0x000000000800178c                cpu_init
 .text.aes_init
                0x00000000080017f4       0x22 /home/sarah/github/IoT_I2HM_wyres/Riot_wyres/apps/I2HM_wyres/bin/wyres-base/crypto/aes.o
                0x00000000080017f4                aes_init
 *fill*         0x0000000008001816        0x2 
 .text.aes_set_encrypt_key.constprop.0
                0x0000000008001818       0xf0 /home/sarah/github/IoT_I2HM_wyres/Riot_wyres/apps/I2HM_wyres/bin/wyres-base/crypto/aes.o
 .text.aes_encrypt
                0x0000000008001908      0x358 /home/sarah/github/IoT_I2HM_wyres/Riot_wyres/apps/I2HM_wyres/bin/wyres-base/crypto/aes.o
                0x0000000008001908                aes_encrypt
 .text.null_ptr_check
                0x0000000008001c60       0x1c /home/sarah/github/IoT_I2HM_wyres/Riot_wyres/apps/I2HM_wyres/bin/wyres-base/driver_bme680/bme680_internal.o
 .text.set_mem_page
                0x0000000008001c7c       0x68 /home/sarah/github/IoT_I2HM_wyres/Riot_wyres/apps/I2HM_wyres/bin/wyres-base/driver_bme680/bme680_internal.o
 .text.get_mem_page.part.0
                0x0000000008001ce4       0x2c /home/sarah/github/IoT_I2HM_wyres/Riot_wyres/apps/I2HM_wyres/bin/wyres-base/driver_bme680/bme680_internal.o
 .text.boundary_check.isra.0.constprop.0
                0x0000000008001d10       0x18 /home/sarah/github/IoT_I2HM_wyres/Riot_wyres/apps/I2HM_wyres/bin/wyres-base/driver_bme680/bme680_internal.o
 .text.bme680_get_regs
                0x0000000008001d28       0x48 /home/sarah/github/IoT_I2HM_wyres/Riot_wyres/apps/I2HM_wyres/bin/wyres-base/driver_bme680/bme680_internal.o
                0x0000000008001d28                bme680_get_regs
 .text.bme680_set_regs
                0x0000000008001d70       0x8a /home/sarah/github/IoT_I2HM_wyres/Riot_wyres/apps/I2HM_wyres/bin/wyres-base/driver_bme680/bme680_internal.o
                0x0000000008001d70                bme680_set_regs
 .text.bme680_soft_reset
                0x0000000008001dfa       0x66 /home/sarah/github/IoT_I2HM_wyres/Riot_wyres/apps/I2HM_wyres/bin/wyres-base/driver_bme680/bme680_internal.o
                0x0000000008001dfa                bme680_soft_reset
 .text.bme680_init_internal
                0x0000000008001e60      0x1b0 /home/sarah/github/IoT_I2HM_wyres/Riot_wyres/apps/I2HM_wyres/bin/wyres-base/driver_bme680/bme680_internal.o
                0x0000000008001e60                bme680_init_internal
 .text.bme680_set_sensor_mode
                0x0000000008002010       0x7e /home/sarah/github/IoT_I2HM_wyres/Riot_wyres/apps/I2HM_wyres/bin/wyres-base/driver_bme680/bme680_internal.o
                0x0000000008002010                bme680_set_sensor_mode
 .text.bme680_set_sensor_settings
                0x000000000800208e      0x2f0 /home/sarah/github/IoT_I2HM_wyres/Riot_wyres/apps/I2HM_wyres/bin/wyres-base/driver_bme680/bme680_internal.o
                0x000000000800208e                bme680_set_sensor_settings
 *fill*         0x000000000800237e        0x2 
 .text.bme680_get_profile_dur
                0x0000000008002380       0x68 /home/sarah/github/IoT_I2HM_wyres/Riot_wyres/apps/I2HM_wyres/bin/wyres-base/driver_bme680/bme680_internal.o
                0x0000000008002380                bme680_get_profile_dur
 .text.bme680_get_sensor_data
                0x00000000080023e8      0x36c /home/sarah/github/IoT_I2HM_wyres/Riot_wyres/apps/I2HM_wyres/bin/wyres-base/driver_bme680/bme680_internal.o
                0x00000000080023e8                bme680_get_sensor_data
 .text.bme680_ms_sleep
                0x0000000008002754       0x10 /home/sarah/github/IoT_I2HM_wyres/Riot_wyres/apps/I2HM_wyres/bin/wyres-base/driver_bme680_contrib/bme680_hal.o
                0x0000000008002754                bme680_ms_sleep
 .text.bme680_i2c_read_hal
                0x0000000008002764       0x4c /home/sarah/github/IoT_I2HM_wyres/Riot_wyres/apps/I2HM_wyres/bin/wyres-base/driver_bme680_contrib/bme680_hal.o
                0x0000000008002764                bme680_i2c_read_hal
 .text.bme680_i2c_write_hal
                0x00000000080027b0       0x4c /home/sarah/github/IoT_I2HM_wyres/Riot_wyres/apps/I2HM_wyres/bin/wyres-base/driver_bme680_contrib/bme680_hal.o
                0x00000000080027b0                bme680_i2c_write_hal
 .text.fmt_u32_dec
                0x00000000080027fc       0x40 /home/sarah/github/IoT_I2HM_wyres/Riot_wyres/apps/I2HM_wyres/bin/wyres-base/fmt/fmt.o
                0x00000000080027fc                fmt_u32_dec
 .text.fmt_s32_dec
                0x000000000800283c       0x1e /home/sarah/github/IoT_I2HM_wyres/Riot_wyres/apps/I2HM_wyres/bin/wyres-base/fmt/fmt.o
                0x000000000800283c                fmt_s32_dec
 .text.fmt_s32_dfp
                0x000000000800285a       0x98 /home/sarah/github/IoT_I2HM_wyres/Riot_wyres/apps/I2HM_wyres/bin/wyres-base/fmt/fmt.o
                0x000000000800285a                fmt_s32_dfp
 .text.fmt_s16_dfp
                0x00000000080028f2        0x4 /home/sarah/github/IoT_I2HM_wyres/Riot_wyres/apps/I2HM_wyres/bin/wyres-base/fmt/fmt.o
                0x00000000080028f2                fmt_s16_dfp
 .text.gcd32    0x00000000080028f6       0x40 /home/sarah/github/IoT_I2HM_wyres/Riot_wyres/apps/I2HM_wyres/bin/wyres-base/frac/frac.o
                0x00000000080028f6                gcd32
 .text.frac_init
                0x0000000008002936       0xac /home/sarah/github/IoT_I2HM_wyres/Riot_wyres/apps/I2HM_wyres/bin/wyres-base/frac/frac.o
                0x0000000008002936                frac_init
 .text.iolist_size
                0x00000000080029e2       0x10 /home/sarah/github/IoT_I2HM_wyres/Riot_wyres/apps/I2HM_wyres/bin/wyres-base/iolist/iolist.o
                0x00000000080029e2                iolist_size
 .text._acquire.isra.0
                0x00000000080029f2        0xc /home/sarah/github/IoT_I2HM_wyres/Riot_wyres/apps/I2HM_wyres/bin/wyres-base/lis2dh12/lis2dh12.o
 .text._read.isra.0
                0x00000000080029fe       0x1e /home/sarah/github/IoT_I2HM_wyres/Riot_wyres/apps/I2HM_wyres/bin/wyres-base/lis2dh12/lis2dh12.o
 .text._write.isra.0
                0x0000000008002a1c       0x18 /home/sarah/github/IoT_I2HM_wyres/Riot_wyres/apps/I2HM_wyres/bin/wyres-base/lis2dh12/lis2dh12.o
 .text._release.isra.0
                0x0000000008002a34        0x6 /home/sarah/github/IoT_I2HM_wyres/Riot_wyres/apps/I2HM_wyres/bin/wyres-base/lis2dh12/lis2dh12.o
 .text._get_fifo_data
                0x0000000008002a3a       0x3a /home/sarah/github/IoT_I2HM_wyres/Riot_wyres/apps/I2HM_wyres/bin/wyres-base/lis2dh12/lis2dh12.o
 .text.lis2dh12_read
                0x0000000008002a74       0x52 /home/sarah/github/IoT_I2HM_wyres/Riot_wyres/apps/I2HM_wyres/bin/wyres-base/lis2dh12/lis2dh12.o
                0x0000000008002a74                lis2dh12_read
 .text.lis2dh12_clear_data
                0x0000000008002ac6       0x24 /home/sarah/github/IoT_I2HM_wyres/Riot_wyres/apps/I2HM_wyres/bin/wyres-base/lis2dh12/lis2dh12.o
                0x0000000008002ac6                lis2dh12_clear_data
 *fill*         0x0000000008002aea        0x2 
 .text.lis2dh12_read_temperature
                0x0000000008002aec       0x88 /home/sarah/github/IoT_I2HM_wyres/Riot_wyres/apps/I2HM_wyres/bin/wyres-base/lis2dh12/lis2dh12.o
                0x0000000008002aec                lis2dh12_read_temperature
 .text.lis2dh12_set_resolution
                0x0000000008002b74       0x74 /home/sarah/github/IoT_I2HM_wyres/Riot_wyres/apps/I2HM_wyres/bin/wyres-base/lis2dh12/lis2dh12.o
                0x0000000008002b74                lis2dh12_set_resolution
 .text.lis2dh12_set_scale
                0x0000000008002be8       0x36 /home/sarah/github/IoT_I2HM_wyres/Riot_wyres/apps/I2HM_wyres/bin/wyres-base/lis2dh12/lis2dh12.o
                0x0000000008002be8                lis2dh12_set_scale
 .text.lis2dh12_init
                0x0000000008002c1e       0x8a /home/sarah/github/IoT_I2HM_wyres/Riot_wyres/apps/I2HM_wyres/bin/wyres-base/lis2dh12/lis2dh12.o
                0x0000000008002c1e                lis2dh12_init
 .text.read_accelerometer
                0x0000000008002ca8       0x18 /home/sarah/github/IoT_I2HM_wyres/Riot_wyres/apps/I2HM_wyres/bin/wyres-base/lis2dh12/lis2dh12_saul.o
 .text.read_temperature
                0x0000000008002cc0       0x1a /home/sarah/github/IoT_I2HM_wyres/Riot_wyres/apps/I2HM_wyres/bin/wyres-base/lis2dh12/lis2dh12_saul.o
 *fill*         0x0000000008002cda        0x2 
 .text.printf_ba
                0x0000000008002cdc       0x44 /home/sarah/github/IoT_I2HM_wyres/Riot_wyres/apps/I2HM_wyres/bin/wyres-base/loramac_utils/loramac_utils.o
                0x0000000008002cdc                printf_ba
 .text.loramac_utils_join_retry_loop
                0x0000000008002d20      0x244 /home/sarah/github/IoT_I2HM_wyres/Riot_wyres/apps/I2HM_wyres/bin/wyres-base/loramac_utils/loramac_utils.o
                0x0000000008002d20                loramac_utils_join_retry_loop
 .text.loramac_utils_get_lorawan_network
                0x0000000008002f64       0x2c /home/sarah/github/IoT_I2HM_wyres/Riot_wyres/apps/I2HM_wyres/bin/wyres-base/loramac_utils/lorawan_network.o
                0x0000000008002f64                loramac_utils_get_lorawan_network
 .text.lpsxxx_init
                0x0000000008002f90       0xa0 /home/sarah/github/IoT_I2HM_wyres/Riot_wyres/apps/I2HM_wyres/bin/wyres-base/lpsxxx/lpsxxx.o
                0x0000000008002f90                lpsxxx_init
 .text.lpsxxx_read_temp
                0x0000000008003030       0x78 /home/sarah/github/IoT_I2HM_wyres/Riot_wyres/apps/I2HM_wyres/bin/wyres-base/lpsxxx/lpsxxx.o
                0x0000000008003030                lpsxxx_read_temp
 .text.lpsxxx_read_pres
                0x00000000080030a8       0x8a /home/sarah/github/IoT_I2HM_wyres/Riot_wyres/apps/I2HM_wyres/bin/wyres-base/lpsxxx/lpsxxx.o
                0x00000000080030a8                lpsxxx_read_pres
 .text.read_pres
                0x0000000008003132       0x1a /home/sarah/github/IoT_I2HM_wyres/Riot_wyres/apps/I2HM_wyres/bin/wyres-base/lpsxxx/lpsxxx_saul.o
 .text.read_temp
                0x000000000800314c       0x1a /home/sarah/github/IoT_I2HM_wyres/Riot_wyres/apps/I2HM_wyres/bin/wyres-base/lpsxxx/lpsxxx_saul.o
 .text.luid_base
                0x0000000008003166       0x62 /home/sarah/github/IoT_I2HM_wyres/Riot_wyres/apps/I2HM_wyres/bin/wyres-base/luid/luid.o
                0x0000000008003166                luid_base
 .text.luid_get
                0x00000000080031c8       0x1c /home/sarah/github/IoT_I2HM_wyres/Riot_wyres/apps/I2HM_wyres/bin/wyres-base/luid/luid.o
                0x00000000080031c8                luid_get
 .text.__wrap_malloc
                0x00000000080031e4       0x30 /home/sarah/github/IoT_I2HM_wyres/Riot_wyres/apps/I2HM_wyres/bin/wyres-base/malloc_thread_safe/malloc_wrappers.o
                0x00000000080031e4                __wrap_malloc
 .text._init    0x0000000008003214        0x2 /home/sarah/github/IoT_I2HM_wyres/Riot_wyres/apps/I2HM_wyres/bin/wyres-base/newlib_syscalls_default/syscalls.o
                0x0000000008003214                _init
 .text._fini    0x0000000008003216        0x2 /home/sarah/github/IoT_I2HM_wyres/Riot_wyres/apps/I2HM_wyres/bin/wyres-base/newlib_syscalls_default/syscalls.o
                0x0000000008003216                _fini
 .text._exit    0x0000000008003218       0x14 /home/sarah/github/IoT_I2HM_wyres/Riot_wyres/apps/I2HM_wyres/bin/wyres-base/newlib_syscalls_default/syscalls.o
                0x0000000008003218                _exit
 .text._sbrk_r  0x000000000800322c       0x40 /home/sarah/github/IoT_I2HM_wyres/Riot_wyres/apps/I2HM_wyres/bin/wyres-base/newlib_syscalls_default/syscalls.o
                0x000000000800322c                _sbrk_r
 .text._getpid_r
                0x000000000800326c        0xc /home/sarah/github/IoT_I2HM_wyres/Riot_wyres/apps/I2HM_wyres/bin/wyres-base/newlib_syscalls_default/syscalls.o
                0x000000000800326c                _getpid_r
 .text._kill_r  0x0000000008003278        0xa /home/sarah/github/IoT_I2HM_wyres/Riot_wyres/apps/I2HM_wyres/bin/wyres-base/newlib_syscalls_default/syscalls.o
                0x0000000008003278                _kill_r
 .text._read_r  0x0000000008003282        0x8 /home/sarah/github/IoT_I2HM_wyres/Riot_wyres/apps/I2HM_wyres/bin/wyres-base/newlib_syscalls_default/syscalls.o
                0x0000000008003282                _read_r
 .text._write_r
                0x000000000800328a        0x8 /home/sarah/github/IoT_I2HM_wyres/Riot_wyres/apps/I2HM_wyres/bin/wyres-base/newlib_syscalls_default/syscalls.o
                0x000000000800328a                _write_r
 .text._close_r
                0x0000000008003292        0xa /home/sarah/github/IoT_I2HM_wyres/Riot_wyres/apps/I2HM_wyres/bin/wyres-base/newlib_syscalls_default/syscalls.o
                0x0000000008003292                _close_r
 .text._lseek_r
                0x000000000800329c        0xa /home/sarah/github/IoT_I2HM_wyres/Riot_wyres/apps/I2HM_wyres/bin/wyres-base/newlib_syscalls_default/syscalls.o
                0x000000000800329c                _lseek_r
 .text._fstat_r
                0x00000000080032a6        0xa /home/sarah/github/IoT_I2HM_wyres/Riot_wyres/apps/I2HM_wyres/bin/wyres-base/newlib_syscalls_default/syscalls.o
                0x00000000080032a6                _fstat_r
 .text._isatty_r
                0x00000000080032b0        0xe /home/sarah/github/IoT_I2HM_wyres/Riot_wyres/apps/I2HM_wyres/bin/wyres-base/newlib_syscalls_default/syscalls.o
                0x00000000080032b0                _isatty_r
 *fill*         0x00000000080032be        0x2 
 .text.adc_set_sample_time
                0x00000000080032c0       0x20 /home/sarah/github/IoT_I2HM_wyres/Riot_wyres/apps/I2HM_wyres/bin/wyres-base/periph/adc_l1.o
 .text.prep     0x00000000080032e0       0x34 /home/sarah/github/IoT_I2HM_wyres/Riot_wyres/apps/I2HM_wyres/bin/wyres-base/periph/adc_l1.o
 .text.adc_init
                0x0000000008003314       0x9c /home/sarah/github/IoT_I2HM_wyres/Riot_wyres/apps/I2HM_wyres/bin/wyres-base/periph/adc_l1.o
                0x0000000008003314                adc_init
 .text.adc_sample
                0x00000000080033b0       0x78 /home/sarah/github/IoT_I2HM_wyres/Riot_wyres/apps/I2HM_wyres/bin/wyres-base/periph/adc_l1.o
                0x00000000080033b0                adc_sample
 .text.cpuid_get
                0x0000000008003428       0x14 /home/sarah/github/IoT_I2HM_wyres/Riot_wyres/apps/I2HM_wyres/bin/wyres-base/periph_common/cpuid.o
                0x0000000008003428                cpuid_get
 .text.eeprom_read_byte
                0x000000000800343c       0x16 /home/sarah/github/IoT_I2HM_wyres/Riot_wyres/apps/I2HM_wyres/bin/wyres-base/periph_common/eeprom.o
                0x000000000800343c                eeprom_read_byte
 .text.i2c_read_regs
                0x0000000008003452       0x56 /home/sarah/github/IoT_I2HM_wyres/Riot_wyres/apps/I2HM_wyres/bin/wyres-base/periph_common/i2c.o
                0x0000000008003452                i2c_read_regs
 .text.i2c_read_reg
                0x00000000080034a8       0x14 /home/sarah/github/IoT_I2HM_wyres/Riot_wyres/apps/I2HM_wyres/bin/wyres-base/periph_common/i2c.o
                0x00000000080034a8                i2c_read_reg
 .text.i2c_write_regs
                0x00000000080034bc       0x5a /home/sarah/github/IoT_I2HM_wyres/Riot_wyres/apps/I2HM_wyres/bin/wyres-base/periph_common/i2c.o
                0x00000000080034bc                i2c_write_regs
 .text.i2c_write_reg
                0x0000000008003516       0x1e /home/sarah/github/IoT_I2HM_wyres/Riot_wyres/apps/I2HM_wyres/bin/wyres-base/periph_common/i2c.o
                0x0000000008003516                i2c_write_reg
 .text.led_init
                0x0000000008003534        0x2 /home/sarah/github/IoT_I2HM_wyres/Riot_wyres/apps/I2HM_wyres/bin/wyres-base/periph_common/init_leds.o
                0x0000000008003534                led_init
 .text.periph_init
                0x0000000008003536       0x16 /home/sarah/github/IoT_I2HM_wyres/Riot_wyres/apps/I2HM_wyres/bin/wyres-base/periph_common/init.o
                0x0000000008003536                periph_init
 .text.spi_transfer_regs
                0x000000000800354c       0x36 /home/sarah/github/IoT_I2HM_wyres/Riot_wyres/apps/I2HM_wyres/bin/wyres-base/periph_common/spi.o
                0x000000000800354c                spi_transfer_regs
 .text.eeprom_read
                0x0000000008003582       0x32 /home/sarah/github/IoT_I2HM_wyres/Riot_wyres/apps/I2HM_wyres/bin/wyres-base/periph/eeprom.o
                0x0000000008003582                eeprom_read
 .text.eeprom_write
                0x00000000080035b4       0x40 /home/sarah/github/IoT_I2HM_wyres/Riot_wyres/apps/I2HM_wyres/bin/wyres-base/periph/eeprom.o
                0x00000000080035b4                eeprom_write
 .text._unlock  0x00000000080035f4       0x20 /home/sarah/github/IoT_I2HM_wyres/Riot_wyres/apps/I2HM_wyres/bin/wyres-base/periph/flash_common.o
                0x00000000080035f4                _unlock
 .text._lock    0x0000000008003614       0x18 /home/sarah/github/IoT_I2HM_wyres/Riot_wyres/apps/I2HM_wyres/bin/wyres-base/periph/flash_common.o
                0x0000000008003614                _lock
 .text._wait_for_pending_operations
                0x000000000800362c       0x18 /home/sarah/github/IoT_I2HM_wyres/Riot_wyres/apps/I2HM_wyres/bin/wyres-base/periph/flash_common.o
                0x000000000800362c                _wait_for_pending_operations
 .text.gpio_init
                0x0000000008003644       0x68 /home/sarah/github/IoT_I2HM_wyres/Riot_wyres/apps/I2HM_wyres/bin/wyres-base/periph/gpio_all.o
                0x0000000008003644                gpio_init
 .text.gpio_init_af
                0x00000000080036ac       0x58 /home/sarah/github/IoT_I2HM_wyres/Riot_wyres/apps/I2HM_wyres/bin/wyres-base/periph/gpio_all.o
                0x00000000080036ac                gpio_init_af
 .text.gpio_init_analog
                0x0000000008003704       0x30 /home/sarah/github/IoT_I2HM_wyres/Riot_wyres/apps/I2HM_wyres/bin/wyres-base/periph/gpio_all.o
                0x0000000008003704                gpio_init_analog
 .text.gpio_irq_enable
                0x0000000008003734       0x18 /home/sarah/github/IoT_I2HM_wyres/Riot_wyres/apps/I2HM_wyres/bin/wyres-base/periph/gpio_all.o
                0x0000000008003734                gpio_irq_enable
 .text.gpio_read
                0x000000000800374c       0x14 /home/sarah/github/IoT_I2HM_wyres/Riot_wyres/apps/I2HM_wyres/bin/wyres-base/periph/gpio_all.o
                0x000000000800374c                gpio_read
 .text.gpio_set
                0x0000000008003760       0x12 /home/sarah/github/IoT_I2HM_wyres/Riot_wyres/apps/I2HM_wyres/bin/wyres-base/periph/gpio_all.o
                0x0000000008003760                gpio_set
 .text.gpio_clear
                0x0000000008003772       0x14 /home/sarah/github/IoT_I2HM_wyres/Riot_wyres/apps/I2HM_wyres/bin/wyres-base/periph/gpio_all.o
                0x0000000008003772                gpio_clear
 .text.gpio_write
                0x0000000008003786        0xa /home/sarah/github/IoT_I2HM_wyres/Riot_wyres/apps/I2HM_wyres/bin/wyres-base/periph/gpio_all.o
                0x0000000008003786                gpio_write
 .text.gpio_init_int
                0x0000000008003790       0xc0 /home/sarah/github/IoT_I2HM_wyres/Riot_wyres/apps/I2HM_wyres/bin/wyres-base/periph/gpio_all.o
                0x0000000008003790                gpio_init_int
 .text.isr_exti
                0x0000000008003850       0x58 /home/sarah/github/IoT_I2HM_wyres/Riot_wyres/apps/I2HM_wyres/bin/wyres-base/periph/gpio_all.o
                0x0000000008003850                isr_exti
 .text._wait_for_bus
                0x00000000080038a8       0x24 /home/sarah/github/IoT_I2HM_wyres/Riot_wyres/apps/I2HM_wyres/bin/wyres-base/periph/i2c_2.o
 .text._stop    0x00000000080038cc       0x3c /home/sarah/github/IoT_I2HM_wyres/Riot_wyres/apps/I2HM_wyres/bin/wyres-base/periph/i2c_2.o
 .text._disable_periph
                0x0000000008003908       0x28 /home/sarah/github/IoT_I2HM_wyres/Riot_wyres/apps/I2HM_wyres/bin/wyres-base/periph/i2c_2.o
 .text._init    0x0000000008003930       0xc8 /home/sarah/github/IoT_I2HM_wyres/Riot_wyres/apps/I2HM_wyres/bin/wyres-base/periph/i2c_2.o
 .text._is_sr1_mask_set
                0x00000000080039f8       0x66 /home/sarah/github/IoT_I2HM_wyres/Riot_wyres/apps/I2HM_wyres/bin/wyres-base/periph/i2c_2.o
 .text._i2c_start
                0x0000000008003a5e       0x8c /home/sarah/github/IoT_I2HM_wyres/Riot_wyres/apps/I2HM_wyres/bin/wyres-base/periph/i2c_2.o
 *fill*         0x0000000008003aea        0x2 
 .text.i2c_init
                0x0000000008003aec       0x3c /home/sarah/github/IoT_I2HM_wyres/Riot_wyres/apps/I2HM_wyres/bin/wyres-base/periph/i2c_2.o
                0x0000000008003aec                i2c_init
 .text.i2c_acquire
                0x0000000008003b28       0x38 /home/sarah/github/IoT_I2HM_wyres/Riot_wyres/apps/I2HM_wyres/bin/wyres-base/periph/i2c_2.o
                0x0000000008003b28                i2c_acquire
 .text.i2c_release
                0x0000000008003b60       0x20 /home/sarah/github/IoT_I2HM_wyres/Riot_wyres/apps/I2HM_wyres/bin/wyres-base/periph/i2c_2.o
                0x0000000008003b60                i2c_release
 .text.i2c_read_bytes
                0x0000000008003b80       0xd4 /home/sarah/github/IoT_I2HM_wyres/Riot_wyres/apps/I2HM_wyres/bin/wyres-base/periph/i2c_2.o
                0x0000000008003b80                i2c_read_bytes
 .text.i2c_write_bytes
                0x0000000008003c54       0x88 /home/sarah/github/IoT_I2HM_wyres/Riot_wyres/apps/I2HM_wyres/bin/wyres-base/periph/i2c_2.o
                0x0000000008003c54                i2c_write_bytes
 .text.pm_set   0x0000000008003cdc       0x80 /home/sarah/github/IoT_I2HM_wyres/Riot_wyres/apps/I2HM_wyres/bin/wyres-base/periph/pm.o
                0x0000000008003cdc                pm_set
 .text.rtc_unlock
                0x0000000008003d5c       0x24 /home/sarah/github/IoT_I2HM_wyres/Riot_wyres/apps/I2HM_wyres/bin/wyres-base/periph/rtc_all.o
                0x0000000008003d5c                rtc_unlock
 .text.rtc_lock
                0x0000000008003d80       0x1c /home/sarah/github/IoT_I2HM_wyres/Riot_wyres/apps/I2HM_wyres/bin/wyres-base/periph/rtc_all.o
                0x0000000008003d80                rtc_lock
 .text.rtc_init
                0x0000000008003d9c       0x98 /home/sarah/github/IoT_I2HM_wyres/Riot_wyres/apps/I2HM_wyres/bin/wyres-base/periph/rtc_all.o
                0x0000000008003d9c                rtc_init
 .text.isr_rtc_alarm
                0x0000000008003e34       0x4c /home/sarah/github/IoT_I2HM_wyres/Riot_wyres/apps/I2HM_wyres/bin/wyres-base/periph/rtc_all.o
                0x0000000008003e34                isr_rtc_alarm
 .text.spi_init_pins
                0x0000000008003e80       0x5c /home/sarah/github/IoT_I2HM_wyres/Riot_wyres/apps/I2HM_wyres/bin/wyres-base/periph/spi.o
                0x0000000008003e80                spi_init_pins
 .text.spi_init
                0x0000000008003edc       0x3c /home/sarah/github/IoT_I2HM_wyres/Riot_wyres/apps/I2HM_wyres/bin/wyres-base/periph/spi.o
                0x0000000008003edc                spi_init
 .text.spi_init_cs
                0x0000000008003f18       0x54 /home/sarah/github/IoT_I2HM_wyres/Riot_wyres/apps/I2HM_wyres/bin/wyres-base/periph/spi.o
                0x0000000008003f18                spi_init_cs
 .text.spi_init_with_gpio_mode
                0x0000000008003f6c       0x50 /home/sarah/github/IoT_I2HM_wyres/Riot_wyres/apps/I2HM_wyres/bin/wyres-base/periph/spi.o
                0x0000000008003f6c                spi_init_with_gpio_mode
 .text.spi_acquire
                0x0000000008003fbc       0x88 /home/sarah/github/IoT_I2HM_wyres/Riot_wyres/apps/I2HM_wyres/bin/wyres-base/periph/spi.o
                0x0000000008003fbc                spi_acquire
 .text.spi_release
                0x0000000008004044       0x38 /home/sarah/github/IoT_I2HM_wyres/Riot_wyres/apps/I2HM_wyres/bin/wyres-base/periph/spi.o
                0x0000000008004044                spi_release
 .text.spi_transfer_bytes
                0x000000000800407c       0xe4 /home/sarah/github/IoT_I2HM_wyres/Riot_wyres/apps/I2HM_wyres/bin/wyres-base/periph/spi.o
                0x000000000800407c                spi_transfer_bytes
 .text.timer_set
                0x0000000008004160       0x64 /home/sarah/github/IoT_I2HM_wyres/Riot_wyres/apps/I2HM_wyres/bin/wyres-base/periph/timer.o
                0x0000000008004160                timer_set
 .text.timer_clear
                0x00000000080041c4       0x40 /home/sarah/github/IoT_I2HM_wyres/Riot_wyres/apps/I2HM_wyres/bin/wyres-base/periph/timer.o
                0x00000000080041c4                timer_clear
 .text.timer_read
                0x0000000008004204       0x10 /home/sarah/github/IoT_I2HM_wyres/Riot_wyres/apps/I2HM_wyres/bin/wyres-base/periph/timer.o
                0x0000000008004204                timer_read
 .text.timer_start
                0x0000000008004214       0x20 /home/sarah/github/IoT_I2HM_wyres/Riot_wyres/apps/I2HM_wyres/bin/wyres-base/periph/timer.o
                0x0000000008004214                timer_start
 .text.timer_init
                0x0000000008004234       0x58 /home/sarah/github/IoT_I2HM_wyres/Riot_wyres/apps/I2HM_wyres/bin/wyres-base/periph/timer.o
                0x0000000008004234                timer_init
 .text.isr_tim3
                0x000000000800428c       0x78 /home/sarah/github/IoT_I2HM_wyres/Riot_wyres/apps/I2HM_wyres/bin/wyres-base/periph/timer.o
                0x000000000800428c                isr_tim3
 .text.uart_enable_clock
                0x0000000008004304       0x30 /home/sarah/github/IoT_I2HM_wyres/Riot_wyres/apps/I2HM_wyres/bin/wyres-base/periph/uart.o
 .text.uart_init
                0x0000000008004334       0x78 /home/sarah/github/IoT_I2HM_wyres/Riot_wyres/apps/I2HM_wyres/bin/wyres-base/periph/uart.o
                0x0000000008004334                uart_init
 .text.uart_write
                0x00000000080043ac       0x30 /home/sarah/github/IoT_I2HM_wyres/Riot_wyres/apps/I2HM_wyres/bin/wyres-base/periph/uart.o
                0x00000000080043ac                uart_write
 .text.isr_usart1
                0x00000000080043dc       0x44 /home/sarah/github/IoT_I2HM_wyres/Riot_wyres/apps/I2HM_wyres/bin/wyres-base/periph/uart.o
                0x00000000080043dc                isr_usart1
 .text.phydat_unit_print
                0x0000000008004420       0x1c /home/sarah/github/IoT_I2HM_wyres/Riot_wyres/apps/I2HM_wyres/bin/wyres-base/phydat/phydat_str.o
                0x0000000008004420                phydat_unit_print
 .text.phydat_prefix_from_scale
                0x000000000800443c       0x14 /home/sarah/github/IoT_I2HM_wyres/Riot_wyres/apps/I2HM_wyres/bin/wyres-base/phydat/phydat_str.o
                0x000000000800443c                phydat_prefix_from_scale
 .text.phydat_dump
                0x0000000008004450      0x13c /home/sarah/github/IoT_I2HM_wyres/Riot_wyres/apps/I2HM_wyres/bin/wyres-base/phydat/phydat_str.o
                0x0000000008004450                phydat_dump
 .text.pm_set_lowest
                0x000000000800458c       0x2c /home/sarah/github/IoT_I2HM_wyres/Riot_wyres/apps/I2HM_wyres/bin/wyres-base/pm_layered/pm.o
                0x000000000800458c                pm_set_lowest
 .text.pm_block
                0x00000000080045b8       0x24 /home/sarah/github/IoT_I2HM_wyres/Riot_wyres/apps/I2HM_wyres/bin/wyres-base/pm_layered/pm.o
                0x00000000080045b8                pm_block
 .text.pm_unblock
                0x00000000080045dc       0x20 /home/sarah/github/IoT_I2HM_wyres/Riot_wyres/apps/I2HM_wyres/bin/wyres-base/pm_layered/pm.o
                0x00000000080045dc                pm_unblock
 .text.pm_off   0x00000000080045fc       0x10 /home/sarah/github/IoT_I2HM_wyres/Riot_wyres/apps/I2HM_wyres/bin/wyres-base/pm_layered/pm.o
                0x00000000080045fc                pm_off
 .text.random_init
                0x000000000800460c       0x10 /home/sarah/github/IoT_I2HM_wyres/Riot_wyres/apps/I2HM_wyres/bin/wyres-base/random/musl_lcg.o
                0x000000000800460c                random_init
 .text.random_uint32
                0x000000000800461c       0x30 /home/sarah/github/IoT_I2HM_wyres/Riot_wyres/apps/I2HM_wyres/bin/wyres-base/random/musl_lcg.o
                0x000000000800461c                random_uint32
 .text.auto_init_random
                0x000000000800464c       0x18 /home/sarah/github/IoT_I2HM_wyres/Riot_wyres/apps/I2HM_wyres/bin/wyres-base/random/random.o
                0x000000000800464c                auto_init_random
 .text.random_uint32_range
                0x0000000008004664       0x3e /home/sarah/github/IoT_I2HM_wyres/Riot_wyres/apps/I2HM_wyres/bin/wyres-base/random/random.o
                0x0000000008004664                random_uint32_range
 *fill*         0x00000000080046a2        0x2 
 .text.auto_init_bme680
                0x00000000080046a4       0x84 /home/sarah/github/IoT_I2HM_wyres/Riot_wyres/apps/I2HM_wyres/bin/wyres-base/saul_init_devs/auto_init_bme680.o
                0x00000000080046a4                auto_init_bme680
 .text.auto_init_lis2dh12
                0x0000000008004728       0x60 /home/sarah/github/IoT_I2HM_wyres/Riot_wyres/apps/I2HM_wyres/bin/wyres-base/saul_init_devs/auto_init_lis2dh12.o
                0x0000000008004728                auto_init_lis2dh12
 .text.auto_init_lpsxxx
                0x0000000008004788       0x60 /home/sarah/github/IoT_I2HM_wyres/Riot_wyres/apps/I2HM_wyres/bin/wyres-base/saul_init_devs/auto_init_lpsxxx.o
                0x0000000008004788                auto_init_lpsxxx
 .text.saul_init_devs
                0x00000000080047e8       0x12 /home/sarah/github/IoT_I2HM_wyres/Riot_wyres/apps/I2HM_wyres/bin/wyres-base/saul_init_devs/init.o
                0x00000000080047e8                saul_init_devs
 *fill*         0x00000000080047fa        0x2 
 .text.saul_reg_add
                0x00000000080047fc       0x24 /home/sarah/github/IoT_I2HM_wyres/Riot_wyres/apps/I2HM_wyres/bin/wyres-base/saul_reg/saul_reg.o
                0x00000000080047fc                saul_reg_add
 .text.saul_reg_read
                0x0000000008004820       0x10 /home/sarah/github/IoT_I2HM_wyres/Riot_wyres/apps/I2HM_wyres/bin/wyres-base/saul_reg/saul_reg.o
                0x0000000008004820                saul_reg_read
 .text.saul_write_notsup
                0x0000000008004830        0x6 /home/sarah/github/IoT_I2HM_wyres/Riot_wyres/apps/I2HM_wyres/bin/wyres-base/saul/saul.o
                0x0000000008004830                saul_read_notsup
                0x0000000008004830                saul_write_notsup
 *fill*         0x0000000008004836        0x2 
 .text.saul_class_to_str
                0x0000000008004838       0x58 /home/sarah/github/IoT_I2HM_wyres/Riot_wyres/apps/I2HM_wyres/bin/wyres-base/saul/saul_str.o
                0x0000000008004838                saul_class_to_str
 .text.srand1   0x0000000008004890        0x2 /home/sarah/github/IoT_I2HM_wyres/Riot_wyres/apps/I2HM_wyres/bin/wyres-base/semtech_loramac_arch/utilities.o
                0x0000000008004890                srand1
 .text.randr    0x0000000008004892       0x16 /home/sarah/github/IoT_I2HM_wyres/Riot_wyres/apps/I2HM_wyres/bin/wyres-base/semtech_loramac_arch/utilities.o
                0x0000000008004892                randr
 .text.memcpy1  0x00000000080048a8        0x4 /home/sarah/github/IoT_I2HM_wyres/Riot_wyres/apps/I2HM_wyres/bin/wyres-base/semtech_loramac_arch/utilities.o
                0x00000000080048a8                memcpy1
 .text.memcpyr  0x00000000080048ac       0x14 /home/sarah/github/IoT_I2HM_wyres/Riot_wyres/apps/I2HM_wyres/bin/wyres-base/semtech_loramac_arch/utilities.o
                0x00000000080048ac                memcpyr
 .text.memset1  0x00000000080048c0        0x4 /home/sarah/github/IoT_I2HM_wyres/Riot_wyres/apps/I2HM_wyres/bin/wyres-base/semtech_loramac_arch/utilities.o
                0x00000000080048c0                memset1
 .text.mutex_lock
                0x00000000080048c4        0x6 /home/sarah/github/IoT_I2HM_wyres/Riot_wyres/apps/I2HM_wyres/bin/wyres-base/semtech_loramac_contrib/semtech_loramac_getset.o
 .text._semtech_loramac_set_rx2_params.isra.0
                0x00000000080048ca       0x30 /home/sarah/github/IoT_I2HM_wyres/Riot_wyres/apps/I2HM_wyres/bin/wyres-base/semtech_loramac_contrib/semtech_loramac_getset.o
 .text.semtech_loramac_set_deveui
                0x00000000080048fa        0xa /home/sarah/github/IoT_I2HM_wyres/Riot_wyres/apps/I2HM_wyres/bin/wyres-base/semtech_loramac_contrib/semtech_loramac_getset.o
                0x00000000080048fa                semtech_loramac_set_deveui
 .text.semtech_loramac_set_appeui
                0x0000000008004904        0xa /home/sarah/github/IoT_I2HM_wyres/Riot_wyres/apps/I2HM_wyres/bin/wyres-base/semtech_loramac_contrib/semtech_loramac_getset.o
                0x0000000008004904                semtech_loramac_set_appeui
 .text.semtech_loramac_set_appkey
                0x000000000800490e       0x14 /home/sarah/github/IoT_I2HM_wyres/Riot_wyres/apps/I2HM_wyres/bin/wyres-base/semtech_loramac_contrib/semtech_loramac_getset.o
                0x000000000800490e                semtech_loramac_set_appkey
 .text.semtech_loramac_set_appskey
                0x0000000008004922       0x26 /home/sarah/github/IoT_I2HM_wyres/Riot_wyres/apps/I2HM_wyres/bin/wyres-base/semtech_loramac_contrib/semtech_loramac_getset.o
                0x0000000008004922                semtech_loramac_set_appskey
 .text.semtech_loramac_get_appskey
                0x0000000008004948       0x38 /home/sarah/github/IoT_I2HM_wyres/Riot_wyres/apps/I2HM_wyres/bin/wyres-base/semtech_loramac_contrib/semtech_loramac_getset.o
                0x0000000008004948                semtech_loramac_get_appskey
 .text.semtech_loramac_set_nwkskey
                0x0000000008004980       0x26 /home/sarah/github/IoT_I2HM_wyres/Riot_wyres/apps/I2HM_wyres/bin/wyres-base/semtech_loramac_contrib/semtech_loramac_getset.o
                0x0000000008004980                semtech_loramac_set_nwkskey
 .text.semtech_loramac_get_nwkskey
                0x00000000080049a6       0x38 /home/sarah/github/IoT_I2HM_wyres/Riot_wyres/apps/I2HM_wyres/bin/wyres-base/semtech_loramac_contrib/semtech_loramac_getset.o
                0x00000000080049a6                semtech_loramac_get_nwkskey
 .text.semtech_loramac_set_devaddr
                0x00000000080049de       0x2a /home/sarah/github/IoT_I2HM_wyres/Riot_wyres/apps/I2HM_wyres/bin/wyres-base/semtech_loramac_contrib/semtech_loramac_getset.o
                0x00000000080049de                semtech_loramac_set_devaddr
 .text.semtech_loramac_get_devaddr
                0x0000000008004a08       0x36 /home/sarah/github/IoT_I2HM_wyres/Riot_wyres/apps/I2HM_wyres/bin/wyres-base/semtech_loramac_contrib/semtech_loramac_getset.o
                0x0000000008004a08                semtech_loramac_get_devaddr
 .text.semtech_loramac_set_class
                0x0000000008004a3e       0x28 /home/sarah/github/IoT_I2HM_wyres/Riot_wyres/apps/I2HM_wyres/bin/wyres-base/semtech_loramac_contrib/semtech_loramac_getset.o
                0x0000000008004a3e                semtech_loramac_set_class
 .text.semtech_loramac_set_dr
                0x0000000008004a66       0x28 /home/sarah/github/IoT_I2HM_wyres/Riot_wyres/apps/I2HM_wyres/bin/wyres-base/semtech_loramac_contrib/semtech_loramac_getset.o
                0x0000000008004a66                semtech_loramac_set_dr
 .text.semtech_loramac_get_dr
                0x0000000008004a8e       0x28 /home/sarah/github/IoT_I2HM_wyres/Riot_wyres/apps/I2HM_wyres/bin/wyres-base/semtech_loramac_contrib/semtech_loramac_getset.o
                0x0000000008004a8e                semtech_loramac_get_dr
 .text.semtech_loramac_set_adr
                0x0000000008004ab6       0x28 /home/sarah/github/IoT_I2HM_wyres/Riot_wyres/apps/I2HM_wyres/bin/wyres-base/semtech_loramac_contrib/semtech_loramac_getset.o
                0x0000000008004ab6                semtech_loramac_set_adr
 .text.semtech_loramac_set_public_network
                0x0000000008004ade       0x28 /home/sarah/github/IoT_I2HM_wyres/Riot_wyres/apps/I2HM_wyres/bin/wyres-base/semtech_loramac_contrib/semtech_loramac_getset.o
                0x0000000008004ade                semtech_loramac_set_public_network
 .text.semtech_loramac_set_netid
                0x0000000008004b06       0x26 /home/sarah/github/IoT_I2HM_wyres/Riot_wyres/apps/I2HM_wyres/bin/wyres-base/semtech_loramac_contrib/semtech_loramac_getset.o
                0x0000000008004b06                semtech_loramac_set_netid
 .text.semtech_loramac_set_tx_port
                0x0000000008004b2c        0x4 /home/sarah/github/IoT_I2HM_wyres/Riot_wyres/apps/I2HM_wyres/bin/wyres-base/semtech_loramac_contrib/semtech_loramac_getset.o
                0x0000000008004b2c                semtech_loramac_set_tx_port
 .text.semtech_loramac_set_tx_mode
                0x0000000008004b30        0x4 /home/sarah/github/IoT_I2HM_wyres/Riot_wyres/apps/I2HM_wyres/bin/wyres-base/semtech_loramac_contrib/semtech_loramac_getset.o
                0x0000000008004b30                semtech_loramac_set_tx_mode
 .text.semtech_loramac_get_tx_mode
                0x0000000008004b34        0x4 /home/sarah/github/IoT_I2HM_wyres/Riot_wyres/apps/I2HM_wyres/bin/wyres-base/semtech_loramac_contrib/semtech_loramac_getset.o
                0x0000000008004b34                semtech_loramac_get_tx_mode
 .text.semtech_loramac_set_system_max_rx_error
                0x0000000008004b38       0x26 /home/sarah/github/IoT_I2HM_wyres/Riot_wyres/apps/I2HM_wyres/bin/wyres-base/semtech_loramac_contrib/semtech_loramac_getset.o
                0x0000000008004b38                semtech_loramac_set_system_max_rx_error
 .text.semtech_loramac_set_min_rx_symbols
                0x0000000008004b5e       0x28 /home/sarah/github/IoT_I2HM_wyres/Riot_wyres/apps/I2HM_wyres/bin/wyres-base/semtech_loramac_contrib/semtech_loramac_getset.o
                0x0000000008004b5e                semtech_loramac_set_min_rx_symbols
 .text.semtech_loramac_set_rx2_freq
                0x0000000008004b86       0x2e /home/sarah/github/IoT_I2HM_wyres/Riot_wyres/apps/I2HM_wyres/bin/wyres-base/semtech_loramac_contrib/semtech_loramac_getset.o
                0x0000000008004b86                semtech_loramac_set_rx2_freq
 .text.semtech_loramac_set_rx2_dr
                0x0000000008004bb4       0x2c /home/sarah/github/IoT_I2HM_wyres/Riot_wyres/apps/I2HM_wyres/bin/wyres-base/semtech_loramac_contrib/semtech_loramac_getset.o
                0x0000000008004bb4                semtech_loramac_set_rx2_dr
 .text.semtech_loramac_set_uplink_counter
                0x0000000008004be0       0x26 /home/sarah/github/IoT_I2HM_wyres/Riot_wyres/apps/I2HM_wyres/bin/wyres-base/semtech_loramac_contrib/semtech_loramac_getset.o
                0x0000000008004be0                semtech_loramac_set_uplink_counter
 .text._write_uint32
                0x0000000008004c06       0x16 /home/sarah/github/IoT_I2HM_wyres/Riot_wyres/apps/I2HM_wyres/bin/wyres-base/semtech_loramac_contrib/semtech_loramac.o
 .text.mutex_lock
                0x0000000008004c1c        0x6 /home/sarah/github/IoT_I2HM_wyres/Riot_wyres/apps/I2HM_wyres/bin/wyres-base/semtech_loramac_contrib/semtech_loramac.o
 .text._save_uplink_counter
                0x0000000008004c22       0x2c /home/sarah/github/IoT_I2HM_wyres/Riot_wyres/apps/I2HM_wyres/bin/wyres-base/semtech_loramac_contrib/semtech_loramac.o
 .text._read_uint32
                0x0000000008004c4e       0x1c /home/sarah/github/IoT_I2HM_wyres/Riot_wyres/apps/I2HM_wyres/bin/wyres-base/semtech_loramac_contrib/semtech_loramac.o
 *fill*         0x0000000008004c6a        0x2 
 .text.mlme_indication
                0x0000000008004c6c       0x24 /home/sarah/github/IoT_I2HM_wyres/Riot_wyres/apps/I2HM_wyres/bin/wyres-base/semtech_loramac_contrib/semtech_loramac.o
 .text.mlme_confirm
                0x0000000008004c90       0x24 /home/sarah/github/IoT_I2HM_wyres/Riot_wyres/apps/I2HM_wyres/bin/wyres-base/semtech_loramac_contrib/semtech_loramac.o
 .text.mcps_indication
                0x0000000008004cb4       0x24 /home/sarah/github/IoT_I2HM_wyres/Riot_wyres/apps/I2HM_wyres/bin/wyres-base/semtech_loramac_contrib/semtech_loramac.o
 .text.mcps_confirm
                0x0000000008004cd8       0x24 /home/sarah/github/IoT_I2HM_wyres/Riot_wyres/apps/I2HM_wyres/bin/wyres-base/semtech_loramac_contrib/semtech_loramac.o
 .text._semtech_loramac_event_cb
                0x0000000008004cfc       0xbc /home/sarah/github/IoT_I2HM_wyres/Riot_wyres/apps/I2HM_wyres/bin/wyres-base/semtech_loramac_contrib/semtech_loramac.o
 .text._semtech_loramac_event_loop
                0x0000000008004db8      0x164 /home/sarah/github/IoT_I2HM_wyres/Riot_wyres/apps/I2HM_wyres/bin/wyres-base/semtech_loramac_contrib/semtech_loramac.o
                0x0000000008004db8                _semtech_loramac_event_loop
 .text._join    0x0000000008004f1c       0xd4 /home/sarah/github/IoT_I2HM_wyres/Riot_wyres/apps/I2HM_wyres/bin/wyres-base/semtech_loramac_contrib/semtech_loramac.o
 .text._send    0x0000000008004ff0       0x98 /home/sarah/github/IoT_I2HM_wyres/Riot_wyres/apps/I2HM_wyres/bin/wyres-base/semtech_loramac_contrib/semtech_loramac.o
 .text._init_loramac
                0x0000000008005088      0x188 /home/sarah/github/IoT_I2HM_wyres/Riot_wyres/apps/I2HM_wyres/bin/wyres-base/semtech_loramac_contrib/semtech_loramac.o
                0x0000000008005088                _init_loramac
 .text.semtech_loramac_init
                0x0000000008005210       0x64 /home/sarah/github/IoT_I2HM_wyres/Riot_wyres/apps/I2HM_wyres/bin/wyres-base/semtech_loramac_contrib/semtech_loramac.o
                0x0000000008005210                semtech_loramac_init
 .text.semtech_loramac_is_mac_joined
                0x0000000008005274       0x28 /home/sarah/github/IoT_I2HM_wyres/Riot_wyres/apps/I2HM_wyres/bin/wyres-base/semtech_loramac_contrib/semtech_loramac.o
                0x0000000008005274                semtech_loramac_is_mac_joined
 .text.semtech_loramac_join
                0x000000000800529c       0x58 /home/sarah/github/IoT_I2HM_wyres/Riot_wyres/apps/I2HM_wyres/bin/wyres-base/semtech_loramac_contrib/semtech_loramac.o
                0x000000000800529c                semtech_loramac_join
 .text.semtech_loramac_send
                0x00000000080052f4       0x5c /home/sarah/github/IoT_I2HM_wyres/Riot_wyres/apps/I2HM_wyres/bin/wyres-base/semtech_loramac_contrib/semtech_loramac.o
                0x00000000080052f4                semtech_loramac_send
 .text.SX127XGetStatus
                0x0000000008005350       0x38 /home/sarah/github/IoT_I2HM_wyres/Riot_wyres/apps/I2HM_wyres/bin/wyres-base/semtech_loramac_contrib/semtech_loramac_radio.o
                0x0000000008005350                SX127XGetStatus
 .text.SX127XSetModem
                0x0000000008005388       0x24 /home/sarah/github/IoT_I2HM_wyres/Riot_wyres/apps/I2HM_wyres/bin/wyres-base/semtech_loramac_contrib/semtech_loramac_radio.o
                0x0000000008005388                SX127XSetModem
 .text.SX127XSetChannel
                0x00000000080053ac       0x20 /home/sarah/github/IoT_I2HM_wyres/Riot_wyres/apps/I2HM_wyres/bin/wyres-base/semtech_loramac_contrib/semtech_loramac_radio.o
                0x00000000080053ac                SX127XSetChannel
 .text.SX127XRandom
                0x00000000080053cc       0x20 /home/sarah/github/IoT_I2HM_wyres/Riot_wyres/apps/I2HM_wyres/bin/wyres-base/semtech_loramac_contrib/semtech_loramac_radio.o
                0x00000000080053cc                SX127XRandom
 .text.SX127XSetRxConfig
                0x00000000080053ec      0x108 /home/sarah/github/IoT_I2HM_wyres/Riot_wyres/apps/I2HM_wyres/bin/wyres-base/semtech_loramac_contrib/semtech_loramac_radio.o
                0x00000000080053ec                SX127XSetRxConfig
 .text.SX127XSetTxConfig
                0x00000000080054f4       0xe8 /home/sarah/github/IoT_I2HM_wyres/Riot_wyres/apps/I2HM_wyres/bin/wyres-base/semtech_loramac_contrib/semtech_loramac_radio.o
                0x00000000080054f4                SX127XSetTxConfig
 .text.SX127XSend
                0x00000000080055dc       0x20 /home/sarah/github/IoT_I2HM_wyres/Riot_wyres/apps/I2HM_wyres/bin/wyres-base/semtech_loramac_contrib/semtech_loramac_radio.o
                0x00000000080055dc                SX127XSend
 .text.SX127XSleep
                0x00000000080055fc       0x20 /home/sarah/github/IoT_I2HM_wyres/Riot_wyres/apps/I2HM_wyres/bin/wyres-base/semtech_loramac_contrib/semtech_loramac_radio.o
                0x00000000080055fc                SX127XSleep
 .text.SX127XStandby
                0x000000000800561c       0x24 /home/sarah/github/IoT_I2HM_wyres/Riot_wyres/apps/I2HM_wyres/bin/wyres-base/semtech_loramac_contrib/semtech_loramac_radio.o
                0x000000000800561c                SX127XStandby
 .text.SX127XRx
                0x0000000008005640       0x38 /home/sarah/github/IoT_I2HM_wyres/Riot_wyres/apps/I2HM_wyres/bin/wyres-base/semtech_loramac_contrib/semtech_loramac_radio.o
                0x0000000008005640                SX127XRx
 .text.SX127XStartCad
                0x0000000008005678        0x2 /home/sarah/github/IoT_I2HM_wyres/Riot_wyres/apps/I2HM_wyres/bin/wyres-base/semtech_loramac_contrib/semtech_loramac_radio.o
                0x0000000008005678                SX127XStartCad
 *fill*         0x000000000800567a        0x2 
 .text.SX127XRssi
                0x000000000800567c       0x20 /home/sarah/github/IoT_I2HM_wyres/Riot_wyres/apps/I2HM_wyres/bin/wyres-base/semtech_loramac_contrib/semtech_loramac_radio.o
                0x000000000800567c                SX127XRssi
 .text.SX127XWrite
                0x000000000800569c        0x2 /home/sarah/github/IoT_I2HM_wyres/Riot_wyres/apps/I2HM_wyres/bin/wyres-base/semtech_loramac_contrib/semtech_loramac_radio.o
                0x000000000800569c                SX127XWrite
 .text.SX127XRead
                0x000000000800569e        0x4 /home/sarah/github/IoT_I2HM_wyres/Riot_wyres/apps/I2HM_wyres/bin/wyres-base/semtech_loramac_contrib/semtech_loramac_radio.o
                0x000000000800569e                SX127XRead
 .text.SX127XWriteBuffer
                0x00000000080056a2        0x2 /home/sarah/github/IoT_I2HM_wyres/Riot_wyres/apps/I2HM_wyres/bin/wyres-base/semtech_loramac_contrib/semtech_loramac_radio.o
                0x00000000080056a2                SX127XWriteBuffer
 .text.SX127XSetMaxPayloadLength
                0x00000000080056a4       0x20 /home/sarah/github/IoT_I2HM_wyres/Riot_wyres/apps/I2HM_wyres/bin/wyres-base/semtech_loramac_contrib/semtech_loramac_radio.o
                0x00000000080056a4                SX127XSetMaxPayloadLength
 .text.SX127XCheckRfFrequency
                0x00000000080056c4        0x4 /home/sarah/github/IoT_I2HM_wyres/Riot_wyres/apps/I2HM_wyres/bin/wyres-base/semtech_loramac_contrib/semtech_loramac_radio.o
                0x00000000080056c4                SX127XCheckRfFrequency
 .text.SX127XSetTxContinuousWave
                0x00000000080056c8        0x2 /home/sarah/github/IoT_I2HM_wyres/Riot_wyres/apps/I2HM_wyres/bin/wyres-base/semtech_loramac_contrib/semtech_loramac_radio.o
                0x00000000080056c8                SX127XSetTxContinuousWave
 *fill*         0x00000000080056ca        0x2 
 .text.SX127XSetPublicNetwork
                0x00000000080056cc       0x28 /home/sarah/github/IoT_I2HM_wyres/Riot_wyres/apps/I2HM_wyres/bin/wyres-base/semtech_loramac_contrib/semtech_loramac_radio.o
                0x00000000080056cc                SX127XSetPublicNetwork
 .text.SX127XGetWakeupTime
                0x00000000080056f4        0x4 /home/sarah/github/IoT_I2HM_wyres/Riot_wyres/apps/I2HM_wyres/bin/wyres-base/semtech_loramac_contrib/semtech_loramac_radio.o
                0x00000000080056f4                SX127XGetWakeupTime
 .text.SX127XRxBoosted
                0x00000000080056f8        0x2 /home/sarah/github/IoT_I2HM_wyres/Riot_wyres/apps/I2HM_wyres/bin/wyres-base/semtech_loramac_contrib/semtech_loramac_radio.o
                0x00000000080056f8                SX127XRxBoosted
 .text.SX127XSetRxDutyCycle
                0x00000000080056fa        0x2 /home/sarah/github/IoT_I2HM_wyres/Riot_wyres/apps/I2HM_wyres/bin/wyres-base/semtech_loramac_contrib/semtech_loramac_radio.o
                0x00000000080056fa                SX127XSetRxDutyCycle
 .text.SX127XInit
                0x00000000080056fc       0x1c /home/sarah/github/IoT_I2HM_wyres/Riot_wyres/apps/I2HM_wyres/bin/wyres-base/semtech_loramac_contrib/semtech_loramac_radio.o
                0x00000000080056fc                SX127XInit
 .text.SX127XIsChannelFree
                0x0000000008005718       0x50 /home/sarah/github/IoT_I2HM_wyres/Riot_wyres/apps/I2HM_wyres/bin/wyres-base/semtech_loramac_contrib/semtech_loramac_radio.o
                0x0000000008005718                SX127XIsChannelFree
 .text.SX127XTimeOnAir
                0x0000000008005768       0xc4 /home/sarah/github/IoT_I2HM_wyres/Riot_wyres/apps/I2HM_wyres/bin/wyres-base/semtech_loramac_contrib/semtech_loramac_radio.o
                0x0000000008005768                SX127XTimeOnAir
 .text.SX127XReadBuffer
                0x000000000800582c        0x2 /home/sarah/github/IoT_I2HM_wyres/Riot_wyres/apps/I2HM_wyres/bin/wyres-base/semtech_loramac_contrib/semtech_loramac_radio.o
                0x000000000800582c                SX127XReadBuffer
 .text.SX127XIrqProcess
                0x000000000800582e        0x2 /home/sarah/github/IoT_I2HM_wyres/Riot_wyres/apps/I2HM_wyres/bin/wyres-base/semtech_loramac_contrib/semtech_loramac_radio.o
                0x000000000800582e                SX127XIrqProcess
 .text.ztimer_now
                0x0000000008005830       0x10 /home/sarah/github/IoT_I2HM_wyres/Riot_wyres/apps/I2HM_wyres/bin/wyres-base/semtech_loramac_contrib/semtech_loramac_timer.o
 .text.TimerInit
                0x0000000008005840       0x18 /home/sarah/github/IoT_I2HM_wyres/Riot_wyres/apps/I2HM_wyres/bin/wyres-base/semtech_loramac_contrib/semtech_loramac_timer.o
                0x0000000008005840                TimerInit
 .text.TimerStart
                0x0000000008005858       0x38 /home/sarah/github/IoT_I2HM_wyres/Riot_wyres/apps/I2HM_wyres/bin/wyres-base/semtech_loramac_contrib/semtech_loramac_timer.o
                0x0000000008005858                TimerStart
 .text.TimerStop
                0x0000000008005890       0x14 /home/sarah/github/IoT_I2HM_wyres/Riot_wyres/apps/I2HM_wyres/bin/wyres-base/semtech_loramac_contrib/semtech_loramac_timer.o
                0x0000000008005890                TimerStop
 .text.TimerSetValue
                0x00000000080058a4       0x20 /home/sarah/github/IoT_I2HM_wyres/Riot_wyres/apps/I2HM_wyres/bin/wyres-base/semtech_loramac_contrib/semtech_loramac_timer.o
                0x00000000080058a4                TimerSetValue
 .text.TimerGetCurrentTime
                0x00000000080058c4        0xc /home/sarah/github/IoT_I2HM_wyres/Riot_wyres/apps/I2HM_wyres/bin/wyres-base/semtech_loramac_contrib/semtech_loramac_timer.o
                0x00000000080058c4                TimerGetCurrentTime
 .text.TimerGetElapsedTime
                0x00000000080058d0       0x14 /home/sarah/github/IoT_I2HM_wyres/Riot_wyres/apps/I2HM_wyres/bin/wyres-base/semtech_loramac_contrib/semtech_loramac_timer.o
                0x00000000080058d0                TimerGetElapsedTime
 .text.AES_CMAC_Init
                0x00000000080058e4       0x14 /home/sarah/github/IoT_I2HM_wyres/Riot_wyres/apps/I2HM_wyres/bin/wyres-base/semtech_loramac_crypto/cmac.o
                0x00000000080058e4                AES_CMAC_Init
 .text.AES_CMAC_SetKey
                0x00000000080058f8        0x6 /home/sarah/github/IoT_I2HM_wyres/Riot_wyres/apps/I2HM_wyres/bin/wyres-base/semtech_loramac_crypto/cmac.o
                0x00000000080058f8                AES_CMAC_SetKey
 .text.AES_CMAC_Update
                0x00000000080058fe       0xb0 /home/sarah/github/IoT_I2HM_wyres/Riot_wyres/apps/I2HM_wyres/bin/wyres-base/semtech_loramac_crypto/cmac.o
                0x00000000080058fe                AES_CMAC_Update
 .text.AES_CMAC_Final
                0x00000000080059ae      0x15e /home/sarah/github/IoT_I2HM_wyres/Riot_wyres/apps/I2HM_wyres/bin/wyres-base/semtech_loramac_crypto/cmac.o
                0x00000000080059ae                AES_CMAC_Final
 .text.LoRaMacComputeMic
                0x0000000008005b0c       0x78 /home/sarah/github/IoT_I2HM_wyres/Riot_wyres/apps/I2HM_wyres/bin/wyres-base/semtech_loramac_mac/LoRaMacCrypto.o
                0x0000000008005b0c                LoRaMacComputeMic
 .text.LoRaMacPayloadEncrypt
                0x0000000008005b84       0xd8 /home/sarah/github/IoT_I2HM_wyres/Riot_wyres/apps/I2HM_wyres/bin/wyres-base/semtech_loramac_mac/LoRaMacCrypto.o
                0x0000000008005b84                LoRaMacPayloadEncrypt
 .text.LoRaMacPayloadDecrypt
                0x0000000008005c5c        0xe /home/sarah/github/IoT_I2HM_wyres/Riot_wyres/apps/I2HM_wyres/bin/wyres-base/semtech_loramac_mac/LoRaMacCrypto.o
                0x0000000008005c5c                LoRaMacPayloadDecrypt
 *fill*         0x0000000008005c6a        0x2 
 .text.LoRaMacJoinComputeMic
                0x0000000008005c6c       0x40 /home/sarah/github/IoT_I2HM_wyres/Riot_wyres/apps/I2HM_wyres/bin/wyres-base/semtech_loramac_mac/LoRaMacCrypto.o
                0x0000000008005c6c                LoRaMacJoinComputeMic
 .text.LoRaMacJoinDecrypt
                0x0000000008005cac       0x38 /home/sarah/github/IoT_I2HM_wyres/Riot_wyres/apps/I2HM_wyres/bin/wyres-base/semtech_loramac_mac/LoRaMacCrypto.o
                0x0000000008005cac                LoRaMacJoinDecrypt
 .text.LoRaMacJoinComputeSKeys
                0x0000000008005ce4       0x88 /home/sarah/github/IoT_I2HM_wyres/Riot_wyres/apps/I2HM_wyres/bin/wyres-base/semtech_loramac_mac/LoRaMacCrypto.o
                0x0000000008005ce4                LoRaMacJoinComputeSKeys
 .text.ValidatePayloadLength
                0x0000000008005d6c       0x54 /home/sarah/github/IoT_I2HM_wyres/Riot_wyres/apps/I2HM_wyres/bin/wyres-base/semtech_loramac_mac/LoRaMac.o
 .text.ResetMacParameters
                0x0000000008005dc0       0xe8 /home/sarah/github/IoT_I2HM_wyres/Riot_wyres/apps/I2HM_wyres/bin/wyres-base/semtech_loramac_mac/LoRaMac.o
 .text.OnAckTimeoutTimerEvent
                0x0000000008005ea8       0x4c /home/sarah/github/IoT_I2HM_wyres/Riot_wyres/apps/I2HM_wyres/bin/wyres-base/semtech_loramac_mac/LoRaMac.o
 .text.OnRxWindow1TimerEvent
                0x0000000008005ef4       0x80 /home/sarah/github/IoT_I2HM_wyres/Riot_wyres/apps/I2HM_wyres/bin/wyres-base/semtech_loramac_mac/LoRaMac.o
 .text.OnRxWindow2TimerEvent
                0x0000000008005f74       0x80 /home/sarah/github/IoT_I2HM_wyres/Riot_wyres/apps/I2HM_wyres/bin/wyres-base/semtech_loramac_mac/LoRaMac.o
 .text.OpenContinuousRx2Window
                0x0000000008005ff4       0x14 /home/sarah/github/IoT_I2HM_wyres/Riot_wyres/apps/I2HM_wyres/bin/wyres-base/semtech_loramac_mac/LoRaMac.o
 .text.OnRadioRxTimeout
                0x0000000008006008       0xa4 /home/sarah/github/IoT_I2HM_wyres/Riot_wyres/apps/I2HM_wyres/bin/wyres-base/semtech_loramac_mac/LoRaMac.o
 .text.OnRadioTxTimeout
                0x00000000080060ac       0x40 /home/sarah/github/IoT_I2HM_wyres/Riot_wyres/apps/I2HM_wyres/bin/wyres-base/semtech_loramac_mac/LoRaMac.o
 .text.OnRadioRxError
                0x00000000080060ec       0xa4 /home/sarah/github/IoT_I2HM_wyres/Riot_wyres/apps/I2HM_wyres/bin/wyres-base/semtech_loramac_mac/LoRaMac.o
 .text.OnRadioTxDone
                0x0000000008006190      0x148 /home/sarah/github/IoT_I2HM_wyres/Riot_wyres/apps/I2HM_wyres/bin/wyres-base/semtech_loramac_mac/LoRaMac.o
 .text.ProcessMacCommands
                0x00000000080062d8      0x450 /home/sarah/github/IoT_I2HM_wyres/Riot_wyres/apps/I2HM_wyres/bin/wyres-base/semtech_loramac_mac/LoRaMac.o
 .text.PrepareFrame
                0x0000000008006728      0x38c /home/sarah/github/IoT_I2HM_wyres/Riot_wyres/apps/I2HM_wyres/bin/wyres-base/semtech_loramac_mac/LoRaMac.o
                0x0000000008006728                PrepareFrame
 .text.SendFrameOnChannel
                0x0000000008006ab4       0xb8 /home/sarah/github/IoT_I2HM_wyres/Riot_wyres/apps/I2HM_wyres/bin/wyres-base/semtech_loramac_mac/LoRaMac.o
                0x0000000008006ab4                SendFrameOnChannel
 .text.ScheduleTx
                0x0000000008006b6c      0x1a0 /home/sarah/github/IoT_I2HM_wyres/Riot_wyres/apps/I2HM_wyres/bin/wyres-base/semtech_loramac_mac/LoRaMac.o
 .text.Send     0x0000000008006d0c       0x48 /home/sarah/github/IoT_I2HM_wyres/Riot_wyres/apps/I2HM_wyres/bin/wyres-base/semtech_loramac_mac/LoRaMac.o
                0x0000000008006d0c                Send
 .text.OnTxDelayedTimerEvent
                0x0000000008006d54       0x24 /home/sarah/github/IoT_I2HM_wyres/Riot_wyres/apps/I2HM_wyres/bin/wyres-base/semtech_loramac_mac/LoRaMac.o
 .text.OnMacStateCheckTimerEvent
                0x0000000008006d78      0x2e0 /home/sarah/github/IoT_I2HM_wyres/Riot_wyres/apps/I2HM_wyres/bin/wyres-base/semtech_loramac_mac/LoRaMac.o
 .text.PrepareRxDoneAbort
                0x0000000008007058       0x38 /home/sarah/github/IoT_I2HM_wyres/Riot_wyres/apps/I2HM_wyres/bin/wyres-base/semtech_loramac_mac/LoRaMac.o
 .text.OnRadioRxDone
                0x0000000008007090      0x508 /home/sarah/github/IoT_I2HM_wyres/Riot_wyres/apps/I2HM_wyres/bin/wyres-base/semtech_loramac_mac/LoRaMac.o
 .text.SetTxContinuousWave
                0x0000000008007598       0x64 /home/sarah/github/IoT_I2HM_wyres/Riot_wyres/apps/I2HM_wyres/bin/wyres-base/semtech_loramac_mac/LoRaMac.o
                0x0000000008007598                SetTxContinuousWave
 .text.SetTxContinuousWave1
                0x00000000080075fc       0x40 /home/sarah/github/IoT_I2HM_wyres/Riot_wyres/apps/I2HM_wyres/bin/wyres-base/semtech_loramac_mac/LoRaMac.o
                0x00000000080075fc                SetTxContinuousWave1
 .text.LoRaMacInitialization
                0x000000000800763c      0x294 /home/sarah/github/IoT_I2HM_wyres/Riot_wyres/apps/I2HM_wyres/bin/wyres-base/semtech_loramac_mac/LoRaMac.o
                0x000000000800763c                LoRaMacInitialization
 .text.LoRaMacQueryTxPossible
                0x00000000080078d0       0xec /home/sarah/github/IoT_I2HM_wyres/Riot_wyres/apps/I2HM_wyres/bin/wyres-base/semtech_loramac_mac/LoRaMac.o
                0x00000000080078d0                LoRaMacQueryTxPossible
 .text.LoRaMacMibGetRequestConfirm
                0x00000000080079bc      0x140 /home/sarah/github/IoT_I2HM_wyres/Riot_wyres/apps/I2HM_wyres/bin/wyres-base/semtech_loramac_mac/LoRaMac.o
                0x00000000080079bc                LoRaMacMibGetRequestConfirm
 .text.LoRaMacMibSetRequestConfirm
                0x0000000008007afc      0x2e8 /home/sarah/github/IoT_I2HM_wyres/Riot_wyres/apps/I2HM_wyres/bin/wyres-base/semtech_loramac_mac/LoRaMac.o
                0x0000000008007afc                LoRaMacMibSetRequestConfirm
 .text.LoRaMacMlmeRequest