Archive member included to satisfy reference by file (symbol)

/usr/local/Cellar/gcc-arm-none-eabi-80/20181220/bin/../lib/gcc/arm-none-eabi/8.2.1/../../../../arm-none-eabi/lib/thumb/v7-m/nofp/libm.a(lib_a-s_ceil.o)
                              /Users/leof/Documents/GitHub/IoT/IoT_I2HM_wyres/Riot_wyres/apps/I2HM_wyres/bin/wyres-base/semtech_loramac_mac_region//RegionCommon.o (ceil)
/usr/local/Cellar/gcc-arm-none-eabi-80/20181220/bin/../lib/gcc/arm-none-eabi/8.2.1/../../../../arm-none-eabi/lib/thumb/v7-m/nofp/libm.a(lib_a-s_floor.o)
                              /Users/leof/Documents/GitHub/IoT/IoT_I2HM_wyres/Riot_wyres/apps/I2HM_wyres/bin/wyres-base/semtech_loramac_mac_region//RegionCommon.o (floor)
/usr/local/Cellar/gcc-arm-none-eabi-80/20181220/bin/../lib/gcc/arm-none-eabi/8.2.1/../../../../arm-none-eabi/lib/thumb/v7-m/nofp/libm.a(lib_a-w_pow.o)
                              /Users/leof/Documents/GitHub/IoT/IoT_I2HM_wyres/Riot_wyres/apps/I2HM_wyres/bin/wyres-base/phydat//phydat_unix.o (pow)
/usr/local/Cellar/gcc-arm-none-eabi-80/20181220/bin/../lib/gcc/arm-none-eabi/8.2.1/../../../../arm-none-eabi/lib/thumb/v7-m/nofp/libm.a(lib_a-e_pow.o)
                              /usr/local/Cellar/gcc-arm-none-eabi-80/20181220/bin/../lib/gcc/arm-none-eabi/8.2.1/../../../../arm-none-eabi/lib/thumb/v7-m/nofp/libm.a(lib_a-w_pow.o) (__ieee754_pow)
/usr/local/Cellar/gcc-arm-none-eabi-80/20181220/bin/../lib/gcc/arm-none-eabi/8.2.1/../../../../arm-none-eabi/lib/thumb/v7-m/nofp/libm.a(lib_a-e_sqrt.o)
                              /usr/local/Cellar/gcc-arm-none-eabi-80/20181220/bin/../lib/gcc/arm-none-eabi/8.2.1/../../../../arm-none-eabi/lib/thumb/v7-m/nofp/libm.a(lib_a-e_pow.o) (__ieee754_sqrt)
/usr/local/Cellar/gcc-arm-none-eabi-80/20181220/bin/../lib/gcc/arm-none-eabi/8.2.1/../../../../arm-none-eabi/lib/thumb/v7-m/nofp/libm.a(lib_a-s_fabs.o)
                              /usr/local/Cellar/gcc-arm-none-eabi-80/20181220/bin/../lib/gcc/arm-none-eabi/8.2.1/../../../../arm-none-eabi/lib/thumb/v7-m/nofp/libm.a(lib_a-e_pow.o) (fabs)
/usr/local/Cellar/gcc-arm-none-eabi-80/20181220/bin/../lib/gcc/arm-none-eabi/8.2.1/../../../../arm-none-eabi/lib/thumb/v7-m/nofp/libm.a(lib_a-s_finite.o)
                              /usr/local/Cellar/gcc-arm-none-eabi-80/20181220/bin/../lib/gcc/arm-none-eabi/8.2.1/../../../../arm-none-eabi/lib/thumb/v7-m/nofp/libm.a(lib_a-w_pow.o) (finite)
/usr/local/Cellar/gcc-arm-none-eabi-80/20181220/bin/../lib/gcc/arm-none-eabi/8.2.1/../../../../arm-none-eabi/lib/thumb/v7-m/nofp/libm.a(lib_a-s_lib_ver.o)
                              /usr/local/Cellar/gcc-arm-none-eabi-80/20181220/bin/../lib/gcc/arm-none-eabi/8.2.1/../../../../arm-none-eabi/lib/thumb/v7-m/nofp/libm.a(lib_a-w_pow.o) (__fdlib_version)
/usr/local/Cellar/gcc-arm-none-eabi-80/20181220/bin/../lib/gcc/arm-none-eabi/8.2.1/../../../../arm-none-eabi/lib/thumb/v7-m/nofp/libm.a(lib_a-s_matherr.o)
                              /usr/local/Cellar/gcc-arm-none-eabi-80/20181220/bin/../lib/gcc/arm-none-eabi/8.2.1/../../../../arm-none-eabi/lib/thumb/v7-m/nofp/libm.a(lib_a-w_pow.o) (matherr)
/usr/local/Cellar/gcc-arm-none-eabi-80/20181220/bin/../lib/gcc/arm-none-eabi/8.2.1/../../../../arm-none-eabi/lib/thumb/v7-m/nofp/libm.a(lib_a-s_nan.o)
                              /usr/local/Cellar/gcc-arm-none-eabi-80/20181220/bin/../lib/gcc/arm-none-eabi/8.2.1/../../../../arm-none-eabi/lib/thumb/v7-m/nofp/libm.a(lib_a-e_pow.o) (nan)
/usr/local/Cellar/gcc-arm-none-eabi-80/20181220/bin/../lib/gcc/arm-none-eabi/8.2.1/../../../../arm-none-eabi/lib/thumb/v7-m/nofp/libm.a(lib_a-s_rint.o)
                              /usr/local/Cellar/gcc-arm-none-eabi-80/20181220/bin/../lib/gcc/arm-none-eabi/8.2.1/../../../../arm-none-eabi/lib/thumb/v7-m/nofp/libm.a(lib_a-w_pow.o) (rint)
/usr/local/Cellar/gcc-arm-none-eabi-80/20181220/bin/../lib/gcc/arm-none-eabi/8.2.1/../../../../arm-none-eabi/lib/thumb/v7-m/nofp/libm.a(lib_a-s_scalbn.o)
                              /usr/local/Cellar/gcc-arm-none-eabi-80/20181220/bin/../lib/gcc/arm-none-eabi/8.2.1/../../../../arm-none-eabi/lib/thumb/v7-m/nofp/libm.a(lib_a-e_pow.o) (scalbn)
/usr/local/Cellar/gcc-arm-none-eabi-80/20181220/bin/../lib/gcc/arm-none-eabi/8.2.1/thumb/v7-m/nofp/libgcc.a(_arm_addsubdf3.o)
                              /Users/leof/Documents/GitHub/IoT/IoT_I2HM_wyres/Riot_wyres/apps/I2HM_wyres/bin/wyres-base/semtech_loramac_mac_region//RegionCommon.o (__aeabi_dsub)
/usr/local/Cellar/gcc-arm-none-eabi-80/20181220/bin/../lib/gcc/arm-none-eabi/8.2.1/thumb/v7-m/nofp/libgcc.a(_arm_muldivdf3.o)
                              /Users/leof/Documents/GitHub/IoT/IoT_I2HM_wyres/Riot_wyres/apps/I2HM_wyres/bin/wyres-base/application_I2HM_CLIMATE_STATION//main.o (__aeabi_dmul)
/usr/local/Cellar/gcc-arm-none-eabi-80/20181220/bin/../lib/gcc/arm-none-eabi/8.2.1/thumb/v7-m/nofp/libgcc.a(_arm_cmpdf2.o)
[...]
Memory Configuration

Name             Origin             Length             Attributes
ccmram           0x0000000010000000 0x0000000000000000
sram4            0x0000000000000000 0x0000000000000000
fmcram           0x0000000000000000 0x0000000000000000
rom              0x0000000008000000 0x0000000000040000 xr
ram              0x0000000020000000 0x0000000000008000 w !xr
bkup_ram         0x0000000000000000 0x0000000000000000 w !xr
*default*        0x0000000000000000 0xffffffffffffffff

Linker script and memory map

LOAD /Users/leof/Documents/GitHub/IoT/IoT_I2HM_wyres/Riot_wyres/apps/I2HM_wyres/bin/wyres-base/analog_util//adc_util.o
LOAD /Users/leof/Documents/GitHub/IoT/IoT_I2HM_wyres/Riot_wyres/apps/I2HM_wyres/bin/wyres-base/analog_util//dac_util.o
LOAD /Users/leof/Documents/GitHub/IoT/IoT_I2HM_wyres/Riot_wyres/apps/I2HM_wyres/bin/wyres-base/application_I2HM_CLIMATE_STATION//main.o
LOAD /Users/leof/Documents/GitHub/IoT/IoT_I2HM_wyres/Riot_wyres/apps/I2HM_wyres/bin/wyres-base/auto_init//auto_init.o
LOAD /Users/leof/Documents/GitHub/IoT/IoT_I2HM_wyres/Riot_wyres/apps/I2HM_wyres/bin/wyres-base/auto_init_loramac//auto_init_loramac.o
LOAD /Users/leof/Documents/GitHub/IoT/IoT_I2HM_wyres/Riot_wyres/apps/I2HM_wyres/bin/wyres-base/bme680//bme680.o
LOAD /Users/leof/Documents/GitHub/IoT/IoT_I2HM_wyres/Riot_wyres/apps/I2HM_wyres/bin/wyres-base/bme680//bme680_saul.o
LOAD /Users/leof/Documents/GitHub/IoT/IoT_I2HM_wyres/Riot_wyres/apps/I2HM_wyres/bin/wyres-base/board//board.o
LOAD /Users/leof/Documents/GitHub/IoT/IoT_I2HM_wyres/Riot_wyres/apps/I2HM_wyres/bin/wyres-base/board_common_init//board_common.o
LOAD /Users/leof/Documents/GitHub/IoT/IoT_I2HM_wyres/Riot_wyres/apps/I2HM_wyres/bin/wyres-base/cayenne-lpp//cayenne_lpp.o
LOAD /Users/leof/Documents/GitHub/IoT/IoT_I2HM_wyres/Riot_wyres/apps/I2HM_wyres/bin/wyres-base/core//cond.o
LOAD /Users/leof/Documents/GitHub/IoT/IoT_I2HM_wyres/Riot_wyres/apps/I2HM_wyres/bin/wyres-base/core//msg.o
LOAD /Users/leof/Documents/GitHub/IoT/IoT_I2HM_wyres/Riot_wyres/apps/I2HM_wyres/bin/wyres-base/core//mutex.o
LOAD /Users/leof/Documents/GitHub/IoT/IoT_I2HM_wyres/Riot_wyres/apps/I2HM_wyres/bin/wyres-base/core//sched.o
LOAD /Users/leof/Documents/GitHub/IoT/IoT_I2HM_wyres/Riot_wyres/apps/I2HM_wyres/bin/wyres-base/core//thread.o
LOAD /Users/leof/Documents/GitHub/IoT/IoT_I2HM_wyres/Riot_wyres/apps/I2HM_wyres/bin/wyres-base/core_lib//assert.o
LOAD /Users/leof/Documents/GitHub/IoT/IoT_I2HM_wyres/Riot_wyres/apps/I2HM_wyres/bin/wyres-base/core_lib//atomic_c11.o
LOAD /Users/leof/Documents/GitHub/IoT/IoT_I2HM_wyres/Riot_wyres/apps/I2HM_wyres/bin/wyres-base/core_lib//atomic_sync.o
LOAD /Users/leof/Documents/GitHub/IoT/IoT_I2HM_wyres/Riot_wyres/apps/I2HM_wyres/bin/wyres-base/core_lib//bitarithm.o
LOAD /Users/leof/Documents/GitHub/IoT/IoT_I2HM_wyres/Riot_wyres/apps/I2HM_wyres/bin/wyres-base/core_lib//clist.o
LOAD /Users/leof/Documents/GitHub/IoT/IoT_I2HM_wyres/Riot_wyres/apps/I2HM_wyres/bin/wyres-base/core_lib//init.o
LOAD /Users/leof/Documents/GitHub/IoT/IoT_I2HM_wyres/Riot_wyres/apps/I2HM_wyres/bin/wyres-base/core_lib//panic.o
LOAD /Users/leof/Documents/GitHub/IoT/IoT_I2HM_wyres/Riot_wyres/apps/I2HM_wyres/bin/wyres-base/core_lib//priority_queue.o
LOAD /Users/leof/Documents/GitHub/IoT/IoT_I2HM_wyres/Riot_wyres/apps/I2HM_wyres/bin/wyres-base/core_lib//ringbuffer.o
LOAD /Users/leof/Documents/GitHub/IoT/IoT_I2HM_wyres/Riot_wyres/apps/I2HM_wyres/bin/wyres-base/core_lib//rmutex.o
LOAD /Users/leof/Documents/GitHub/IoT/IoT_I2HM_wyres/Riot_wyres/apps/I2HM_wyres/bin/wyres-base/cortexm_common//cortexm_init.o
LOAD /Users/leof/Documents/GitHub/IoT/IoT_I2HM_wyres/Riot_wyres/apps/I2HM_wyres/bin/wyres-base/cortexm_common//mpu.o
LOAD /Users/leof/Documents/GitHub/IoT/IoT_I2HM_wyres/Riot_wyres/apps/I2HM_wyres/bin/wyres-base/cortexm_common//panic.o
LOAD /Users/leof/Documents/GitHub/IoT/IoT_I2HM_wyres/Riot_wyres/apps/I2HM_wyres/bin/wyres-base/cortexm_common//thread_arch.o
LOAD /Users/leof/Documents/GitHub/IoT/IoT_I2HM_wyres/Riot_wyres/apps/I2HM_wyres/bin/wyres-base/cortexm_common//vectors_cortexm.o
LOAD /Users/leof/Documents/GitHub/IoT/IoT_I2HM_wyres/Riot_wyres/apps/I2HM_wyres/bin/wyres-base/cortexm_common_periph//pm.o
LOAD /Users/leof/Documents/GitHub/IoT/IoT_I2HM_wyres/Riot_wyres/apps/I2HM_wyres/bin/wyres-base/cpu//cpu_common.o
LOAD /Users/leof/Documents/GitHub/IoT/IoT_I2HM_wyres/Riot_wyres/apps/I2HM_wyres/bin/wyres-base/cpu//cpu_init.o
LOAD /Users/leof/Documents/GitHub/IoT/IoT_I2HM_wyres/Riot_wyres/apps/I2HM_wyres/bin/wyres-base/crypto//aes.o
LOAD /Users/leof/Documents/GitHub/IoT/IoT_I2HM_wyres/Riot_wyres/apps/I2HM_wyres/bin/wyres-base/crypto//chacha.o
LOAD /Users/leof/Documents/GitHub/IoT/IoT_I2HM_wyres/Riot_wyres/apps/I2HM_wyres/bin/wyres-base/crypto//chacha20poly1305.o
LOAD /Users/leof/Documents/GitHub/IoT/IoT_I2HM_wyres/Riot_wyres/apps/I2HM_wyres/bin/wyres-base/crypto//chacha_prng.o
LOAD /Users/leof/Documents/GitHub/IoT/IoT_I2HM_wyres/Riot_wyres/apps/I2HM_wyres/bin/wyres-base/crypto//ciphers.o
LOAD /Users/leof/Documents/GitHub/IoT/IoT_I2HM_wyres/Riot_wyres/apps/I2HM_wyres/bin/wyres-base/crypto//helper.o
LOAD /Users/leof/Documents/GitHub/IoT/IoT_I2HM_wyres/Riot_wyres/apps/I2HM_wyres/bin/wyres-base/crypto//poly1305.o
LOAD /Users/leof/Documents/GitHub/IoT/IoT_I2HM_wyres/Riot_wyres/apps/I2HM_wyres/bin/wyres-base/div//div.o
LOAD /Users/leof/Documents/GitHub/IoT/IoT_I2HM_wyres/Riot_wyres/apps/I2HM_wyres/bin/wyres-base/driver_bme680//bme680_internal.o
LOAD /Users/leof/Documents/GitHub/IoT/IoT_I2HM_wyres/Riot_wyres/apps/I2HM_wyres/bin/wyres-base/driver_bme680_contrib//bme680_hal.o
LOAD /Users/leof/Documents/GitHub/IoT/IoT_I2HM_wyres/Riot_wyres/apps/I2HM_wyres/bin/wyres-base/fmt//fmt.o
LOAD /Users/leof/Documents/GitHub/IoT/IoT_I2HM_wyres/Riot_wyres/apps/I2HM_wyres/bin/wyres-base/frac//frac.o
LOAD /Users/leof/Documents/GitHub/IoT/IoT_I2HM_wyres/Riot_wyres/apps/I2HM_wyres/bin/wyres-base/hashes//aes128_cmac.o
LOAD /Users/leof/Documents/GitHub/IoT/IoT_I2HM_wyres/Riot_wyres/apps/I2HM_wyres/bin/wyres-base/hashes//hashes.o
LOAD /Users/leof/Documents/GitHub/IoT/IoT_I2HM_wyres/Riot_wyres/apps/I2HM_wyres/bin/wyres-base/hashes//md5.o
LOAD /Users/leof/Documents/GitHub/IoT/IoT_I2HM_wyres/Riot_wyres/apps/I2HM_wyres/bin/wyres-base/hashes//pbkdf2.o
LOAD /Users/leof/Documents/GitHub/IoT/IoT_I2HM_wyres/Riot_wyres/apps/I2HM_wyres/bin/wyres-base/hashes//sha1.o
LOAD /Users/leof/Documents/GitHub/IoT/IoT_I2HM_wyres/Riot_wyres/apps/I2HM_wyres/bin/wyres-base/hashes//sha224.o
LOAD /Users/leof/Documents/GitHub/IoT/IoT_I2HM_wyres/Riot_wyres/apps/I2HM_wyres/bin/wyres-base/hashes//sha256.o
LOAD /Users/leof/Documents/GitHub/IoT/IoT_I2HM_wyres/Riot_wyres/apps/I2HM_wyres/bin/wyres-base/hashes//sha2xx_common.o
LOAD /Users/leof/Documents/GitHub/IoT/IoT_I2HM_wyres/Riot_wyres/apps/I2HM_wyres/bin/wyres-base/hashes//sha3.o
LOAD /Users/leof/Documents/GitHub/IoT/IoT_I2HM_wyres/Riot_wyres/apps/I2HM_wyres/bin/wyres-base/hashes//sha512.o
LOAD /Users/leof/Documents/GitHub/IoT/IoT_I2HM_wyres/Riot_wyres/apps/I2HM_wyres/bin/wyres-base/hashes//sha512_common.o
LOAD /Users/leof/Documents/GitHub/IoT/IoT_I2HM_wyres/Riot_wyres/apps/I2HM_wyres/bin/wyres-base/iolist//iolist.o
LOAD /Users/leof/Documents/GitHub/IoT/IoT_I2HM_wyres/Riot_wyres/apps/I2HM_wyres/bin/wyres-base/libc//string.o
LOAD /Users/leof/Documents/GitHub/IoT/IoT_I2HM_wyres/Riot_wyres/apps/I2HM_wyres/bin/wyres-base/lis2dh12//lis2dh12.o
LOAD /Users/leof/Documents/GitHub/IoT/IoT_I2HM_wyres/Riot_wyres/apps/I2HM_wyres/bin/wyres-base/lis2dh12//lis2dh12_saul.o
LOAD /Users/leof/Documents/GitHub/IoT/IoT_I2HM_wyres/Riot_wyres/apps/I2HM_wyres/bin/wyres-base/loramac_utils//app_clock.o
LOAD /Users/leof/Documents/GitHub/IoT/IoT_I2HM_wyres/Riot_wyres/apps/I2HM_wyres/bin/wyres-base/loramac_utils//loramac_utils.o
LOAD /Users/leof/Documents/GitHub/IoT/IoT_I2HM_wyres/Riot_wyres/apps/I2HM_wyres/bin/wyres-base/loramac_utils//lorawan_network.o
LOAD /Users/leof/Documents/GitHub/IoT/IoT_I2HM_wyres/Riot_wyres/apps/I2HM_wyres/bin/wyres-base/lpsxxx//lpsxxx.o
LOAD /Users/leof/Documents/GitHub/IoT/IoT_I2HM_wyres/Riot_wyres/apps/I2HM_wyres/bin/wyres-base/lpsxxx//lpsxxx_saul.o
LOAD /Users/leof/Documents/GitHub/IoT/IoT_I2HM_wyres/Riot_wyres/apps/I2HM_wyres/bin/wyres-base/luid//luid.o
LOAD /Users/leof/Documents/GitHub/IoT/IoT_I2HM_wyres/Riot_wyres/apps/I2HM_wyres/bin/wyres-base/malloc_thread_safe//malloc_wrappers.o
LOAD /Users/leof/Documents/GitHub/IoT/IoT_I2HM_wyres/Riot_wyres/apps/I2HM_wyres/bin/wyres-base/newlib_syscalls_default//syscalls.o
LOAD /Users/leof/Documents/GitHub/IoT/IoT_I2HM_wyres/Riot_wyres/apps/I2HM_wyres/bin/wyres-base/periph//adc_l1.o
LOAD /Users/leof/Documents/GitHub/IoT/IoT_I2HM_wyres/Riot_wyres/apps/I2HM_wyres/bin/wyres-base/periph//eeprom.o
LOAD /Users/leof/Documents/GitHub/IoT/IoT_I2HM_wyres/Riot_wyres/apps/I2HM_wyres/bin/wyres-base/periph//flash_common.o
LOAD /Users/leof/Documents/GitHub/IoT/IoT_I2HM_wyres/Riot_wyres/apps/I2HM_wyres/bin/wyres-base/periph//gpio_all.o
LOAD /Users/leof/Documents/GitHub/IoT/IoT_I2HM_wyres/Riot_wyres/apps/I2HM_wyres/bin/wyres-base/periph//i2c_2.o
LOAD /Users/leof/Documents/GitHub/IoT/IoT_I2HM_wyres/Riot_wyres/apps/I2HM_wyres/bin/wyres-base/periph//pm.o
LOAD /Users/leof/Documents/GitHub/IoT/IoT_I2HM_wyres/Riot_wyres/apps/I2HM_wyres/bin/wyres-base/periph//rtc_all.o
LOAD /Users/leof/Documents/GitHub/IoT/IoT_I2HM_wyres/Riot_wyres/apps/I2HM_wyres/bin/wyres-base/periph//spi.o
LOAD /Users/leof/Documents/GitHub/IoT/IoT_I2HM_wyres/Riot_wyres/apps/I2HM_wyres/bin/wyres-base/periph//timer.o
LOAD /Users/leof/Documents/GitHub/IoT/IoT_I2HM_wyres/Riot_wyres/apps/I2HM_wyres/bin/wyres-base/periph//uart.o
LOAD /Users/leof/Documents/GitHub/IoT/IoT_I2HM_wyres/Riot_wyres/apps/I2HM_wyres/bin/wyres-base/periph_common//cpuid.o
LOAD /Users/leof/Documents/GitHub/IoT/IoT_I2HM_wyres/Riot_wyres/apps/I2HM_wyres/bin/wyres-base/periph_common//eeprom.o
LOAD /Users/leof/Documents/GitHub/IoT/IoT_I2HM_wyres/Riot_wyres/apps/I2HM_wyres/bin/wyres-base/periph_common//gpio.o
LOAD /Users/leof/Documents/GitHub/IoT/IoT_I2HM_wyres/Riot_wyres/apps/I2HM_wyres/bin/wyres-base/periph_common//i2c.o
LOAD /Users/leof/Documents/GitHub/IoT/IoT_I2HM_wyres/Riot_wyres/apps/I2HM_wyres/bin/wyres-base/periph_common//init.o
LOAD /Users/leof/Documents/GitHub/IoT/IoT_I2HM_wyres/Riot_wyres/apps/I2HM_wyres/bin/wyres-base/periph_common//init_leds.o
LOAD /Users/leof/Documents/GitHub/IoT/IoT_I2HM_wyres/Riot_wyres/apps/I2HM_wyres/bin/wyres-base/periph_common//pm.o
LOAD /Users/leof/Documents/GitHub/IoT/IoT_I2HM_wyres/Riot_wyres/apps/I2HM_wyres/bin/wyres-base/periph_common//spi.o
LOAD /Users/leof/Documents/GitHub/IoT/IoT_I2HM_wyres/Riot_wyres/apps/I2HM_wyres/bin/wyres-base/periph_common//timer.o
LOAD /Users/leof/Documents/GitHub/IoT/IoT_I2HM_wyres/Riot_wyres/apps/I2HM_wyres/bin/wyres-base/phydat//phydat.o
LOAD /Users/leof/Documents/GitHub/IoT/IoT_I2HM_wyres/Riot_wyres/apps/I2HM_wyres/bin/wyres-base/phydat//phydat_json.o
LOAD /Users/leof/Documents/GitHub/IoT/IoT_I2HM_wyres/Riot_wyres/apps/I2HM_wyres/bin/wyres-base/phydat//phydat_str.o
LOAD /Users/leof/Documents/GitHub/IoT/IoT_I2HM_wyres/Riot_wyres/apps/I2HM_wyres/bin/wyres-base/phydat//phydat_unix.o
LOAD /Users/leof/Documents/GitHub/IoT/IoT_I2HM_wyres/Riot_wyres/apps/I2HM_wyres/bin/wyres-base/pm_layered//pm.o
LOAD /Users/leof/Documents/GitHub/IoT/IoT_I2HM_wyres/Riot_wyres/apps/I2HM_wyres/bin/wyres-base/random//musl_lcg.o
LOAD /Users/leof/Documents/GitHub/IoT/IoT_I2HM_wyres/Riot_wyres/apps/I2HM_wyres/bin/wyres-base/random//random.o
LOAD /Users/leof/Documents/GitHub/IoT/IoT_I2HM_wyres/Riot_wyres/apps/I2HM_wyres/bin/wyres-base/rtc_utils//rtc_utils.o
LOAD /Users/leof/Documents/GitHub/IoT/IoT_I2HM_wyres/Riot_wyres/apps/I2HM_wyres/bin/wyres-base/saul//saul.o
LOAD /Users/leof/Documents/GitHub/IoT/IoT_I2HM_wyres/Riot_wyres/apps/I2HM_wyres/bin/wyres-base/saul//saul_str.o
LOAD /Users/leof/Documents/GitHub/IoT/IoT_I2HM_wyres/Riot_wyres/apps/I2HM_wyres/bin/wyres-base/saul_init_devs//auto_init_bme680.o
LOAD /Users/leof/Documents/GitHub/IoT/IoT_I2HM_wyres/Riot_wyres/apps/I2HM_wyres/bin/wyres-base/saul_init_devs//auto_init_lis2dh12.o
LOAD /Users/leof/Documents/GitHub/IoT/IoT_I2HM_wyres/Riot_wyres/apps/I2HM_wyres/bin/wyres-base/saul_init_devs//auto_init_lpsxxx.o
LOAD /Users/leof/Documents/GitHub/IoT/IoT_I2HM_wyres/Riot_wyres/apps/I2HM_wyres/bin/wyres-base/saul_init_devs//init.o
LOAD /Users/leof/Documents/GitHub/IoT/IoT_I2HM_wyres/Riot_wyres/apps/I2HM_wyres/bin/wyres-base/saul_reg//saul_reg.o
LOAD /Users/leof/Documents/GitHub/IoT/IoT_I2HM_wyres/Riot_wyres/apps/I2HM_wyres/bin/wyres-base/semtech_loramac_arch//utilities.o
LOAD /Users/leof/Documents/GitHub/IoT/IoT_I2HM_wyres/Riot_wyres/apps/I2HM_wyres/bin/wyres-base/semtech_loramac_contrib//semtech_loramac.o
LOAD /Users/leof/Documents/GitHub/IoT/IoT_I2HM_wyres/Riot_wyres/apps/I2HM_wyres/bin/wyres-base/semtech_loramac_contrib//semtech_loramac_getset.o
LOAD /Users/leof/Documents/GitHub/IoT/IoT_I2HM_wyres/Riot_wyres/apps/I2HM_wyres/bin/wyres-base/semtech_loramac_contrib//semtech_loramac_radio.o
LOAD /Users/leof/Documents/GitHub/IoT/IoT_I2HM_wyres/Riot_wyres/apps/I2HM_wyres/bin/wyres-base/semtech_loramac_contrib//semtech_loramac_timer.o
LOAD /Users/leof/Documents/GitHub/IoT/IoT_I2HM_wyres/Riot_wyres/apps/I2HM_wyres/bin/wyres-base/semtech_loramac_crypto//cmac.o
LOAD /Users/leof/Documents/GitHub/IoT/IoT_I2HM_wyres/Riot_wyres/apps/I2HM_wyres/bin/wyres-base/semtech_loramac_mac//LoRaMac.o
LOAD /Users/leof/Documents/GitHub/IoT/IoT_I2HM_wyres/Riot_wyres/apps/I2HM_wyres/bin/wyres-base/semtech_loramac_mac//LoRaMacCrypto.o
LOAD /Users/leof/Documents/GitHub/IoT/IoT_I2HM_wyres/Riot_wyres/apps/I2HM_wyres/bin/wyres-base/semtech_loramac_mac_region//Region.o
LOAD /Users/leof/Documents/GitHub/IoT/IoT_I2HM_wyres/Riot_wyres/apps/I2HM_wyres/bin/wyres-base/semtech_loramac_mac_region//RegionAS923.o
LOAD /Users/leof/Documents/GitHub/IoT/IoT_I2HM_wyres/Riot_wyres/apps/I2HM_wyres/bin/wyres-base/semtech_loramac_mac_region//RegionAU915.o
LOAD /Users/leof/Documents/GitHub/IoT/IoT_I2HM_wyres/Riot_wyres/apps/I2HM_wyres/bin/wyres-base/semtech_loramac_mac_region//RegionCN470.o
LOAD /Users/leof/Documents/GitHub/IoT/IoT_I2HM_wyres/Riot_wyres/apps/I2HM_wyres/bin/wyres-base/semtech_loramac_mac_region//RegionCN779.o
LOAD /Users/leof/Documents/GitHub/IoT/IoT_I2HM_wyres/Riot_wyres/apps/I2HM_wyres/bin/wyres-base/semtech_loramac_mac_region//RegionCommon.o
LOAD /Users/leof/Documents/GitHub/IoT/IoT_I2HM_wyres/Riot_wyres/apps/I2HM_wyres/bin/wyres-base/semtech_loramac_mac_region//RegionEU433.o
LOAD /Users/leof/Documents/GitHub/IoT/IoT_I2HM_wyres/Riot_wyres/apps/I2HM_wyres/bin/wyres-base/semtech_loramac_mac_region//RegionEU868.o
LOAD /Users/leof/Documents/GitHub/IoT/IoT_I2HM_wyres/Riot_wyres/apps/I2HM_wyres/bin/wyres-base/semtech_loramac_mac_region//RegionIN865.o
LOAD /Users/leof/Documents/GitHub/IoT/IoT_I2HM_wyres/Riot_wyres/apps/I2HM_wyres/bin/wyres-base/semtech_loramac_mac_region//RegionKR920.o
LOAD /Users/leof/Documents/GitHub/IoT/IoT_I2HM_wyres/Riot_wyres/apps/I2HM_wyres/bin/wyres-base/semtech_loramac_mac_region//RegionRU864.o
LOAD /Users/leof/Documents/GitHub/IoT/IoT_I2HM_wyres/Riot_wyres/apps/I2HM_wyres/bin/wyres-base/semtech_loramac_mac_region//RegionUS915-Hybrid.o
LOAD /Users/leof/Documents/GitHub/IoT/IoT_I2HM_wyres/Riot_wyres/apps/I2HM_wyres/bin/wyres-base/semtech_loramac_mac_region//RegionUS915.o
LOAD /Users/leof/Documents/GitHub/IoT/IoT_I2HM_wyres/Riot_wyres/apps/I2HM_wyres/bin/wyres-base/sen15901//sen15901.o
LOAD /Users/leof/Documents/GitHub/IoT/IoT_I2HM_wyres/Riot_wyres/apps/I2HM_wyres/bin/wyres-base/stdio_uart//stdio_uart.o
LOAD /Users/leof/Documents/GitHub/IoT/IoT_I2HM_wyres/Riot_wyres/apps/I2HM_wyres/bin/wyres-base/stm32_clk//stmclk_common.o
LOAD /Users/leof/Documents/GitHub/IoT/IoT_I2HM_wyres/Riot_wyres/apps/I2HM_wyres/bin/wyres-base/stm32_clk//stmclk_l0l1.o
LOAD /Users/leof/Documents/GitHub/IoT/IoT_I2HM_wyres/Riot_wyres/apps/I2HM_wyres/bin/wyres-base/stm32_vectors//STM32L151xC.o
LOAD /Users/leof/Documents/GitHub/IoT/IoT_I2HM_wyres/Riot_wyres/apps/I2HM_wyres/bin/wyres-base/sx127x//sx127x.o
LOAD /Users/leof/Documents/GitHub/IoT/IoT_I2HM_wyres/Riot_wyres/apps/I2HM_wyres/bin/wyres-base/sx127x//sx127x_getset.o
LOAD /Users/leof/Documents/GitHub/IoT/IoT_I2HM_wyres/Riot_wyres/apps/I2HM_wyres/bin/wyres-base/sx127x//sx127x_internal.o
LOAD /Users/leof/Documents/GitHub/IoT/IoT_I2HM_wyres/Riot_wyres/apps/I2HM_wyres/bin/wyres-base/sx127x//sx127x_netdev.o
LOAD /Users/leof/Documents/GitHub/IoT/IoT_I2HM_wyres/Riot_wyres/apps/I2HM_wyres/bin/wyres-base/ztimer_core//convert.o
LOAD /Users/leof/Documents/GitHub/IoT/IoT_I2HM_wyres/Riot_wyres/apps/I2HM_wyres/bin/wyres-base/ztimer_core//convert_frac.o
LOAD /Users/leof/Documents/GitHub/IoT/IoT_I2HM_wyres/Riot_wyres/apps/I2HM_wyres/bin/wyres-base/ztimer_core//convert_shift.o
LOAD /Users/leof/Documents/GitHub/IoT/IoT_I2HM_wyres/Riot_wyres/apps/I2HM_wyres/bin/wyres-base/ztimer_core//core.o
LOAD /Users/leof/Documents/GitHub/IoT/IoT_I2HM_wyres/Riot_wyres/apps/I2HM_wyres/bin/wyres-base/ztimer_core//init.o
LOAD /Users/leof/Documents/GitHub/IoT/IoT_I2HM_wyres/Riot_wyres/apps/I2HM_wyres/bin/wyres-base/ztimer_core//periodic.o
LOAD /Users/leof/Documents/GitHub/IoT/IoT_I2HM_wyres/Riot_wyres/apps/I2HM_wyres/bin/wyres-base/ztimer_core//periph_timer.o
LOAD /Users/leof/Documents/GitHub/IoT/IoT_I2HM_wyres/Riot_wyres/apps/I2HM_wyres/bin/wyres-base/ztimer_core//util.o
LOAD /usr/local/Cellar/gcc-arm-none-eabi-80/20181220/bin/../lib/gcc/arm-none-eabi/8.2.1/../../../../arm-none-eabi/lib/thumb/v7-m/nofp/libm.a
LOAD /usr/local/Cellar/gcc-arm-none-eabi-80/20181220/bin/../lib/gcc/arm-none-eabi/8.2.1/thumb/v7-m/nofp/libgcc.a
                0x0000000008000000                _rom_start_addr = 0x8000000
                0x0000000020000000                _ram_start_addr = 0x20000000
                0x0000000000040000                _rom_length = 0x40000
                0x0000000000008000                _ram_length = 0x8000
LOAD /usr/local/Cellar/gcc-arm-none-eabi-80/20181220/bin/../lib/gcc/arm-none-eabi/8.2.1/../../../../arm-none-eabi/lib/thumb/v7-m/nofp/libc_nano.a
START GROUP
LOAD /usr/local/Cellar/gcc-arm-none-eabi-80/20181220/bin/../lib/gcc/arm-none-eabi/8.2.1/thumb/v7-m/nofp/libgcc.a
LOAD /usr/local/Cellar/gcc-arm-none-eabi-80/20181220/bin/../lib/gcc/arm-none-eabi/8.2.1/../../../../arm-none-eabi/lib/thumb/v7-m/nofp/libc_nano.a
END GROUP
START GROUP
LOAD /usr/local/Cellar/gcc-arm-none-eabi-80/20181220/bin/../lib/gcc/arm-none-eabi/8.2.1/thumb/v7-m/nofp/libgcc.a
LOAD /usr/local/Cellar/gcc-arm-none-eabi-80/20181220/bin/../lib/gcc/arm-none-eabi/8.2.1/../../../../arm-none-eabi/lib/thumb/v7-m/nofp/libc_nano.a
END GROUP
                0x0000000000000000                ccmram_length = DEFINED (_ccmram_len)?_ccmram_len:0x0
                0x0000000000000000                sram4_addr = DEFINED (_sram4_length)?0x28000000:0x0
                0x0000000000000000                sram4_length = DEFINED (_sram4_length)?_sram4_length:0x0
                0x0000000000000000                fmc_ram_addr = DEFINED (_fmc_ram_addr)?_fmc_ram_addr:0x0
                0x0000000000000000                fmc_ram_len = DEFINED (_fmc_ram_len)?_fmc_ram_len:0x0

.heap2          0x0000000000000000        0x0
                0x0000000000000000                _sheap2 = ORIGIN (sram4)
                0x0000000000000000                _eheap2 = (ORIGIN (sram4) + LENGTH (sram4))

.heap4          0x0000000000000000        0x0
                0x0000000000000000                _sheap3 = ORIGIN (fmcram)
                0x0000000000000000                _eheap3 = (ORIGIN (fmcram) + LENGTH (fmcram))
                0x0000000000000000                _rom_offset = DEFINED (_rom_offset)?_rom_offset:0x0
                0x0000000000040000                _fw_rom_length = DEFINED (_fw_rom_length)?_fw_rom_length:(_rom_length - _rom_offset)
                0x0000000000000001                ASSERT ((_fw_rom_length <= (_rom_length - _rom_offset)), Specified firmware size does not fit in ROM)
                0x0000000000000000                _backup_ram_start_addr = DEFINED (_backup_ram_start_addr)?_backup_ram_start_addr:0x0
                0x0000000000000000                _backup_ram_len = DEFINED (_backup_ram_len)?_backup_ram_len:0x0

.text           0x0000000008000000    0x10bb8
                0x0000000008000000                . = ALIGN (0x4)
                0x0000000008000000                _sfixed = .
                0x0000000008000000                _isr_vectors = DEFINED (_isr_vectors)?_isr_vectors:.
 *(SORT_BY_NAME(.vectors*))
 .vectors.0     0x0000000008000000       0x40 /Users/leof/Documents/GitHub/IoT/IoT_I2HM_wyres/Riot_wyres/apps/I2HM_wyres/bin/wyres-base/cortexm_common//vectors_cortexm.o
                0x0000000008000000                cortex_vector_base
 .vectors.1     0x0000000008000040       0xe4 /Users/leof/Documents/GitHub/IoT/IoT_I2HM_wyres/Riot_wyres/apps/I2HM_wyres/bin/wyres-base/stm32_vectors//STM32L151xC.o
                0x0000000008000040                vector_cpu
 *(.text .text.* .gnu.linkonce.t.*)
 .text.cb_rtc_puts
                0x0000000008000124        0x4 /Users/leof/Documents/GitHub/IoT/IoT_I2HM_wyres/Riot_wyres/apps/I2HM_wyres/bin/wyres-base/application_I2HM_CLIMATE_STATION//main.o
 .text.btn_cb   0x0000000008000128       0x20 /Users/leof/Documents/GitHub/IoT/IoT_I2HM_wyres/Riot_wyres/apps/I2HM_wyres/bin/wyres-base/application_I2HM_CLIMATE_STATION//main.o
 .text.initialization_adc
                0x0000000008000148       0x68 /Users/leof/Documents/GitHub/IoT/IoT_I2HM_wyres/Riot_wyres/apps/I2HM_wyres/bin/wyres-base/application_I2HM_CLIMATE_STATION//main.o
                0x0000000008000148                initialization_adc
 .text.initialization_join_cayenne
                0x00000000080001b0       0x54 /Users/leof/Documents/GitHub/IoT/IoT_I2HM_wyres/Riot_wyres/apps/I2HM_wyres/bin/wyres-base/application_I2HM_CLIMATE_STATION//main.o
                0x00000000080001b0                initialization_join_cayenne
 .text.display_luminosity
                0x0000000008000204       0x40 /Users/leof/Documents/GitHub/IoT/IoT_I2HM_wyres/Riot_wyres/apps/I2HM_wyres/bin/wyres-base/application_I2HM_CLIMATE_STATION//main.o
                0x0000000008000204                display_luminosity
 .text.initialization_sen15901
                0x0000000008000244       0x50 /Users/leof/Documents/GitHub/IoT/IoT_I2HM_wyres/Riot_wyres/apps/I2HM_wyres/bin/wyres-base/application_I2HM_CLIMATE_STATION//main.o
                0x0000000008000244                initialization_sen15901
 *fill*         0x0000000008000294        0x4 
 .text.display_sen15901
                0x0000000008000298      0x110 /Users/leof/Documents/GitHub/IoT/IoT_I2HM_wyres/Riot_wyres/apps/I2HM_wyres/bin/wyres-base/application_I2HM_CLIMATE_STATION//main.o
                0x0000000008000298                display_sen15901
 .text.startup.main
                0x00000000080003a8      0x434 /Users/leof/Documents/GitHub/IoT/IoT_I2HM_wyres/Riot_wyres/apps/I2HM_wyres/bin/wyres-base/application_I2HM_CLIMATE_STATION//main.o
                0x00000000080003a8                main
 .text.auto_init
                0x00000000080007dc       0x24 /Users/leof/Documents/GitHub/IoT/IoT_I2HM_wyres/Riot_wyres/apps/I2HM_wyres/bin/wyres-base/auto_init//auto_init.o
                0x00000000080007dc                auto_init
 .text.auto_init_loramac
                0x0000000008000800       0x30 /Users/leof/Documents/GitHub/IoT/IoT_I2HM_wyres/Riot_wyres/apps/I2HM_wyres/bin/wyres-base/auto_init_loramac//auto_init_loramac.o
                0x0000000008000800                auto_init_loramac
 .text.bme680_init
                0x0000000008000830       0xa8 /Users/leof/Documents/GitHub/IoT/IoT_I2HM_wyres/Riot_wyres/apps/I2HM_wyres/bin/wyres-base/bme680//bme680.o
                0x0000000008000830                bme680_init
 .text.bme680_force_measurement
                0x00000000080008d8       0x14 /Users/leof/Documents/GitHub/IoT/IoT_I2HM_wyres/Riot_wyres/apps/I2HM_wyres/bin/wyres-base/bme680//bme680.o
                0x00000000080008d8                bme680_force_measurement
 .text.bme680_get_duration
                0x00000000080008ec       0x1c /Users/leof/Documents/GitHub/IoT/IoT_I2HM_wyres/Riot_wyres/apps/I2HM_wyres/bin/wyres-base/bme680//bme680.o
                0x00000000080008ec                bme680_get_duration
 .text.bme680_get_data
                0x0000000008000908       0x1e /Users/leof/Documents/GitHub/IoT/IoT_I2HM_wyres/Riot_wyres/apps/I2HM_wyres/bin/wyres-base/bme680//bme680.o
                0x0000000008000908                bme680_get_data
 *fill*         0x0000000008000926        0x2 
 .text._read    0x0000000008000928       0xb0 /Users/leof/Documents/GitHub/IoT/IoT_I2HM_wyres/Riot_wyres/apps/I2HM_wyres/bin/wyres-base/bme680//bme680_saul.o
 .text.read_gas
                0x00000000080009d8       0x58 /Users/leof/Documents/GitHub/IoT/IoT_I2HM_wyres/Riot_wyres/apps/I2HM_wyres/bin/wyres-base/bme680//bme680_saul.o
 .text.read_hum
                0x0000000008000a30       0x40 /Users/leof/Documents/GitHub/IoT/IoT_I2HM_wyres/Riot_wyres/apps/I2HM_wyres/bin/wyres-base/bme680//bme680_saul.o
 .text.read_temp
                0x0000000008000a70       0x40 /Users/leof/Documents/GitHub/IoT/IoT_I2HM_wyres/Riot_wyres/apps/I2HM_wyres/bin/wyres-base/bme680//bme680_saul.o
 .text.read_press
                0x0000000008000ab0       0x40 /Users/leof/Documents/GitHub/IoT/IoT_I2HM_wyres/Riot_wyres/apps/I2HM_wyres/bin/wyres-base/bme680//bme680_saul.o
 .text.board_init
                0x0000000008000af0       0x38 /Users/leof/Documents/GitHub/IoT/IoT_I2HM_wyres/Riot_wyres/apps/I2HM_wyres/bin/wyres-base/board//board.o
                0x0000000008000af0                board_init
 .text.cayenne_lpp_reset
                0x0000000008000b28       0x12 /Users/leof/Documents/GitHub/IoT/IoT_I2HM_wyres/Riot_wyres/apps/I2HM_wyres/bin/wyres-base/cayenne-lpp//cayenne_lpp.o
                0x0000000008000b28                cayenne_lpp_reset
 *fill*         0x0000000008000b3a        0x2 
 .text.cayenne_lpp_add_analog_input
                0x0000000008000b3c       0x44 /Users/leof/Documents/GitHub/IoT/IoT_I2HM_wyres/Riot_wyres/apps/I2HM_wyres/bin/wyres-base/cayenne-lpp//cayenne_lpp.o
                0x0000000008000b3c                cayenne_lpp_add_analog_input
 .text.cayenne_lpp_add_luminosity
                0x0000000008000b80       0x2e /Users/leof/Documents/GitHub/IoT/IoT_I2HM_wyres/Riot_wyres/apps/I2HM_wyres/bin/wyres-base/cayenne-lpp//cayenne_lpp.o
                0x0000000008000b80                cayenne_lpp_add_luminosity
 *fill*         0x0000000008000bae        0x2 
 .text.cayenne_lpp_add_temperature
                0x0000000008000bb0       0x44 /Users/leof/Documents/GitHub/IoT/IoT_I2HM_wyres/Riot_wyres/apps/I2HM_wyres/bin/wyres-base/cayenne-lpp//cayenne_lpp.o
                0x0000000008000bb0                cayenne_lpp_add_temperature
 .text.cayenne_lpp_add_relative_humidity
                0x0000000008000bf4       0x34 /Users/leof/Documents/GitHub/IoT/IoT_I2HM_wyres/Riot_wyres/apps/I2HM_wyres/bin/wyres-base/cayenne-lpp//cayenne_lpp.o
                0x0000000008000bf4                cayenne_lpp_add_relative_humidity
 .text.cayenne_lpp_add_barometric_pressure
                0x0000000008000c28       0x44 /Users/leof/Documents/GitHub/IoT/IoT_I2HM_wyres/Riot_wyres/apps/I2HM_wyres/bin/wyres-base/cayenne-lpp//cayenne_lpp.o
                0x0000000008000c28                cayenne_lpp_add_barometric_pressure
 .text._msg_receive
                0x0000000008000c6c       0xe4 /Users/leof/Documents/GitHub/IoT/IoT_I2HM_wyres/Riot_wyres/apps/I2HM_wyres/bin/wyres-base/core//msg.o
 .text.queue_msg
                0x0000000008000d50       0x2a /Users/leof/Documents/GitHub/IoT/IoT_I2HM_wyres/Riot_wyres/apps/I2HM_wyres/bin/wyres-base/core//msg.o
 *fill*         0x0000000008000d7a        0x2 
 .text._msg_send_oneway
                0x0000000008000d7c       0x44 /Users/leof/Documents/GitHub/IoT/IoT_I2HM_wyres/Riot_wyres/apps/I2HM_wyres/bin/wyres-base/core//msg.o
 .text._msg_send
                0x0000000008000dc0       0xa4 /Users/leof/Documents/GitHub/IoT/IoT_I2HM_wyres/Riot_wyres/apps/I2HM_wyres/bin/wyres-base/core//msg.o
 .text.msg_send_to_self
                0x0000000008000e64       0x28 /Users/leof/Documents/GitHub/IoT/IoT_I2HM_wyres/Riot_wyres/apps/I2HM_wyres/bin/wyres-base/core//msg.o
                0x0000000008000e64                msg_send_to_self
 .text.msg_send_int
                0x0000000008000e8c        0x8 /Users/leof/Documents/GitHub/IoT/IoT_I2HM_wyres/Riot_wyres/apps/I2HM_wyres/bin/wyres-base/core//msg.o
                0x0000000008000e8c                msg_send_int
 .text.msg_send
                0x0000000008000e94       0x2c /Users/leof/Documents/GitHub/IoT/IoT_I2HM_wyres/Riot_wyres/apps/I2HM_wyres/bin/wyres-base/core//msg.o
                0x0000000008000e94                msg_send
 .text.msg_send_receive
                0x0000000008000ec0       0x4c /Users/leof/Documents/GitHub/IoT/IoT_I2HM_wyres/Riot_wyres/apps/I2HM_wyres/bin/wyres-base/core//msg.o
                0x0000000008000ec0                msg_send_receive
 .text.msg_reply
                0x0000000008000f0c       0x4c /Users/leof/Documents/GitHub/IoT/IoT_I2HM_wyres/Riot_wyres/apps/I2HM_wyres/bin/wyres-base/core//msg.o
                0x0000000008000f0c                msg_reply
 .text.msg_receive
                0x0000000008000f58        0x6 /Users/leof/Documents/GitHub/IoT/IoT_I2HM_wyres/Riot_wyres/apps/I2HM_wyres/bin/wyres-base/core//msg.o
                0x0000000008000f58                msg_receive
 *fill*         0x0000000008000f5e        0x2 
 .text.msg_init_queue
                0x0000000008000f60       0x20 /Users/leof/Documents/GitHub/IoT/IoT_I2HM_wyres/Riot_wyres/apps/I2HM_wyres/bin/wyres-base/core//msg.o
                0x0000000008000f60                msg_init_queue
 .text.mutex_lock_internal
                0x0000000008000f80       0x70 /Users/leof/Documents/GitHub/IoT/IoT_I2HM_wyres/Riot_wyres/apps/I2HM_wyres/bin/wyres-base/core//mutex.o
                0x0000000008000f80                mutex_lock_internal
 .text.mutex_unlock
                0x0000000008000ff0       0x44 /Users/leof/Documents/GitHub/IoT/IoT_I2HM_wyres/Riot_wyres/apps/I2HM_wyres/bin/wyres-base/core//mutex.o
                0x0000000008000ff0                mutex_unlock
 .text._unschedule
                0x0000000008001034       0x30 /Users/leof/Documents/GitHub/IoT/IoT_I2HM_wyres/Riot_wyres/apps/I2HM_wyres/bin/wyres-base/core//sched.o
 .text.sched_run
                0x0000000008001064       0x7c /Users/leof/Documents/GitHub/IoT/IoT_I2HM_wyres/Riot_wyres/apps/I2HM_wyres/bin/wyres-base/core//sched.o
                0x0000000008001064                sched_run
 .text.sched_set_status
                0x00000000080010e0       0x80 /Users/leof/Documents/GitHub/IoT/IoT_I2HM_wyres/Riot_wyres/apps/I2HM_wyres/bin/wyres-base/core//sched.o
                0x00000000080010e0                sched_set_status
 .text.sched_switch
                0x0000000008001160       0x3c /Users/leof/Documents/GitHub/IoT/IoT_I2HM_wyres/Riot_wyres/apps/I2HM_wyres/bin/wyres-base/core//sched.o
                0x0000000008001160                sched_switch
 .text.sched_task_exit
                0x000000000800119c       0x40 /Users/leof/Documents/GitHub/IoT/IoT_I2HM_wyres/Riot_wyres/apps/I2HM_wyres/bin/wyres-base/core//sched.o
                0x000000000800119c                sched_task_exit
 .text.thread_getname
                0x00000000080011dc       0x1c /Users/leof/Documents/GitHub/IoT/IoT_I2HM_wyres/Riot_wyres/apps/I2HM_wyres/bin/wyres-base/core//thread.o
                0x00000000080011dc                thread_getname
 .text.thread_add_to_list
                0x00000000080011f8       0x28 /Users/leof/Documents/GitHub/IoT/IoT_I2HM_wyres/Riot_wyres/apps/I2HM_wyres/bin/wyres-base/core//thread.o
                0x00000000080011f8                thread_add_to_list
 .text.thread_create
                0x0000000008001220       0xe8 /Users/leof/Documents/GitHub/IoT/IoT_I2HM_wyres/Riot_wyres/apps/I2HM_wyres/bin/wyres-base/core//thread.o
                0x0000000008001220                thread_create
 .text._assert_panic
                0x0000000008001308       0x1c /Users/leof/Documents/GitHub/IoT/IoT_I2HM_wyres/Riot_wyres/apps/I2HM_wyres/bin/wyres-base/core_lib//assert.o
                0x0000000008001308                _assert_panic
 .text.main_trampoline
                0x0000000008001324       0x18 /Users/leof/Documents/GitHub/IoT/IoT_I2HM_wyres/Riot_wyres/apps/I2HM_wyres/bin/wyres-base/core_lib//init.o
 .text.kernel_init
                0x000000000800133c       0x34 /Users/leof/Documents/GitHub/IoT/IoT_I2HM_wyres/Riot_wyres/apps/I2HM_wyres/bin/wyres-base/core_lib//init.o
                0x000000000800133c                kernel_init
 .text.early_init
                0x0000000008001370        0xe /Users/leof/Documents/GitHub/IoT/IoT_I2HM_wyres/Riot_wyres/apps/I2HM_wyres/bin/wyres-base/core_lib//init.o
                0x0000000008001370                early_init
 .text.panic_app
                0x000000000800137e        0x2 /Users/leof/Documents/GitHub/IoT/IoT_I2HM_wyres/Riot_wyres/apps/I2HM_wyres/bin/wyres-base/core_lib//panic.o
                0x000000000800137e                panic_app
 .text.core_panic
                0x0000000008001380       0x3c /Users/leof/Documents/GitHub/IoT/IoT_I2HM_wyres/Riot_wyres/apps/I2HM_wyres/bin/wyres-base/core_lib//panic.o
                0x0000000008001380                core_panic
 .text.cortexm_init
                0x00000000080013bc       0x40 /Users/leof/Documents/GitHub/IoT/IoT_I2HM_wyres/Riot_wyres/apps/I2HM_wyres/bin/wyres-base/cortexm_common//cortexm_init.o
                0x00000000080013bc                cortexm_init
 .text.mpu_enable
                0x00000000080013fc       0x20 /Users/leof/Documents/GitHub/IoT/IoT_I2HM_wyres/Riot_wyres/apps/I2HM_wyres/bin/wyres-base/cortexm_common//mpu.o
                0x00000000080013fc                mpu_enable
 .text.mpu_configure
                0x000000000800141c       0x18 /Users/leof/Documents/GitHub/IoT/IoT_I2HM_wyres/Riot_wyres/apps/I2HM_wyres/bin/wyres-base/cortexm_common//mpu.o
                0x000000000800141c                mpu_configure
 .text.panic_arch
                0x0000000008001434       0x1c /Users/leof/Documents/GitHub/IoT/IoT_I2HM_wyres/Riot_wyres/apps/I2HM_wyres/bin/wyres-base/cortexm_common//panic.o
                0x0000000008001434                panic_arch
 .text.thread_stack_init
                0x0000000008001450       0x64 /Users/leof/Documents/GitHub/IoT/IoT_I2HM_wyres/Riot_wyres/apps/I2HM_wyres/bin/wyres-base/cortexm_common//thread_arch.o
                0x0000000008001450                thread_stack_init
 .text.cpu_switch_context_exit
                0x00000000080014b4       0x18 /Users/leof/Documents/GitHub/IoT/IoT_I2HM_wyres/Riot_wyres/apps/I2HM_wyres/bin/wyres-base/cortexm_common//thread_arch.o
                0x00000000080014b4                cpu_switch_context_exit
 .text.isr_pendsv
                0x00000000080014cc       0x38 /Users/leof/Documents/GitHub/IoT/IoT_I2HM_wyres/Riot_wyres/apps/I2HM_wyres/bin/wyres-base/cortexm_common//thread_arch.o
                0x00000000080014cc                isr_pendsv
 .text.isr_svc  0x0000000008001504       0x10 /Users/leof/Documents/GitHub/IoT/IoT_I2HM_wyres/Riot_wyres/apps/I2HM_wyres/bin/wyres-base/cortexm_common//thread_arch.o
                0x0000000008001504                isr_svc
 .text.sched_arch_idle
                0x0000000008001514       0x10 /Users/leof/Documents/GitHub/IoT/IoT_I2HM_wyres/Riot_wyres/apps/I2HM_wyres/bin/wyres-base/cortexm_common//thread_arch.o
                0x0000000008001514                sched_arch_idle
 .text.hard_fault_default
                0x0000000008001524       0x44 /Users/leof/Documents/GitHub/IoT/IoT_I2HM_wyres/Riot_wyres/apps/I2HM_wyres/bin/wyres-base/cortexm_common//vectors_cortexm.o
                0x0000000008001524                hard_fault_default
 .text.nmi_handler
                0x0000000008001568       0x10 /Users/leof/Documents/GitHub/IoT/IoT_I2HM_wyres/Riot_wyres/apps/I2HM_wyres/bin/wyres-base/cortexm_common//vectors_cortexm.o
                0x0000000008001568                nmi_handler
 .text.mem_manage_default
                0x0000000008001578       0x10 /Users/leof/Documents/GitHub/IoT/IoT_I2HM_wyres/Riot_wyres/apps/I2HM_wyres/bin/wyres-base/cortexm_common//vectors_cortexm.o
                0x0000000008001578                mem_manage_default
 .text.bus_fault_default
                0x0000000008001588       0x10 /Users/leof/Documents/GitHub/IoT/IoT_I2HM_wyres/Riot_wyres/apps/I2HM_wyres/bin/wyres-base/cortexm_common//vectors_cortexm.o
                0x0000000008001588                bus_fault_default
 .text.usage_fault_default
                0x0000000008001598       0x10 /Users/leof/Documents/GitHub/IoT/IoT_I2HM_wyres/Riot_wyres/apps/I2HM_wyres/bin/wyres-base/cortexm_common//vectors_cortexm.o
                0x0000000008001598                usage_fault_default
 .text.debug_mon_default
                0x00000000080015a8       0x10 /Users/leof/Documents/GitHub/IoT/IoT_I2HM_wyres/Riot_wyres/apps/I2HM_wyres/bin/wyres-base/cortexm_common//vectors_cortexm.o
                0x00000000080015a8                debug_mon_default
 .text.dummy_handler_default
                0x00000000080015b8       0x10 /Users/leof/Documents/GitHub/IoT/IoT_I2HM_wyres/Riot_wyres/apps/I2HM_wyres/bin/wyres-base/cortexm_common//vectors_cortexm.o
                0x00000000080015b8                dummy_handler_default
                0x00000000080015b8                isr_systick
 .text.pre_startup
                0x00000000080015c8        0x2 /Users/leof/Documents/GitHub/IoT/IoT_I2HM_wyres/Riot_wyres/apps/I2HM_wyres/bin/wyres-base/cortexm_common//vectors_cortexm.o
                0x00000000080015c8                pre_startup
 .text.post_startup
                0x00000000080015ca        0x2 /Users/leof/Documents/GitHub/IoT/IoT_I2HM_wyres/Riot_wyres/apps/I2HM_wyres/bin/wyres-base/cortexm_common//vectors_cortexm.o
                0x00000000080015ca                post_startup
 .text.reset_handler_default
                0x00000000080015cc       0x8c /Users/leof/Documents/GitHub/IoT/IoT_I2HM_wyres/Riot_wyres/apps/I2HM_wyres/bin/wyres-base/cortexm_common//vectors_cortexm.o
                0x00000000080015cc                reset_handler_default
 .text.hard_fault_handler
                0x0000000008001658      0x1b8 /Users/leof/Documents/GitHub/IoT/IoT_I2HM_wyres/Riot_wyres/apps/I2HM_wyres/bin/wyres-base/cortexm_common//vectors_cortexm.o
                0x0000000008001658                hard_fault_handler
 .text.pm_reboot
                0x0000000008001810       0x24 /Users/leof/Documents/GitHub/IoT/IoT_I2HM_wyres/Riot_wyres/apps/I2HM_wyres/bin/wyres-base/cortexm_common_periph//pm.o
                0x0000000008001810                pm_reboot
 .text.periph_apb_clk
                0x0000000008001834        0x8 /Users/leof/Documents/GitHub/IoT/IoT_I2HM_wyres/Riot_wyres/apps/I2HM_wyres/bin/wyres-base/cpu//cpu_common.o
                0x0000000008001834                periph_apb_clk
 .text.periph_timer_clk
                0x000000000800183c       0x14 /Users/leof/Documents/GitHub/IoT/IoT_I2HM_wyres/Riot_wyres/apps/I2HM_wyres/bin/wyres-base/cpu//cpu_common.o
                0x000000000800183c                periph_timer_clk
 .text.periph_clk_en
                0x0000000008001850       0x34 /Users/leof/Documents/GitHub/IoT/IoT_I2HM_wyres/Riot_wyres/apps/I2HM_wyres/bin/wyres-base/cpu//cpu_common.o
                0x0000000008001850                periph_clk_en
 .text.periph_clk_dis
                0x0000000008001884       0x34 /Users/leof/Documents/GitHub/IoT/IoT_I2HM_wyres/Riot_wyres/apps/I2HM_wyres/bin/wyres-base/cpu//cpu_common.o
                0x0000000008001884                periph_clk_dis
 .text.cpu_init
                0x00000000080018b8       0x68 /Users/leof/Documents/GitHub/IoT/IoT_I2HM_wyres/Riot_wyres/apps/I2HM_wyres/bin/wyres-base/cpu//cpu_init.o
                0x00000000080018b8                cpu_init
 .text.aes_init
                0x0000000008001920       0x22 /Users/leof/Documents/GitHub/IoT/IoT_I2HM_wyres/Riot_wyres/apps/I2HM_wyres/bin/wyres-base/crypto//aes.o
                0x0000000008001920                aes_init
 *fill*         0x0000000008001942        0x2 
 .text.aes_set_encrypt_key.constprop.2
                0x0000000008001944       0xf8 /Users/leof/Documents/GitHub/IoT/IoT_I2HM_wyres/Riot_wyres/apps/I2HM_wyres/bin/wyres-base/crypto//aes.o
 .text.aes_encrypt
                0x0000000008001a3c      0x358 /Users/leof/Documents/GitHub/IoT/IoT_I2HM_wyres/Riot_wyres/apps/I2HM_wyres/bin/wyres-base/crypto//aes.o
                0x0000000008001a3c                aes_encrypt
 .text.null_ptr_check
                0x0000000008001d94       0x1c /Users/leof/Documents/GitHub/IoT/IoT_I2HM_wyres/Riot_wyres/apps/I2HM_wyres/bin/wyres-base/driver_bme680//bme680_internal.o
 .text.set_mem_page
                0x0000000008001db0       0x68 /Users/leof/Documents/GitHub/IoT/IoT_I2HM_wyres/Riot_wyres/apps/I2HM_wyres/bin/wyres-base/driver_bme680//bme680_internal.o
 .text.get_mem_page.part.3
                0x0000000008001e18       0x2c /Users/leof/Documents/GitHub/IoT/IoT_I2HM_wyres/Riot_wyres/apps/I2HM_wyres/bin/wyres-base/driver_bme680//bme680_internal.o
 .text.boundary_check.isra.1.constprop.6
                0x0000000008001e44       0x1c /Users/leof/Documents/GitHub/IoT/IoT_I2HM_wyres/Riot_wyres/apps/I2HM_wyres/bin/wyres-base/driver_bme680//bme680_internal.o
 .text.bme680_get_regs
                0x0000000008001e60       0x48 /Users/leof/Documents/GitHub/IoT/IoT_I2HM_wyres/Riot_wyres/apps/I2HM_wyres/bin/wyres-base/driver_bme680//bme680_internal.o
                0x0000000008001e60                bme680_get_regs
 .text.bme680_set_regs
                0x0000000008001ea8       0x88 /Users/leof/Documents/GitHub/IoT/IoT_I2HM_wyres/Riot_wyres/apps/I2HM_wyres/bin/wyres-base/driver_bme680//bme680_internal.o
                0x0000000008001ea8                bme680_set_regs
 .text.bme680_soft_reset
                0x0000000008001f30       0x66 /Users/leof/Documents/GitHub/IoT/IoT_I2HM_wyres/Riot_wyres/apps/I2HM_wyres/bin/wyres-base/driver_bme680//bme680_internal.o
                0x0000000008001f30                bme680_soft_reset
 .text.bme680_init_internal
                0x0000000008001f96      0x1ae /Users/leof/Documents/GitHub/IoT/IoT_I2HM_wyres/Riot_wyres/apps/I2HM_wyres/bin/wyres-base/driver_bme680//bme680_internal.o
                0x0000000008001f96                bme680_init_internal
 .text.bme680_set_sensor_mode
                0x0000000008002144       0x7e /Users/leof/Documents/GitHub/IoT/IoT_I2HM_wyres/Riot_wyres/apps/I2HM_wyres/bin/wyres-base/driver_bme680//bme680_internal.o
                0x0000000008002144                bme680_set_sensor_mode
 .text.bme680_set_sensor_settings
                0x00000000080021c2      0x2fa /Users/leof/Documents/GitHub/IoT/IoT_I2HM_wyres/Riot_wyres/apps/I2HM_wyres/bin/wyres-base/driver_bme680//bme680_internal.o
                0x00000000080021c2                bme680_set_sensor_settings
 .text.bme680_get_profile_dur
                0x00000000080024bc       0x68 /Users/leof/Documents/GitHub/IoT/IoT_I2HM_wyres/Riot_wyres/apps/I2HM_wyres/bin/wyres-base/driver_bme680//bme680_internal.o
                0x00000000080024bc                bme680_get_profile_dur
 .text.bme680_get_sensor_data
                0x0000000008002524      0x378 /Users/leof/Documents/GitHub/IoT/IoT_I2HM_wyres/Riot_wyres/apps/I2HM_wyres/bin/wyres-base/driver_bme680//bme680_internal.o
                0x0000000008002524                bme680_get_sensor_data
 .text.bme680_ms_sleep
                0x000000000800289c       0x10 /Users/leof/Documents/GitHub/IoT/IoT_I2HM_wyres/Riot_wyres/apps/I2HM_wyres/bin/wyres-base/driver_bme680_contrib//bme680_hal.o
                0x000000000800289c                bme680_ms_sleep
 .text.bme680_i2c_read_hal
                0x00000000080028ac       0x4c /Users/leof/Documents/GitHub/IoT/IoT_I2HM_wyres/Riot_wyres/apps/I2HM_wyres/bin/wyres-base/driver_bme680_contrib//bme680_hal.o
                0x00000000080028ac                bme680_i2c_read_hal
 .text.bme680_i2c_write_hal
                0x00000000080028f8       0x4c /Users/leof/Documents/GitHub/IoT/IoT_I2HM_wyres/Riot_wyres/apps/I2HM_wyres/bin/wyres-base/driver_bme680_contrib//bme680_hal.o
                0x00000000080028f8                bme680_i2c_write_hal
 .text.fmt_u32_dec
                0x0000000008002944       0x44 /Users/leof/Documents/GitHub/IoT/IoT_I2HM_wyres/Riot_wyres/apps/I2HM_wyres/bin/wyres-base/fmt//fmt.o
                0x0000000008002944                fmt_u32_dec
 .text.fmt_s32_dec
                0x0000000008002988       0x1e /Users/leof/Documents/GitHub/IoT/IoT_I2HM_wyres/Riot_wyres/apps/I2HM_wyres/bin/wyres-base/fmt//fmt.o
                0x0000000008002988                fmt_s32_dec
 .text.fmt_s32_dfp
                0x00000000080029a6       0x98 /Users/leof/Documents/GitHub/IoT/IoT_I2HM_wyres/Riot_wyres/apps/I2HM_wyres/bin/wyres-base/fmt//fmt.o
                0x00000000080029a6                fmt_s32_dfp
 .text.fmt_s16_dfp
                0x0000000008002a3e        0x4 /Users/leof/Documents/GitHub/IoT/IoT_I2HM_wyres/Riot_wyres/apps/I2HM_wyres/bin/wyres-base/fmt//fmt.o
                0x0000000008002a3e                fmt_s16_dfp
 .text.gcd32    0x0000000008002a42       0x40 /Users/leof/Documents/GitHub/IoT/IoT_I2HM_wyres/Riot_wyres/apps/I2HM_wyres/bin/wyres-base/frac//frac.o
                0x0000000008002a42                gcd32
 .text.frac_init
                0x0000000008002a82       0xaa /Users/leof/Documents/GitHub/IoT/IoT_I2HM_wyres/Riot_wyres/apps/I2HM_wyres/bin/wyres-base/frac//frac.o
                0x0000000008002a82                frac_init
 .text.iolist_size
                0x0000000008002b2c       0x10 /Users/leof/Documents/GitHub/IoT/IoT_I2HM_wyres/Riot_wyres/apps/I2HM_wyres/bin/wyres-base/iolist//iolist.o
                0x0000000008002b2c                iolist_size
 .text._acquire.isra.1
                0x0000000008002b3c        0xc /Users/leof/Documents/GitHub/IoT/IoT_I2HM_wyres/Riot_wyres/apps/I2HM_wyres/bin/wyres-base/lis2dh12//lis2dh12.o
 .text._read.isra.2
                0x0000000008002b48       0x1e /Users/leof/Documents/GitHub/IoT/IoT_I2HM_wyres/Riot_wyres/apps/I2HM_wyres/bin/wyres-base/lis2dh12//lis2dh12.o
 .text._write.isra.3
                0x0000000008002b66       0x18 /Users/leof/Documents/GitHub/IoT/IoT_I2HM_wyres/Riot_wyres/apps/I2HM_wyres/bin/wyres-base/lis2dh12//lis2dh12.o
 .text._release.isra.4
                0x0000000008002b7e        0x6 /Users/leof/Documents/GitHub/IoT/IoT_I2HM_wyres/Riot_wyres/apps/I2HM_wyres/bin/wyres-base/lis2dh12//lis2dh12.o
 .text._get_fifo_data
                0x0000000008002b84       0x38 /Users/leof/Documents/GitHub/IoT/IoT_I2HM_wyres/Riot_wyres/apps/I2HM_wyres/bin/wyres-base/lis2dh12//lis2dh12.o
 .text.lis2dh12_read
                0x0000000008002bbc       0x52 /Users/leof/Documents/GitHub/IoT/IoT_I2HM_wyres/Riot_wyres/apps/I2HM_wyres/bin/wyres-base/lis2dh12//lis2dh12.o
                0x0000000008002bbc                lis2dh12_read
 .text.lis2dh12_clear_data
                0x0000000008002c0e       0x24 /Users/leof/Documents/GitHub/IoT/IoT_I2HM_wyres/Riot_wyres/apps/I2HM_wyres/bin/wyres-base/lis2dh12//lis2dh12.o
                0x0000000008002c0e                lis2dh12_clear_data
 *fill*         0x0000000008002c32        0x2 
 .text.lis2dh12_read_temperature
                0x0000000008002c34       0x88 /Users/leof/Documents/GitHub/IoT/IoT_I2HM_wyres/Riot_wyres/apps/I2HM_wyres/bin/wyres-base/lis2dh12//lis2dh12.o
                0x0000000008002c34                lis2dh12_read_temperature
 .text.lis2dh12_set_resolution
                0x0000000008002cbc       0x74 /Users/leof/Documents/GitHub/IoT/IoT_I2HM_wyres/Riot_wyres/apps/I2HM_wyres/bin/wyres-base/lis2dh12//lis2dh12.o
                0x0000000008002cbc                lis2dh12_set_resolution
 .text.lis2dh12_set_scale
                0x0000000008002d30       0x36 /Users/leof/Documents/GitHub/IoT/IoT_I2HM_wyres/Riot_wyres/apps/I2HM_wyres/bin/wyres-base/lis2dh12//lis2dh12.o
                0x0000000008002d30                lis2dh12_set_scale
 .text.lis2dh12_init
                0x0000000008002d66       0x8a /Users/leof/Documents/GitHub/IoT/IoT_I2HM_wyres/Riot_wyres/apps/I2HM_wyres/bin/wyres-base/lis2dh12//lis2dh12.o
                0x0000000008002d66                lis2dh12_init
 .text.read_accelerometer
                0x0000000008002df0       0x18 /Users/leof/Documents/GitHub/IoT/IoT_I2HM_wyres/Riot_wyres/apps/I2HM_wyres/bin/wyres-base/lis2dh12//lis2dh12_saul.o
 .text.read_temperature
                0x0000000008002e08       0x1a /Users/leof/Documents/GitHub/IoT/IoT_I2HM_wyres/Riot_wyres/apps/I2HM_wyres/bin/wyres-base/lis2dh12//lis2dh12_saul.o
 *fill*         0x0000000008002e22        0x2 
 .text.printf_ba
                0x0000000008002e24       0x44 /Users/leof/Documents/GitHub/IoT/IoT_I2HM_wyres/Riot_wyres/apps/I2HM_wyres/bin/wyres-base/loramac_utils//loramac_utils.o
                0x0000000008002e24                printf_ba
 .text.loramac_utils_join_retry_loop
                0x0000000008002e68      0x244 /Users/leof/Documents/GitHub/IoT/IoT_I2HM_wyres/Riot_wyres/apps/I2HM_wyres/bin/wyres-base/loramac_utils//loramac_utils.o
                0x0000000008002e68                loramac_utils_join_retry_loop
 .text.loramac_utils_get_lorawan_network
                0x00000000080030ac       0x2c /Users/leof/Documents/GitHub/IoT/IoT_I2HM_wyres/Riot_wyres/apps/I2HM_wyres/bin/wyres-base/loramac_utils//lorawan_network.o
                0x00000000080030ac                loramac_utils_get_lorawan_network
 .text.lpsxxx_init
                0x00000000080030d8       0xa0 /Users/leof/Documents/GitHub/IoT/IoT_I2HM_wyres/Riot_wyres/apps/I2HM_wyres/bin/wyres-base/lpsxxx//lpsxxx.o
                0x00000000080030d8                lpsxxx_init
 .text.lpsxxx_read_temp
                0x0000000008003178       0x78 /Users/leof/Documents/GitHub/IoT/IoT_I2HM_wyres/Riot_wyres/apps/I2HM_wyres/bin/wyres-base/lpsxxx//lpsxxx.o
                0x0000000008003178                lpsxxx_read_temp
 .text.lpsxxx_read_pres
                0x00000000080031f0       0x8a /Users/leof/Documents/GitHub/IoT/IoT_I2HM_wyres/Riot_wyres/apps/I2HM_wyres/bin/wyres-base/lpsxxx//lpsxxx.o
                0x00000000080031f0                lpsxxx_read_pres
 .text.read_pres
                0x000000000800327a       0x1a /Users/leof/Documents/GitHub/IoT/IoT_I2HM_wyres/Riot_wyres/apps/I2HM_wyres/bin/wyres-base/lpsxxx//lpsxxx_saul.o
 .text.read_temp
                0x0000000008003294       0x1a /Users/leof/Documents/GitHub/IoT/IoT_I2HM_wyres/Riot_wyres/apps/I2HM_wyres/bin/wyres-base/lpsxxx//lpsxxx_saul.o
 .text.luid_base
                0x00000000080032ae       0x62 /Users/leof/Documents/GitHub/IoT/IoT_I2HM_wyres/Riot_wyres/apps/I2HM_wyres/bin/wyres-base/luid//luid.o
                0x00000000080032ae                luid_base
 .text.luid_get
                0x0000000008003310       0x1c /Users/leof/Documents/GitHub/IoT/IoT_I2HM_wyres/Riot_wyres/apps/I2HM_wyres/bin/wyres-base/luid//luid.o
                0x0000000008003310                luid_get
 .text.__wrap_malloc
                0x000000000800332c       0x30 /Users/leof/Documents/GitHub/IoT/IoT_I2HM_wyres/Riot_wyres/apps/I2HM_wyres/bin/wyres-base/malloc_thread_safe//malloc_wrappers.o
                0x000000000800332c                __wrap_malloc
 .text._init    0x000000000800335c        0x2 /Users/leof/Documents/GitHub/IoT/IoT_I2HM_wyres/Riot_wyres/apps/I2HM_wyres/bin/wyres-base/newlib_syscalls_default//syscalls.o
                0x000000000800335c                _init
 .text._fini    0x000000000800335e        0x2 /Users/leof/Documents/GitHub/IoT/IoT_I2HM_wyres/Riot_wyres/apps/I2HM_wyres/bin/wyres-base/newlib_syscalls_default//syscalls.o
                0x000000000800335e                _fini
 .text._sbrk_r  0x0000000008003360       0x40 /Users/leof/Documents/GitHub/IoT/IoT_I2HM_wyres/Riot_wyres/apps/I2HM_wyres/bin/wyres-base/newlib_syscalls_default//syscalls.o
                0x0000000008003360                _sbrk_r
 .text._read_r  0x00000000080033a0        0x8 /Users/leof/Documents/GitHub/IoT/IoT_I2HM_wyres/Riot_wyres/apps/I2HM_wyres/bin/wyres-base/newlib_syscalls_default//syscalls.o
                0x00000000080033a0                _read_r
 .text._write_r
                0x00000000080033a8        0x8 /Users/leof/Documents/GitHub/IoT/IoT_I2HM_wyres/Riot_wyres/apps/I2HM_wyres/bin/wyres-base/newlib_syscalls_default//syscalls.o
                0x00000000080033a8                _write_r
 .text._close_r
                0x00000000080033b0        0xa /Users/leof/Documents/GitHub/IoT/IoT_I2HM_wyres/Riot_wyres/apps/I2HM_wyres/bin/wyres-base/newlib_syscalls_default//syscalls.o
                0x00000000080033b0                _close_r
 .text._lseek_r
                0x00000000080033ba        0xa /Users/leof/Documents/GitHub/IoT/IoT_I2HM_wyres/Riot_wyres/apps/I2HM_wyres/bin/wyres-base/newlib_syscalls_default//syscalls.o
                0x00000000080033ba                _lseek_r
 .text._fstat_r
                0x00000000080033c4        0xa /Users/leof/Documents/GitHub/IoT/IoT_I2HM_wyres/Riot_wyres/apps/I2HM_wyres/bin/wyres-base/newlib_syscalls_default//syscalls.o
                0x00000000080033c4                _fstat_r
 .text._isatty_r
                0x00000000080033ce        0xe /Users/leof/Documents/GitHub/IoT/IoT_I2HM_wyres/Riot_wyres/apps/I2HM_wyres/bin/wyres-base/newlib_syscalls_default//syscalls.o
                0x00000000080033ce                _isatty_r
 .text.adc_set_sample_time
                0x00000000080033dc       0x20 /Users/leof/Documents/GitHub/IoT/IoT_I2HM_wyres/Riot_wyres/apps/I2HM_wyres/bin/wyres-base/periph//adc_l1.o
 .text.prep     0x00000000080033fc       0x34 /Users/leof/Documents/GitHub/IoT/IoT_I2HM_wyres/Riot_wyres/apps/I2HM_wyres/bin/wyres-base/periph//adc_l1.o
 .text.adc_init
                0x0000000008003430       0x9c /Users/leof/Documents/GitHub/IoT/IoT_I2HM_wyres/Riot_wyres/apps/I2HM_wyres/bin/wyres-base/periph//adc_l1.o
                0x0000000008003430                adc_init
 .text.adc_sample
                0x00000000080034cc       0x78 /Users/leof/Documents/GitHub/IoT/IoT_I2HM_wyres/Riot_wyres/apps/I2HM_wyres/bin/wyres-base/periph//adc_l1.o
                0x00000000080034cc                adc_sample
 .text.eeprom_read
                0x0000000008003544       0x32 /Users/leof/Documents/GitHub/IoT/IoT_I2HM_wyres/Riot_wyres/apps/I2HM_wyres/bin/wyres-base/periph//eeprom.o
                0x0000000008003544                eeprom_read
 .text.eeprom_write
                0x0000000008003576       0x40 /Users/leof/Documents/GitHub/IoT/IoT_I2HM_wyres/Riot_wyres/apps/I2HM_wyres/bin/wyres-base/periph//eeprom.o
                0x0000000008003576                eeprom_write
 *fill*         0x00000000080035b6        0x2 
 .text._unlock  0x00000000080035b8       0x20 /Users/leof/Documents/GitHub/IoT/IoT_I2HM_wyres/Riot_wyres/apps/I2HM_wyres/bin/wyres-base/periph//flash_common.o
                0x00000000080035b8                _unlock
 .text._lock    0x00000000080035d8       0x18 /Users/leof/Documents/GitHub/IoT/IoT_I2HM_wyres/Riot_wyres/apps/I2HM_wyres/bin/wyres-base/periph//flash_common.o
                0x00000000080035d8                _lock
 .text._wait_for_pending_operations
                0x00000000080035f0       0x18 /Users/leof/Documents/GitHub/IoT/IoT_I2HM_wyres/Riot_wyres/apps/I2HM_wyres/bin/wyres-base/periph//flash_common.o
                0x00000000080035f0                _wait_for_pending_operations
 .text.gpio_init
                0x0000000008003608       0x6e /Users/leof/Documents/GitHub/IoT/IoT_I2HM_wyres/Riot_wyres/apps/I2HM_wyres/bin/wyres-base/periph//gpio_all.o
                0x0000000008003608                gpio_init
 .text.gpio_init_af
                0x0000000008003676       0x58 /Users/leof/Documents/GitHub/IoT/IoT_I2HM_wyres/Riot_wyres/apps/I2HM_wyres/bin/wyres-base/periph//gpio_all.o
                0x0000000008003676                gpio_init_af
 .text.gpio_init_analog
                0x00000000080036ce       0x30 /Users/leof/Documents/GitHub/IoT/IoT_I2HM_wyres/Riot_wyres/apps/I2HM_wyres/bin/wyres-base/periph//gpio_all.o
                0x00000000080036ce                gpio_init_analog
 *fill*         0x00000000080036fe        0x2 
 .text.gpio_irq_enable
                0x0000000008003700       0x18 /Users/leof/Documents/GitHub/IoT/IoT_I2HM_wyres/Riot_wyres/apps/I2HM_wyres/bin/wyres-base/periph//gpio_all.o
                0x0000000008003700                gpio_irq_enable
 .text.gpio_read
                0x0000000008003718       0x14 /Users/leof/Documents/GitHub/IoT/IoT_I2HM_wyres/Riot_wyres/apps/I2HM_wyres/bin/wyres-base/periph//gpio_all.o
                0x0000000008003718                gpio_read
 .text.gpio_set
                0x000000000800372c       0x12 /Users/leof/Documents/GitHub/IoT/IoT_I2HM_wyres/Riot_wyres/apps/I2HM_wyres/bin/wyres-base/periph//gpio_all.o
                0x000000000800372c                gpio_set
 .text.gpio_clear
                0x000000000800373e       0x14 /Users/leof/Documents/GitHub/IoT/IoT_I2HM_wyres/Riot_wyres/apps/I2HM_wyres/bin/wyres-base/periph//gpio_all.o
                0x000000000800373e                gpio_clear
 .text.gpio_write
                0x0000000008003752        0xa /Users/leof/Documents/GitHub/IoT/IoT_I2HM_wyres/Riot_wyres/apps/I2HM_wyres/bin/wyres-base/periph//gpio_all.o
                0x0000000008003752                gpio_write
 .text.gpio_init_int
                0x000000000800375c       0xc0 /Users/leof/Documents/GitHub/IoT/IoT_I2HM_wyres/Riot_wyres/apps/I2HM_wyres/bin/wyres-base/periph//gpio_all.o
                0x000000000800375c                gpio_init_int
 .text.isr_exti
                0x000000000800381c       0x58 /Users/leof/Documents/GitHub/IoT/IoT_I2HM_wyres/Riot_wyres/apps/I2HM_wyres/bin/wyres-base/periph//gpio_all.o
                0x000000000800381c                isr_exti
 .text._wait_for_bus
                0x0000000008003874       0x24 /Users/leof/Documents/GitHub/IoT/IoT_I2HM_wyres/Riot_wyres/apps/I2HM_wyres/bin/wyres-base/periph//i2c_2.o
 .text._stop    0x0000000008003898       0x3c /Users/leof/Documents/GitHub/IoT/IoT_I2HM_wyres/Riot_wyres/apps/I2HM_wyres/bin/wyres-base/periph//i2c_2.o
 .text._init    0x00000000080038d4       0xb8 /Users/leof/Documents/GitHub/IoT/IoT_I2HM_wyres/Riot_wyres/apps/I2HM_wyres/bin/wyres-base/periph//i2c_2.o
 .text._is_sr1_mask_set
                0x000000000800398c       0x66 /Users/leof/Documents/GitHub/IoT/IoT_I2HM_wyres/Riot_wyres/apps/I2HM_wyres/bin/wyres-base/periph//i2c_2.o
 .text._i2c_start
                0x00000000080039f2       0x8c /Users/leof/Documents/GitHub/IoT/IoT_I2HM_wyres/Riot_wyres/apps/I2HM_wyres/bin/wyres-base/periph//i2c_2.o
 *fill*         0x0000000008003a7e        0x2 
 .text.i2c_init
                0x0000000008003a80       0x38 /Users/leof/Documents/GitHub/IoT/IoT_I2HM_wyres/Riot_wyres/apps/I2HM_wyres/bin/wyres-base/periph//i2c_2.o
                0x0000000008003a80                i2c_init
 .text.i2c_acquire
                0x0000000008003ab8       0x38 /Users/leof/Documents/GitHub/IoT/IoT_I2HM_wyres/Riot_wyres/apps/I2HM_wyres/bin/wyres-base/periph//i2c_2.o
                0x0000000008003ab8                i2c_acquire
 .text.i2c_release
                0x0000000008003af0       0x3c /Users/leof/Documents/GitHub/IoT/IoT_I2HM_wyres/Riot_wyres/apps/I2HM_wyres/bin/wyres-base/periph//i2c_2.o
                0x0000000008003af0                i2c_release
 .text.i2c_read_bytes
                0x0000000008003b2c       0xc8 /Users/leof/Documents/GitHub/IoT/IoT_I2HM_wyres/Riot_wyres/apps/I2HM_wyres/bin/wyres-base/periph//i2c_2.o
                0x0000000008003b2c                i2c_read_bytes
 .text.i2c_write_bytes
                0x0000000008003bf4       0x88 /Users/leof/Documents/GitHub/IoT/IoT_I2HM_wyres/Riot_wyres/apps/I2HM_wyres/bin/wyres-base/periph//i2c_2.o
                0x0000000008003bf4                i2c_write_bytes
 .text.pm_set   0x0000000008003c7c       0x7c /Users/leof/Documents/GitHub/IoT/IoT_I2HM_wyres/Riot_wyres/apps/I2HM_wyres/bin/wyres-base/periph//pm.o
                0x0000000008003c7c                pm_set
 .text.val2bcd  0x0000000008003cf8       0x16 /Users/leof/Documents/GitHub/IoT/IoT_I2HM_wyres/Riot_wyres/apps/I2HM_wyres/bin/wyres-base/periph//rtc_all.o
 .text.bcd2val  0x0000000008003d0e       0x14 /Users/leof/Documents/GitHub/IoT/IoT_I2HM_wyres/Riot_wyres/apps/I2HM_wyres/bin/wyres-base/periph//rtc_all.o
 *fill*         0x0000000008003d22        0x2 
 .text.rtc_unlock
                0x0000000008003d24       0x24 /Users/leof/Documents/GitHub/IoT/IoT_I2HM_wyres/Riot_wyres/apps/I2HM_wyres/bin/wyres-base/periph//rtc_all.o
                0x0000000008003d24                rtc_unlock
 .text.rtc_lock
                0x0000000008003d48       0x1c /Users/leof/Documents/GitHub/IoT/IoT_I2HM_wyres/Riot_wyres/apps/I2HM_wyres/bin/wyres-base/periph//rtc_all.o
                0x0000000008003d48                rtc_lock
 .text.rtc_init
                0x0000000008003d64       0x98 /Users/leof/Documents/GitHub/IoT/IoT_I2HM_wyres/Riot_wyres/apps/I2HM_wyres/bin/wyres-base/periph//rtc_all.o
                0x0000000008003d64                rtc_init
 .text.rtc_get_time
                0x0000000008003dfc       0x68 /Users/leof/Documents/GitHub/IoT/IoT_I2HM_wyres/Riot_wyres/apps/I2HM_wyres/bin/wyres-base/periph//rtc_all.o
                0x0000000008003dfc                rtc_get_time
 .text.rtc_clear_alarm
                0x0000000008003e64       0x30 /Users/leof/Documents/GitHub/IoT/IoT_I2HM_wyres/Riot_wyres/apps/I2HM_wyres/bin/wyres-base/periph//rtc_all.o
                0x0000000008003e64                rtc_clear_alarm
 .text.rtc_set_alarm
                0x0000000008003e94       0x74 /Users/leof/Documents/GitHub/IoT/IoT_I2HM_wyres/Riot_wyres/apps/I2HM_wyres/bin/wyres-base/periph//rtc_all.o
                0x0000000008003e94                rtc_set_alarm
 .text.isr_rtc_alarm
                0x0000000008003f08       0x4c /Users/leof/Documents/GitHub/IoT/IoT_I2HM_wyres/Riot_wyres/apps/I2HM_wyres/bin/wyres-base/periph//rtc_all.o
                0x0000000008003f08                isr_rtc_alarm
 .text.spi_init_pins
                0x0000000008003f54       0x58 /Users/leof/Documents/GitHub/IoT/IoT_I2HM_wyres/Riot_wyres/apps/I2HM_wyres/bin/wyres-base/periph//spi.o
                0x0000000008003f54                spi_init_pins
 .text.spi_init
                0x0000000008003fac       0x3c /Users/leof/Documents/GitHub/IoT/IoT_I2HM_wyres/Riot_wyres/apps/I2HM_wyres/bin/wyres-base/periph//spi.o
                0x0000000008003fac                spi_init
 .text.spi_init_cs
                0x0000000008003fe8       0x54 /Users/leof/Documents/GitHub/IoT/IoT_I2HM_wyres/Riot_wyres/apps/I2HM_wyres/bin/wyres-base/periph//spi.o
                0x0000000008003fe8                spi_init_cs
 .text.spi_init_with_gpio_mode
                0x000000000800403c       0x50 /Users/leof/Documents/GitHub/IoT/IoT_I2HM_wyres/Riot_wyres/apps/I2HM_wyres/bin/wyres-base/periph//spi.o
                0x000000000800403c                spi_init_with_gpio_mode
 .text.spi_acquire
                0x000000000800408c       0x88 /Users/leof/Documents/GitHub/IoT/IoT_I2HM_wyres/Riot_wyres/apps/I2HM_wyres/bin/wyres-base/periph//spi.o
                0x000000000800408c                spi_acquire
 .text.spi_release
                0x0000000008004114       0x38 /Users/leof/Documents/GitHub/IoT/IoT_I2HM_wyres/Riot_wyres/apps/I2HM_wyres/bin/wyres-base/periph//spi.o
                0x0000000008004114                spi_release
 .text.spi_transfer_bytes
                0x000000000800414c       0xe0 /Users/leof/Documents/GitHub/IoT/IoT_I2HM_wyres/Riot_wyres/apps/I2HM_wyres/bin/wyres-base/periph//spi.o
                0x000000000800414c                spi_transfer_bytes
 .text.timer_set
                0x000000000800422c       0x64 /Users/leof/Documents/GitHub/IoT/IoT_I2HM_wyres/Riot_wyres/apps/I2HM_wyres/bin/wyres-base/periph//timer.o
                0x000000000800422c                timer_set
 .text.timer_clear
                0x0000000008004290       0x3c /Users/leof/Documents/GitHub/IoT/IoT_I2HM_wyres/Riot_wyres/apps/I2HM_wyres/bin/wyres-base/periph//timer.o
                0x0000000008004290                timer_clear
 .text.timer_read
                0x00000000080042cc       0x10 /Users/leof/Documents/GitHub/IoT/IoT_I2HM_wyres/Riot_wyres/apps/I2HM_wyres/bin/wyres-base/periph//timer.o
                0x00000000080042cc                timer_read
 .text.timer_start
                0x00000000080042dc       0x20 /Users/leof/Documents/GitHub/IoT/IoT_I2HM_wyres/Riot_wyres/apps/I2HM_wyres/bin/wyres-base/periph//timer.o
                0x00000000080042dc                timer_start
 .text.timer_init
                0x00000000080042fc       0x58 /Users/leof/Documents/GitHub/IoT/IoT_I2HM_wyres/Riot_wyres/apps/I2HM_wyres/bin/wyres-base/periph//timer.o
                0x00000000080042fc                timer_init
 .text.isr_tim3
                0x0000000008004354       0x74 /Users/leof/Documents/GitHub/IoT/IoT_I2HM_wyres/Riot_wyres/apps/I2HM_wyres/bin/wyres-base/periph//timer.o
                0x0000000008004354                isr_tim3
 .text.uart_enable_clock
                0x00000000080043c8       0x30 /Users/leof/Documents/GitHub/IoT/IoT_I2HM_wyres/Riot_wyres/apps/I2HM_wyres/bin/wyres-base/periph//uart.o
 .text.uart_init
                0x00000000080043f8       0x78 /Users/leof/Documents/GitHub/IoT/IoT_I2HM_wyres/Riot_wyres/apps/I2HM_wyres/bin/wyres-base/periph//uart.o
                0x00000000080043f8                uart_init
 .text.uart_write
                0x0000000008004470       0x30 /Users/leof/Documents/GitHub/IoT/IoT_I2HM_wyres/Riot_wyres/apps/I2HM_wyres/bin/wyres-base/periph//uart.o
                0x0000000008004470                uart_write
 .text.isr_usart1
                0x00000000080044a0       0x44 /Users/leof/Documents/GitHub/IoT/IoT_I2HM_wyres/Riot_wyres/apps/I2HM_wyres/bin/wyres-base/periph//uart.o
                0x00000000080044a0                isr_usart1
 .text.cpuid_get
                0x00000000080044e4       0x14 /Users/leof/Documents/GitHub/IoT/IoT_I2HM_wyres/Riot_wyres/apps/I2HM_wyres/bin/wyres-base/periph_common//cpuid.o
                0x00000000080044e4                cpuid_get
 .text.eeprom_read_byte
                0x00000000080044f8       0x16 /Users/leof/Documents/GitHub/IoT/IoT_I2HM_wyres/Riot_wyres/apps/I2HM_wyres/bin/wyres-base/periph_common//eeprom.o
                0x00000000080044f8                eeprom_read_byte
 .text.i2c_read_regs
                0x000000000800450e       0x56 /Users/leof/Documents/GitHub/IoT/IoT_I2HM_wyres/Riot_wyres/apps/I2HM_wyres/bin/wyres-base/periph_common//i2c.o
                0x000000000800450e                i2c_read_regs
 .text.i2c_read_reg
                0x0000000008004564       0x14 /Users/leof/Documents/GitHub/IoT/IoT_I2HM_wyres/Riot_wyres/apps/I2HM_wyres/bin/wyres-base/periph_common//i2c.o
                0x0000000008004564                i2c_read_reg
 .text.i2c_write_regs
                0x0000000008004578       0x5a /Users/leof/Documents/GitHub/IoT/IoT_I2HM_wyres/Riot_wyres/apps/I2HM_wyres/bin/wyres-base/periph_common//i2c.o
                0x0000000008004578                i2c_write_regs
 .text.i2c_write_reg
                0x00000000080045d2       0x1e /Users/leof/Documents/GitHub/IoT/IoT_I2HM_wyres/Riot_wyres/apps/I2HM_wyres/bin/wyres-base/periph_common//i2c.o
                0x00000000080045d2                i2c_write_reg
 .text.periph_init
                0x00000000080045f0       0x16 /Users/leof/Documents/GitHub/IoT/IoT_I2HM_wyres/Riot_wyres/apps/I2HM_wyres/bin/wyres-base/periph_common//init.o
                0x00000000080045f0                periph_init
 .text.led_init
                0x0000000008004606        0x2 /Users/leof/Documents/GitHub/IoT/IoT_I2HM_wyres/Riot_wyres/apps/I2HM_wyres/bin/wyres-base/periph_common//init_leds.o
                0x0000000008004606                led_init
 .text.spi_transfer_regs
                0x0000000008004608       0x36 /Users/leof/Documents/GitHub/IoT/IoT_I2HM_wyres/Riot_wyres/apps/I2HM_wyres/bin/wyres-base/periph_common//spi.o
                0x0000000008004608                spi_transfer_regs
 *fill*         0x000000000800463e        0x2 
 .text.phydat_unit_print
                0x0000000008004640       0x1c /Users/leof/Documents/GitHub/IoT/IoT_I2HM_wyres/Riot_wyres/apps/I2HM_wyres/bin/wyres-base/phydat//phydat_str.o
                0x0000000008004640                phydat_unit_print
 .text.phydat_prefix_from_scale
                0x000000000800465c       0x14 /Users/leof/Documents/GitHub/IoT/IoT_I2HM_wyres/Riot_wyres/apps/I2HM_wyres/bin/wyres-base/phydat//phydat_str.o
                0x000000000800465c                phydat_prefix_from_scale
 .text.phydat_dump
                0x0000000008004670      0x13c /Users/leof/Documents/GitHub/IoT/IoT_I2HM_wyres/Riot_wyres/apps/I2HM_wyres/bin/wyres-base/phydat//phydat_str.o
                0x0000000008004670                phydat_dump
 .text.pm_set_lowest
                0x00000000080047ac       0x2c /Users/leof/Documents/GitHub/IoT/IoT_I2HM_wyres/Riot_wyres/apps/I2HM_wyres/bin/wyres-base/pm_layered//pm.o
                0x00000000080047ac                pm_set_lowest
 .text.pm_block
                0x00000000080047d8       0x24 /Users/leof/Documents/GitHub/IoT/IoT_I2HM_wyres/Riot_wyres/apps/I2HM_wyres/bin/wyres-base/pm_layered//pm.o
                0x00000000080047d8                pm_block
 .text.pm_unblock
                0x00000000080047fc       0x20 /Users/leof/Documents/GitHub/IoT/IoT_I2HM_wyres/Riot_wyres/apps/I2HM_wyres/bin/wyres-base/pm_layered//pm.o
                0x00000000080047fc                pm_unblock
 .text.pm_off   0x000000000800481c       0x10 /Users/leof/Documents/GitHub/IoT/IoT_I2HM_wyres/Riot_wyres/apps/I2HM_wyres/bin/wyres-base/pm_layered//pm.o
                0x000000000800481c                pm_off
 .text.random_init
                0x000000000800482c       0x10 /Users/leof/Documents/GitHub/IoT/IoT_I2HM_wyres/Riot_wyres/apps/I2HM_wyres/bin/wyres-base/random//musl_lcg.o
                0x000000000800482c                random_init
 .text.random_uint32
                0x000000000800483c       0x30 /Users/leof/Documents/GitHub/IoT/IoT_I2HM_wyres/Riot_wyres/apps/I2HM_wyres/bin/wyres-base/random//musl_lcg.o
                0x000000000800483c                random_uint32
 .text.auto_init_random
                0x000000000800486c       0x18 /Users/leof/Documents/GitHub/IoT/IoT_I2HM_wyres/Riot_wyres/apps/I2HM_wyres/bin/wyres-base/random//random.o
                0x000000000800486c                auto_init_random
 .text.random_uint32_range
                0x0000000008004884       0x3e /Users/leof/Documents/GitHub/IoT/IoT_I2HM_wyres/Riot_wyres/apps/I2HM_wyres/bin/wyres-base/random//random.o
                0x0000000008004884                random_uint32_range
 .text._is_leap_year
                0x00000000080048c2       0x24 /Users/leof/Documents/GitHub/IoT/IoT_I2HM_wyres/Riot_wyres/apps/I2HM_wyres/bin/wyres-base/rtc_utils//rtc_utils.o
 .text.rtc_tm_normalize
                0x00000000080048e6       0xa8 /Users/leof/Documents/GitHub/IoT/IoT_I2HM_wyres/Riot_wyres/apps/I2HM_wyres/bin/wyres-base/rtc_utils//rtc_utils.o
                0x00000000080048e6                rtc_tm_normalize
 .text.saul_write_notsup
                0x000000000800498e        0x6 /Users/leof/Documents/GitHub/IoT/IoT_I2HM_wyres/Riot_wyres/apps/I2HM_wyres/bin/wyres-base/saul//saul.o
                0x000000000800498e                saul_read_notsup
                0x000000000800498e                saul_write_notsup
 .text.saul_class_to_str
                0x0000000008004994       0x58 /Users/leof/Documents/GitHub/IoT/IoT_I2HM_wyres/Riot_wyres/apps/I2HM_wyres/bin/wyres-base/saul//saul_str.o
                0x0000000008004994                saul_class_to_str
 .text.auto_init_bme680
                0x00000000080049ec       0x84 /Users/leof/Documents/GitHub/IoT/IoT_I2HM_wyres/Riot_wyres/apps/I2HM_wyres/bin/wyres-base/saul_init_devs//auto_init_bme680.o
                0x00000000080049ec                auto_init_bme680
 .text.auto_init_lis2dh12
                0x0000000008004a70       0x60 /Users/leof/Documents/GitHub/IoT/IoT_I2HM_wyres/Riot_wyres/apps/I2HM_wyres/bin/wyres-base/saul_init_devs//auto_init_lis2dh12.o
                0x0000000008004a70                auto_init_lis2dh12
 .text.auto_init_lpsxxx
                0x0000000008004ad0       0x60 /Users/leof/Documents/GitHub/IoT/IoT_I2HM_wyres/Riot_wyres/apps/I2HM_wyres/bin/wyres-base/saul_init_devs//auto_init_lpsxxx.o
                0x0000000008004ad0                auto_init_lpsxxx
 .text.saul_init_devs
                0x0000000008004b30       0x12 /Users/leof/Documents/GitHub/IoT/IoT_I2HM_wyres/Riot_wyres/apps/I2HM_wyres/bin/wyres-base/saul_init_devs//init.o
                0x0000000008004b30                saul_init_devs
 *fill*         0x0000000008004b42        0x2 
 .text.saul_reg_add
                0x0000000008004b44       0x2c /Users/leof/Documents/GitHub/IoT/IoT_I2HM_wyres/Riot_wyres/apps/I2HM_wyres/bin/wyres-base/saul_reg//saul_reg.o
                0x0000000008004b44                saul_reg_add
 .text.saul_reg_read
                0x0000000008004b70       0x10 /Users/leof/Documents/GitHub/IoT/IoT_I2HM_wyres/Riot_wyres/apps/I2HM_wyres/bin/wyres-base/saul_reg//saul_reg.o
                0x0000000008004b70                saul_reg_read
 .text.srand1   0x0000000008004b80        0x2 /Users/leof/Documents/GitHub/IoT/IoT_I2HM_wyres/Riot_wyres/apps/I2HM_wyres/bin/wyres-base/semtech_loramac_arch//utilities.o
                0x0000000008004b80                srand1
 .text.randr    0x0000000008004b82       0x16 /Users/leof/Documents/GitHub/IoT/IoT_I2HM_wyres/Riot_wyres/apps/I2HM_wyres/bin/wyres-base/semtech_loramac_arch//utilities.o
                0x0000000008004b82                randr
 .text.memcpy1  0x0000000008004b98        0x4 /Users/leof/Documents/GitHub/IoT/IoT_I2HM_wyres/Riot_wyres/apps/I2HM_wyres/bin/wyres-base/semtech_loramac_arch//utilities.o
                0x0000000008004b98                memcpy1
 .text.memcpyr  0x0000000008004b9c       0x14 /Users/leof/Documents/GitHub/IoT/IoT_I2HM_wyres/Riot_wyres/apps/I2HM_wyres/bin/wyres-base/semtech_loramac_arch//utilities.o
                0x0000000008004b9c                memcpyr
 .text.memset1  0x0000000008004bb0        0x4 /Users/leof/Documents/GitHub/IoT/IoT_I2HM_wyres/Riot_wyres/apps/I2HM_wyres/bin/wyres-base/semtech_loramac_arch//utilities.o
                0x0000000008004bb0                memset1
 .text._write_uint32
                0x0000000008004bb4       0x16 /Users/leof/Documents/GitHub/IoT/IoT_I2HM_wyres/Riot_wyres/apps/I2HM_wyres/bin/wyres-base/semtech_loramac_contrib//semtech_loramac.o
 .text.mutex_lock
                0x0000000008004bca        0x6 /Users/leof/Documents/GitHub/IoT/IoT_I2HM_wyres/Riot_wyres/apps/I2HM_wyres/bin/wyres-base/semtech_loramac_contrib//semtech_loramac.o
 .text._save_uplink_counter
                0x0000000008004bd0       0x2c /Users/leof/Documents/GitHub/IoT/IoT_I2HM_wyres/Riot_wyres/apps/I2HM_wyres/bin/wyres-base/semtech_loramac_contrib//semtech_loramac.o
 .text._read_uint32
                0x0000000008004bfc       0x1c /Users/leof/Documents/GitHub/IoT/IoT_I2HM_wyres/Riot_wyres/apps/I2HM_wyres/bin/wyres-base/semtech_loramac_contrib//semtech_loramac.o
 .text.mlme_indication
                0x0000000008004c18       0x24 /Users/leof/Documents/GitHub/IoT/IoT_I2HM_wyres/Riot_wyres/apps/I2HM_wyres/bin/wyres-base/semtech_loramac_contrib//semtech_loramac.o
 .text.mlme_confirm
                0x0000000008004c3c       0x24 /Users/leof/Documents/GitHub/IoT/IoT_I2HM_wyres/Riot_wyres/apps/I2HM_wyres/bin/wyres-base/semtech_loramac_contrib//semtech_loramac.o
 .text.mcps_indication
                0x0000000008004c60       0x24 /Users/leof/Documents/GitHub/IoT/IoT_I2HM_wyres/Riot_wyres/apps/I2HM_wyres/bin/wyres-base/semtech_loramac_contrib//semtech_loramac.o
 .text.mcps_confirm
                0x0000000008004c84       0x24 /Users/leof/Documents/GitHub/IoT/IoT_I2HM_wyres/Riot_wyres/apps/I2HM_wyres/bin/wyres-base/semtech_loramac_contrib//semtech_loramac.o
 .text._semtech_loramac_event_cb
                0x0000000008004ca8       0xbc /Users/leof/Documents/GitHub/IoT/IoT_I2HM_wyres/Riot_wyres/apps/I2HM_wyres/bin/wyres-base/semtech_loramac_contrib//semtech_loramac.o
 .text._semtech_loramac_event_loop
                0x0000000008004d64      0x164 /Users/leof/Documents/GitHub/IoT/IoT_I2HM_wyres/Riot_wyres/apps/I2HM_wyres/bin/wyres-base/semtech_loramac_contrib//semtech_loramac.o
                0x0000000008004d64                _semtech_loramac_event_loop
 .text._join    0x0000000008004ec8       0xd0 /Users/leof/Documents/GitHub/IoT/IoT_I2HM_wyres/Riot_wyres/apps/I2HM_wyres/bin/wyres-base/semtech_loramac_contrib//semtech_loramac.o
 .text._send    0x0000000008004f98       0x98 /Users/leof/Documents/GitHub/IoT/IoT_I2HM_wyres/Riot_wyres/apps/I2HM_wyres/bin/wyres-base/semtech_loramac_contrib//semtech_loramac.o
 .text._init_loramac
                0x0000000008005030      0x188 /Users/leof/Documents/GitHub/IoT/IoT_I2HM_wyres/Riot_wyres/apps/I2HM_wyres/bin/wyres-base/semtech_loramac_contrib//semtech_loramac.o
                0x0000000008005030                _init_loramac
 .text.semtech_loramac_init
                0x00000000080051b8       0x64 /Users/leof/Documents/GitHub/IoT/IoT_I2HM_wyres/Riot_wyres/apps/I2HM_wyres/bin/wyres-base/semtech_loramac_contrib//semtech_loramac.o
                0x00000000080051b8                semtech_loramac_init
 .text.semtech_loramac_is_mac_joined
                0x000000000800521c       0x28 /Users/leof/Documents/GitHub/IoT/IoT_I2HM_wyres/Riot_wyres/apps/I2HM_wyres/bin/wyres-base/semtech_loramac_contrib//semtech_loramac.o
                0x000000000800521c                semtech_loramac_is_mac_joined
 .text.semtech_loramac_join
                0x0000000008005244       0x58 /Users/leof/Documents/GitHub/IoT/IoT_I2HM_wyres/Riot_wyres/apps/I2HM_wyres/bin/wyres-base/semtech_loramac_contrib//semtech_loramac.o
                0x0000000008005244                semtech_loramac_join
 .text.semtech_loramac_send
                0x000000000800529c       0x5c /Users/leof/Documents/GitHub/IoT/IoT_I2HM_wyres/Riot_wyres/apps/I2HM_wyres/bin/wyres-base/semtech_loramac_contrib//semtech_loramac.o
                0x000000000800529c                semtech_loramac_send
 .text.mutex_lock
                0x00000000080052f8        0x6 /Users/leof/Documents/GitHub/IoT/IoT_I2HM_wyres/Riot_wyres/apps/I2HM_wyres/bin/wyres-base/semtech_loramac_contrib//semtech_loramac_getset.o
 .text._semtech_loramac_set_rx2_params.isra.0
                0x00000000080052fe       0x30 /Users/leof/Documents/GitHub/IoT/IoT_I2HM_wyres/Riot_wyres/apps/I2HM_wyres/bin/wyres-base/semtech_loramac_contrib//semtech_loramac_getset.o
 .text.semtech_loramac_set_deveui
                0x000000000800532e        0xa /Users/leof/Documents/GitHub/IoT/IoT_I2HM_wyres/Riot_wyres/apps/I2HM_wyres/bin/wyres-base/semtech_loramac_contrib//semtech_loramac_getset.o
                0x000000000800532e                semtech_loramac_set_deveui
 .text.semtech_loramac_set_appeui
                0x0000000008005338        0xa /Users/leof/Documents/GitHub/IoT/IoT_I2HM_wyres/Riot_wyres/apps/I2HM_wyres/bin/wyres-base/semtech_loramac_contrib//semtech_loramac_getset.o
                0x0000000008005338                semtech_loramac_set_appeui
 .text.semtech_loramac_set_appkey
                0x0000000008005342       0x14 /Users/leof/Documents/GitHub/IoT/IoT_I2HM_wyres/Riot_wyres/apps/I2HM_wyres/bin/wyres-base/semtech_loramac_contrib//semtech_loramac_getset.o
                0x0000000008005342                semtech_loramac_set_appkey
 .text.semtech_loramac_set_appskey
                0x0000000008005356       0x26 /Users/leof/Documents/GitHub/IoT/IoT_I2HM_wyres/Riot_wyres/apps/I2HM_wyres/bin/wyres-base/semtech_loramac_contrib//semtech_loramac_getset.o
                0x0000000008005356                semtech_loramac_set_appskey
 .text.semtech_loramac_get_appskey
                0x000000000800537c       0x38 /Users/leof/Documents/GitHub/IoT/IoT_I2HM_wyres/Riot_wyres/apps/I2HM_wyres/bin/wyres-base/semtech_loramac_contrib//semtech_loramac_getset.o
                0x000000000800537c                semtech_loramac_get_appskey
 .text.semtech_loramac_set_nwkskey
                0x00000000080053b4       0x26 /Users/leof/Documents/GitHub/IoT/IoT_I2HM_wyres/Riot_wyres/apps/I2HM_wyres/bin/wyres-base/semtech_loramac_contrib//semtech_loramac_getset.o
                0x00000000080053b4                semtech_loramac_set_nwkskey
 .text.semtech_loramac_get_nwkskey
                0x00000000080053da       0x38 /Users/leof/Documents/GitHub/IoT/IoT_I2HM_wyres/Riot_wyres/apps/I2HM_wyres/bin/wyres-base/semtech_loramac_contrib//semtech_loramac_getset.o
                0x00000000080053da                semtech_loramac_get_nwkskey
 .text.semtech_loramac_set_devaddr
                0x0000000008005412       0x2a /Users/leof/Documents/GitHub/IoT/IoT_I2HM_wyres/Riot_wyres/apps/I2HM_wyres/bin/wyres-base/semtech_loramac_contrib//semtech_loramac_getset.o
                0x0000000008005412                semtech_loramac_set_devaddr
 .text.semtech_loramac_get_devaddr
                0x000000000800543c       0x36 /Users/leof/Documents/GitHub/IoT/IoT_I2HM_wyres/Riot_wyres/apps/I2HM_wyres/bin/wyres-base/semtech_loramac_contrib//semtech_loramac_getset.o
                0x000000000800543c                semtech_loramac_get_devaddr
 .text.semtech_loramac_set_class
                0x0000000008005472       0x28 /Users/leof/Documents/GitHub/IoT/IoT_I2HM_wyres/Riot_wyres/apps/I2HM_wyres/bin/wyres-base/semtech_loramac_contrib//semtech_loramac_getset.o
                0x0000000008005472                semtech_loramac_set_class
 .text.semtech_loramac_set_dr
                0x000000000800549a       0x28 /Users/leof/Documents/GitHub/IoT/IoT_I2HM_wyres/Riot_wyres/apps/I2HM_wyres/bin/wyres-base/semtech_loramac_contrib//semtech_loramac_getset.o
                0x000000000800549a                semtech_loramac_set_dr
 .text.semtech_loramac_get_dr
                0x00000000080054c2       0x28 /Users/leof/Documents/GitHub/IoT/IoT_I2HM_wyres/Riot_wyres/apps/I2HM_wyres/bin/wyres-base/semtech_loramac_contrib//semtech_loramac_getset.o
                0x00000000080054c2                semtech_loramac_get_dr
 .text.semtech_loramac_set_adr
                0x00000000080054ea       0x28 /Users/leof/Documents/GitHub/IoT/IoT_I2HM_wyres/Riot_wyres/apps/I2HM_wyres/bin/wyres-base/semtech_loramac_contrib//semtech_loramac_getset.o
                0x00000000080054ea                semtech_loramac_set_adr
 .text.semtech_loramac_set_public_network
                0x0000000008005512       0x28 /Users/leof/Documents/GitHub/IoT/IoT_I2HM_wyres/Riot_wyres/apps/I2HM_wyres/bin/wyres-base/semtech_loramac_contrib//semtech_loramac_getset.o
                0x0000000008005512                semtech_loramac_set_public_network
 .text.semtech_loramac_set_netid
                0x000000000800553a       0x26 /Users/leof/Documents/GitHub/IoT/IoT_I2HM_wyres/Riot_wyres/apps/I2HM_wyres/bin/wyres-base/semtech_loramac_contrib//semtech_loramac_getset.o
                0x000000000800553a                semtech_loramac_set_netid
 .text.semtech_loramac_set_tx_port
                0x0000000008005560        0x4 /Users/leof/Documents/GitHub/IoT/IoT_I2HM_wyres/Riot_wyres/apps/I2HM_wyres/bin/wyres-base/semtech_loramac_contrib//semtech_loramac_getset.o
                0x0000000008005560                semtech_loramac_set_tx_port
 .text.semtech_loramac_set_tx_mode
                0x0000000008005564        0x4 /Users/leof/Documents/GitHub/IoT/IoT_I2HM_wyres/Riot_wyres/apps/I2HM_wyres/bin/wyres-base/semtech_loramac_contrib//semtech_loramac_getset.o
                0x0000000008005564                semtech_loramac_set_tx_mode
 .text.semtech_loramac_get_tx_mode
                0x0000000008005568        0x4 /Users/leof/Documents/GitHub/IoT/IoT_I2HM_wyres/Riot_wyres/apps/I2HM_wyres/bin/wyres-base/semtech_loramac_contrib//semtech_loramac_getset.o
                0x0000000008005568                semtech_loramac_get_tx_mode
 .text.semtech_loramac_set_system_max_rx_error
                0x000000000800556c       0x26 /Users/leof/Documents/GitHub/IoT/IoT_I2HM_wyres/Riot_wyres/apps/I2HM_wyres/bin/wyres-base/semtech_loramac_contrib//semtech_loramac_getset.o
                0x000000000800556c                semtech_loramac_set_system_max_rx_error
 .text.semtech_loramac_set_min_rx_symbols
                0x0000000008005592       0x28 /Users/leof/Documents/GitHub/IoT/IoT_I2HM_wyres/Riot_wyres/apps/I2HM_wyres/bin/wyres-base/semtech_loramac_contrib//semtech_loramac_getset.o
                0x0000000008005592                semtech_loramac_set_min_rx_symbols
 .text.semtech_loramac_set_rx2_freq
                0x00000000080055ba       0x2e /Users/leof/Documents/GitHub/IoT/IoT_I2HM_wyres/Riot_wyres/apps/I2HM_wyres/bin/wyres-base/semtech_loramac_contrib//semtech_loramac_getset.o
                0x00000000080055ba                semtech_loramac_set_rx2_freq
 .text.semtech_loramac_set_rx2_dr
                0x00000000080055e8       0x2c /Users/leof/Documents/GitHub/IoT/IoT_I2HM_wyres/Riot_wyres/apps/I2HM_wyres/bin/wyres-base/semtech_loramac_contrib//semtech_loramac_getset.o
                0x00000000080055e8                semtech_loramac_set_rx2_dr
 .text.semtech_loramac_set_uplink_counter
                0x0000000008005614       0x26 /Users/leof/Documents/GitHub/IoT/IoT_I2HM_wyres/Riot_wyres/apps/I2HM_wyres/bin/wyres-base/semtech_loramac_contrib//semtech_loramac_getset.o
                0x0000000008005614                semtech_loramac_set_uplink_counter
 *fill*         0x000000000800563a        0x2 
 .text.SX127XGetStatus
                0x000000000800563c       0x38 /Users/leof/Documents/GitHub/IoT/IoT_I2HM_wyres/Riot_wyres/apps/I2HM_wyres/bin/wyres-base/semtech_loramac_contrib//semtech_loramac_radio.o
                0x000000000800563c                SX127XGetStatus
 .text.SX127XSetModem
                0x0000000008005674       0x24 /Users/leof/Documents/GitHub/IoT/IoT_I2HM_wyres/Riot_wyres/apps/I2HM_wyres/bin/wyres-base/semtech_loramac_contrib//semtech_loramac_radio.o
                0x0000000008005674                SX127XSetModem
 .text.SX127XSetChannel
                0x0000000008005698       0x20 /Users/leof/Documents/GitHub/IoT/IoT_I2HM_wyres/Riot_wyres/apps/I2HM_wyres/bin/wyres-base/semtech_loramac_contrib//semtech_loramac_radio.o
                0x0000000008005698                SX127XSetChannel
 .text.SX127XRandom
                0x00000000080056b8       0x20 /Users/leof/Documents/GitHub/IoT/IoT_I2HM_wyres/Riot_wyres/apps/I2HM_wyres/bin/wyres-base/semtech_loramac_contrib//semtech_loramac_radio.o
                0x00000000080056b8                SX127XRandom
 .text.SX127XSetRxConfig
                0x00000000080056d8      0x108 /Users/leof/Documents/GitHub/IoT/IoT_I2HM_wyres/Riot_wyres/apps/I2HM_wyres/bin/wyres-base/semtech_loramac_contrib//semtech_loramac_radio.o
                0x00000000080056d8                SX127XSetRxConfig
 .text.SX127XSetTxConfig
                0x00000000080057e0       0xe8 /Users/leof/Documents/GitHub/IoT/IoT_I2HM_wyres/Riot_wyres/apps/I2HM_wyres/bin/wyres-base/semtech_loramac_contrib//semtech_loramac_radio.o
                0x00000000080057e0                SX127XSetTxConfig
 .text.SX127XSend
                0x00000000080058c8       0x20 /Users/leof/Documents/GitHub/IoT/IoT_I2HM_wyres/Riot_wyres/apps/I2HM_wyres/bin/wyres-base/semtech_loramac_contrib//semtech_loramac_radio.o
                0x00000000080058c8                SX127XSend
 .text.SX127XSleep
                0x00000000080058e8       0x20 /Users/leof/Documents/GitHub/IoT/IoT_I2HM_wyres/Riot_wyres/apps/I2HM_wyres/bin/wyres-base/semtech_loramac_contrib//semtech_loramac_radio.o
                0x00000000080058e8                SX127XSleep
 .text.SX127XStandby
                0x0000000008005908       0x24 /Users/leof/Documents/GitHub/IoT/IoT_I2HM_wyres/Riot_wyres/apps/I2HM_wyres/bin/wyres-base/semtech_loramac_contrib//semtech_loramac_radio.o
                0x0000000008005908                SX127XStandby
 .text.SX127XRx
                0x000000000800592c       0x38 /Users/leof/Documents/GitHub/IoT/IoT_I2HM_wyres/Riot_wyres/apps/I2HM_wyres/bin/wyres-base/semtech_loramac_contrib//semtech_loramac_radio.o
                0x000000000800592c                SX127XRx
 .text.SX127XStartCad
                0x0000000008005964        0x2 /Users/leof/Documents/GitHub/IoT/IoT_I2HM_wyres/Riot_wyres/apps/I2HM_wyres/bin/wyres-base/semtech_loramac_contrib//semtech_loramac_radio.o
                0x0000000008005964                SX127XStartCad
 *fill*         0x0000000008005966        0x2 
 .text.SX127XRssi
                0x0000000008005968       0x20 /Users/leof/Documents/GitHub/IoT/IoT_I2HM_wyres/Riot_wyres/apps/I2HM_wyres/bin/wyres-base/semtech_loramac_contrib//semtech_loramac_radio.o
                0x0000000008005968                SX127XRssi
 .text.SX127XWrite
                0x0000000008005988        0x2 /Users/leof/Documents/GitHub/IoT/IoT_I2HM_wyres/Riot_wyres/apps/I2HM_wyres/bin/wyres-base/semtech_loramac_contrib//semtech_loramac_radio.o
                0x0000000008005988                SX127XWrite
 .text.SX127XRead
                0x000000000800598a        0x4 /Users/leof/Documents/GitHub/IoT/IoT_I2HM_wyres/Riot_wyres/apps/I2HM_wyres/bin/wyres-base/semtech_loramac_contrib//semtech_loramac_radio.o
                0x000000000800598a                SX127XRead
 .text.SX127XWriteBuffer
                0x000000000800598e        0x2 /Users/leof/Documents/GitHub/IoT/IoT_I2HM_wyres/Riot_wyres/apps/I2HM_wyres/bin/wyres-base/semtech_loramac_contrib//semtech_loramac_radio.o
                0x000000000800598e                SX127XWriteBuffer
 .text.SX127XSetMaxPayloadLength
                0x0000000008005990       0x20 /Users/leof/Documents/GitHub/IoT/IoT_I2HM_wyres/Riot_wyres/apps/I2HM_wyres/bin/wyres-base/semtech_loramac_contrib//semtech_loramac_radio.o
                0x0000000008005990                SX127XSetMaxPayloadLength
 .text.SX127XCheckRfFrequency
                0x00000000080059b0        0x4 /Users/leof/Documents/GitHub/IoT/IoT_I2HM_wyres/Riot_wyres/apps/I2HM_wyres/bin/wyres-base/semtech_loramac_contrib//semtech_loramac_radio.o
                0x00000000080059b0                SX127XCheckRfFrequency
 .text.SX127XSetTxContinuousWave
                0x00000000080059b4        0x2 /Users/leof/Documents/GitHub/IoT/IoT_I2HM_wyres/Riot_wyres/apps/I2HM_wyres/bin/wyres-base/semtech_loramac_contrib//semtech_loramac_radio.o
                0x00000000080059b4                SX127XSetTxContinuousWave
 *fill*         0x00000000080059b6        0x2 
 .text.SX127XSetPublicNetwork
                0x00000000080059b8       0x28 /Users/leof/Documents/GitHub/IoT/IoT_I2HM_wyres/Riot_wyres/apps/I2HM_wyres/bin/wyres-base/semtech_loramac_contrib//semtech_loramac_radio.o
                0x00000000080059b8                SX127XSetPublicNetwork
 .text.SX127XGetWakeupTime
                0x00000000080059e0        0x4 /Users/leof/Documents/GitHub/IoT/IoT_I2HM_wyres/Riot_wyres/apps/I2HM_wyres/bin/wyres-base/semtech_loramac_contrib//semtech_loramac_radio.o
                0x00000000080059e0                SX127XGetWakeupTime
 .text.SX127XRxBoosted
                0x00000000080059e4        0x2 /Users/leof/Documents/GitHub/IoT/IoT_I2HM_wyres/Riot_wyres/apps/I2HM_wyres/bin/wyres-base/semtech_loramac_contrib//semtech_loramac_radio.o
                0x00000000080059e4                SX127XRxBoosted
 .text.SX127XSetRxDutyCycle
                0x00000000080059e6        0x2 /Users/leof/Documents/GitHub/IoT/IoT_I2HM_wyres/Riot_wyres/apps/I2HM_wyres/bin/wyres-base/semtech_loramac_contrib//semtech_loramac_radio.o
                0x00000000080059e6                SX127XSetRxDutyCycle
 .text.SX127XInit
                0x00000000080059e8       0x1c /Users/leof/Documents/GitHub/IoT/IoT_I2HM_wyres/Riot_wyres/apps/I2HM_wyres/bin/wyres-base/semtech_loramac_contrib//semtech_loramac_radio.o
                0x00000000080059e8                SX127XInit
 .text.SX127XIsChannelFree
                0x0000000008005a04       0x50 /Users/leof/Documents/GitHub/IoT/IoT_I2HM_wyres/Riot_wyres/apps/I2HM_wyres/bin/wyres-base/semtech_loramac_contrib//semtech_loramac_radio.o
                0x0000000008005a04                SX127XIsChannelFree
 .text.SX127XTimeOnAir
                0x0000000008005a54       0xc4 /Users/leof/Documents/GitHub/IoT/IoT_I2HM_wyres/Riot_wyres/apps/I2HM_wyres/bin/wyres-base/semtech_loramac_contrib//semtech_loramac_radio.o
                0x0000000008005a54                SX127XTimeOnAir
 .text.SX127XReadBuffer
                0x0000000008005b18        0x2 /Users/leof/Documents/GitHub/IoT/IoT_I2HM_wyres/Riot_wyres/apps/I2HM_wyres/bin/wyres-base/semtech_loramac_contrib//semtech_loramac_radio.o
                0x0000000008005b18                SX127XReadBuffer
 .text.SX127XIrqProcess
                0x0000000008005b1a        0x2 /Users/leof/Documents/GitHub/IoT/IoT_I2HM_wyres/Riot_wyres/apps/I2HM_wyres/bin/wyres-base/semtech_loramac_contrib//semtech_loramac_radio.o
                0x0000000008005b1a                SX127XIrqProcess
 .text.ztimer_now
                0x0000000008005b1c       0x10 /Users/leof/Documents/GitHub/IoT/IoT_I2HM_wyres/Riot_wyres/apps/I2HM_wyres/bin/wyres-base/semtech_loramac_contrib//semtech_loramac_timer.o
 .text.TimerInit
                0x0000000008005b2c       0x18 /Users/leof/Documents/GitHub/IoT/IoT_I2HM_wyres/Riot_wyres/apps/I2HM_wyres/bin/wyres-base/semtech_loramac_contrib//semtech_loramac_timer.o
                0x0000000008005b2c                TimerInit
 .text.TimerStart
                0x0000000008005b44       0x38 /Users/leof/Documents/GitHub/IoT/IoT_I2HM_wyres/Riot_wyres/apps/I2HM_wyres/bin/wyres-base/semtech_loramac_contrib//semtech_loramac_timer.o
                0x0000000008005b44                TimerStart
 .text.TimerStop
                0x0000000008005b7c       0x14 /Users/leof/Documents/GitHub/IoT/IoT_I2HM_wyres/Riot_wyres/apps/I2HM_wyres/bin/wyres-base/semtech_loramac_contrib//semtech_loramac_timer.o
                0x0000000008005b7c                TimerStop
 .text.TimerSetValue
                0x0000000008005b90       0x20 /Users/leof/Documents/GitHub/IoT/IoT_I2HM_wyres/Riot_wyres/apps/I2HM_wyres/bin/wyres-base/semtech_loramac_contrib//semtech_loramac_timer.o
                0x0000000008005b90                TimerSetValue
 .text.TimerGetCurrentTime