Archive member included to satisfy reference by file (symbol)

/usr/local/Cellar/gcc-arm-none-eabi-80/20181220/bin/../lib/gcc/arm-none-eabi/8.2.1/../../../../arm-none-eabi/lib/thumb/v7-m/nofp/libm.a(lib_a-s_ceil.o)
                              /Users/leof/Documents/GitHub/IoT/IoT_I2HM_wyres/Riot_wyres/tests/Capteur_cayenne_lora/bin/wyres-base/semtech_loramac_mac_region//RegionCommon.o (ceil)
/usr/local/Cellar/gcc-arm-none-eabi-80/20181220/bin/../lib/gcc/arm-none-eabi/8.2.1/../../../../arm-none-eabi/lib/thumb/v7-m/nofp/libm.a(lib_a-s_floor.o)
                              /Users/leof/Documents/GitHub/IoT/IoT_I2HM_wyres/Riot_wyres/tests/Capteur_cayenne_lora/bin/wyres-base/semtech_loramac_mac_region//RegionCommon.o (floor)
/usr/local/Cellar/gcc-arm-none-eabi-80/20181220/bin/../lib/gcc/arm-none-eabi/8.2.1/../../../../arm-none-eabi/lib/thumb/v7-m/nofp/libm.a(lib_a-w_pow.o)
                              /Users/leof/Documents/GitHub/IoT/IoT_I2HM_wyres/Riot_wyres/tests/Capteur_cayenne_lora/bin/wyres-base/phydat//phydat_unix.o (pow)
/usr/local/Cellar/gcc-arm-none-eabi-80/20181220/bin/../lib/gcc/arm-none-eabi/8.2.1/../../../../arm-none-eabi/lib/thumb/v7-m/nofp/libm.a(lib_a-e_pow.o)
                              /usr/local/Cellar/gcc-arm-none-eabi-80/20181220/bin/../lib/gcc/arm-none-eabi/8.2.1/../../../../arm-none-eabi/lib/thumb/v7-m/nofp/libm.a(lib_a-w_pow.o) (__ieee754_pow)
/usr/local/Cellar/gcc-arm-none-eabi-80/20181220/bin/../lib/gcc/arm-none-eabi/8.2.1/../../../../arm-none-eabi/lib/thumb/v7-m/nofp/libm.a(lib_a-e_sqrt.o)
                              /usr/local/Cellar/gcc-arm-none-eabi-80/20181220/bin/../lib/gcc/arm-none-eabi/8.2.1/../../../../arm-none-eabi/lib/thumb/v7-m/nofp/libm.a(lib_a-e_pow.o) (__ieee754_sqrt)
/usr/local/Cellar/gcc-arm-none-eabi-80/20181220/bin/../lib/gcc/arm-none-eabi/8.2.1/../../../../arm-none-eabi/lib/thumb/v7-m/nofp/libm.a(lib_a-s_fabs.o)
                              /usr/local/Cellar/gcc-arm-none-eabi-80/20181220/bin/../lib/gcc/arm-none-eabi/8.2.1/../../../../arm-none-eabi/lib/thumb/v7-m/nofp/libm.a(lib_a-e_pow.o) (fabs)
/usr/local/Cellar/gcc-arm-none-eabi-80/20181220/bin/../lib/gcc/arm-none-eabi/8.2.1/../../../../arm-none-eabi/lib/thumb/v7-m/nofp/libm.a(lib_a-s_finite.o)
                              /usr/local/Cellar/gcc-arm-none-eabi-80/20181220/bin/../lib/gcc/arm-none-eabi/8.2.1/../../../../arm-none-eabi/lib/thumb/v7-m/nofp/libm.a(lib_a-w_pow.o) (finite)
/usr/local/Cellar/gcc-arm-none-eabi-80/20181220/bin/../lib/gcc/arm-none-eabi/8.2.1/../../../../arm-none-eabi/lib/thumb/v7-m/nofp/libm.a(lib_a-s_lib_ver.o)
                              /usr/local/Cellar/gcc-arm-none-eabi-80/20181220/bin/../lib/gcc/arm-none-eabi/8.2.1/../../../../arm-none-eabi/lib/thumb/v7-m/nofp/libm.a(lib_a-w_pow.o) (__fdlib_version)
/usr/local/Cellar/gcc-arm-none-eabi-80/20181220/bin/../lib/gcc/arm-none-eabi/8.2.1/../../../../arm-none-eabi/lib/thumb/v7-m/nofp/libm.a(lib_a-s_matherr.o)
                              /usr/local/Cellar/gcc-arm-none-eabi-80/20181220/bin/../lib/gcc/arm-none-eabi/8.2.1/../../../../arm-none-eabi/lib/thumb/v7-m/nofp/libm.a(lib_a-w_pow.o) (matherr)
/usr/local/Cellar/gcc-arm-none-eabi-80/20181220/bin/../lib/gcc/arm-none-eabi/8.2.1/../../../../arm-none-eabi/lib/thumb/v7-m/nofp/libm.a(lib_a-s_nan.o)
                              /usr/local/Cellar/gcc-arm-none-eabi-80/20181220/bin/../lib/gcc/arm-none-eabi/8.2.1/../../../../arm-none-eabi/lib/thumb/v7-m/nofp/libm.a(lib_a-e_pow.o) (nan)
/usr/local/Cellar/gcc-arm-none-eabi-80/20181220/bin/../lib/gcc/arm-none-eabi/8.2.1/../../../../arm-none-eabi/lib/thumb/v7-m/nofp/libm.a(lib_a-s_rint.o)
                              /usr/local/Cellar/gcc-arm-none-eabi-80/20181220/bin/../lib/gcc/arm-none-eabi/8.2.1/../../../../arm-none-eabi/lib/thumb/v7-m/nofp/libm.a(lib_a-w_pow.o) (rint)
/usr/local/Cellar/gcc-arm-none-eabi-80/20181220/bin/../lib/gcc/arm-none-eabi/8.2.1/../../../../arm-none-eabi/lib/thumb/v7-m/nofp/libm.a(lib_a-s_scalbn.o)
                              /usr/local/Cellar/gcc-arm-none-eabi-80/20181220/bin/../lib/gcc/arm-none-eabi/8.2.1/../../../../arm-none-eabi/lib/thumb/v7-m/nofp/libm.a(lib_a-e_pow.o) (scalbn)
/usr/local/Cellar/gcc-arm-none-eabi-80/20181220/bin/../lib/gcc/arm-none-eabi/8.2.1/thumb/v7-m/nofp/libgcc.a(_arm_addsubdf3.o)
                              /Users/leof/Documents/GitHub/IoT/IoT_I2HM_wyres/Riot_wyres/tests/Capteur_cayenne_lora/bin/wyres-base/semtech_loramac_mac_region//RegionCommon.o (__aeabi_dsub)
/usr/local/Cellar/gcc-arm-none-eabi-80/20181220/bin/../lib/gcc/arm-none-eabi/8.2.1/thumb/v7-m/nofp/libgcc.a(_arm_muldivdf3.o)
                              /Users/leof/Documents/GitHub/IoT/IoT_I2HM_wyres/Riot_wyres/tests/Capteur_cayenne_lora/bin/wyres-base/phydat//phydat_unix.o (__aeabi_dmul)
/usr/local/Cellar/gcc-arm-none-eabi-80/20181220/bin/../lib/gcc/arm-none-eabi/8.2.1/thumb/v7-m/nofp/libgcc.a(_arm_cmpdf2.o)
[...]
Memory Configuration

Name             Origin             Length             Attributes
ccmram           0x0000000010000000 0x0000000000000000
sram4            0x0000000000000000 0x0000000000000000
fmcram           0x0000000000000000 0x0000000000000000
rom              0x0000000008000000 0x0000000000040000 xr
ram              0x0000000020000000 0x0000000000008000 w !xr
bkup_ram         0x0000000000000000 0x0000000000000000 w !xr
*default*        0x0000000000000000 0xffffffffffffffff

Linker script and memory map

LOAD /Users/leof/Documents/GitHub/IoT/IoT_I2HM_wyres/Riot_wyres/tests/Capteur_cayenne_lora/bin/wyres-base/analog_util//adc_util.o
LOAD /Users/leof/Documents/GitHub/IoT/IoT_I2HM_wyres/Riot_wyres/tests/Capteur_cayenne_lora/bin/wyres-base/analog_util//dac_util.o
LOAD /Users/leof/Documents/GitHub/IoT/IoT_I2HM_wyres/Riot_wyres/tests/Capteur_cayenne_lora/bin/wyres-base/application_test-Cayenne-loramac-sensor-WYRES//main.o
LOAD /Users/leof/Documents/GitHub/IoT/IoT_I2HM_wyres/Riot_wyres/tests/Capteur_cayenne_lora/bin/wyres-base/auto_init//auto_init.o
LOAD /Users/leof/Documents/GitHub/IoT/IoT_I2HM_wyres/Riot_wyres/tests/Capteur_cayenne_lora/bin/wyres-base/auto_init_loramac//auto_init_loramac.o
LOAD /Users/leof/Documents/GitHub/IoT/IoT_I2HM_wyres/Riot_wyres/tests/Capteur_cayenne_lora/bin/wyres-base/board//board.o
LOAD /Users/leof/Documents/GitHub/IoT/IoT_I2HM_wyres/Riot_wyres/tests/Capteur_cayenne_lora/bin/wyres-base/board_common_init//board_common.o
LOAD /Users/leof/Documents/GitHub/IoT/IoT_I2HM_wyres/Riot_wyres/tests/Capteur_cayenne_lora/bin/wyres-base/cayenne-lpp//cayenne_lpp.o
LOAD /Users/leof/Documents/GitHub/IoT/IoT_I2HM_wyres/Riot_wyres/tests/Capteur_cayenne_lora/bin/wyres-base/core//cond.o
LOAD /Users/leof/Documents/GitHub/IoT/IoT_I2HM_wyres/Riot_wyres/tests/Capteur_cayenne_lora/bin/wyres-base/core//msg.o
LOAD /Users/leof/Documents/GitHub/IoT/IoT_I2HM_wyres/Riot_wyres/tests/Capteur_cayenne_lora/bin/wyres-base/core//mutex.o
LOAD /Users/leof/Documents/GitHub/IoT/IoT_I2HM_wyres/Riot_wyres/tests/Capteur_cayenne_lora/bin/wyres-base/core//sched.o
LOAD /Users/leof/Documents/GitHub/IoT/IoT_I2HM_wyres/Riot_wyres/tests/Capteur_cayenne_lora/bin/wyres-base/core//thread.o
LOAD /Users/leof/Documents/GitHub/IoT/IoT_I2HM_wyres/Riot_wyres/tests/Capteur_cayenne_lora/bin/wyres-base/core_lib//assert.o
LOAD /Users/leof/Documents/GitHub/IoT/IoT_I2HM_wyres/Riot_wyres/tests/Capteur_cayenne_lora/bin/wyres-base/core_lib//atomic_c11.o
LOAD /Users/leof/Documents/GitHub/IoT/IoT_I2HM_wyres/Riot_wyres/tests/Capteur_cayenne_lora/bin/wyres-base/core_lib//atomic_sync.o
LOAD /Users/leof/Documents/GitHub/IoT/IoT_I2HM_wyres/Riot_wyres/tests/Capteur_cayenne_lora/bin/wyres-base/core_lib//bitarithm.o
LOAD /Users/leof/Documents/GitHub/IoT/IoT_I2HM_wyres/Riot_wyres/tests/Capteur_cayenne_lora/bin/wyres-base/core_lib//clist.o
LOAD /Users/leof/Documents/GitHub/IoT/IoT_I2HM_wyres/Riot_wyres/tests/Capteur_cayenne_lora/bin/wyres-base/core_lib//init.o
LOAD /Users/leof/Documents/GitHub/IoT/IoT_I2HM_wyres/Riot_wyres/tests/Capteur_cayenne_lora/bin/wyres-base/core_lib//panic.o
LOAD /Users/leof/Documents/GitHub/IoT/IoT_I2HM_wyres/Riot_wyres/tests/Capteur_cayenne_lora/bin/wyres-base/core_lib//priority_queue.o
LOAD /Users/leof/Documents/GitHub/IoT/IoT_I2HM_wyres/Riot_wyres/tests/Capteur_cayenne_lora/bin/wyres-base/core_lib//ringbuffer.o
LOAD /Users/leof/Documents/GitHub/IoT/IoT_I2HM_wyres/Riot_wyres/tests/Capteur_cayenne_lora/bin/wyres-base/core_lib//rmutex.o
LOAD /Users/leof/Documents/GitHub/IoT/IoT_I2HM_wyres/Riot_wyres/tests/Capteur_cayenne_lora/bin/wyres-base/cortexm_common//cortexm_init.o
LOAD /Users/leof/Documents/GitHub/IoT/IoT_I2HM_wyres/Riot_wyres/tests/Capteur_cayenne_lora/bin/wyres-base/cortexm_common//mpu.o
LOAD /Users/leof/Documents/GitHub/IoT/IoT_I2HM_wyres/Riot_wyres/tests/Capteur_cayenne_lora/bin/wyres-base/cortexm_common//panic.o
LOAD /Users/leof/Documents/GitHub/IoT/IoT_I2HM_wyres/Riot_wyres/tests/Capteur_cayenne_lora/bin/wyres-base/cortexm_common//thread_arch.o
LOAD /Users/leof/Documents/GitHub/IoT/IoT_I2HM_wyres/Riot_wyres/tests/Capteur_cayenne_lora/bin/wyres-base/cortexm_common//vectors_cortexm.o
LOAD /Users/leof/Documents/GitHub/IoT/IoT_I2HM_wyres/Riot_wyres/tests/Capteur_cayenne_lora/bin/wyres-base/cortexm_common_periph//pm.o
LOAD /Users/leof/Documents/GitHub/IoT/IoT_I2HM_wyres/Riot_wyres/tests/Capteur_cayenne_lora/bin/wyres-base/cpu//cpu_common.o
LOAD /Users/leof/Documents/GitHub/IoT/IoT_I2HM_wyres/Riot_wyres/tests/Capteur_cayenne_lora/bin/wyres-base/cpu//cpu_init.o
LOAD /Users/leof/Documents/GitHub/IoT/IoT_I2HM_wyres/Riot_wyres/tests/Capteur_cayenne_lora/bin/wyres-base/crypto//aes.o
LOAD /Users/leof/Documents/GitHub/IoT/IoT_I2HM_wyres/Riot_wyres/tests/Capteur_cayenne_lora/bin/wyres-base/crypto//chacha.o
LOAD /Users/leof/Documents/GitHub/IoT/IoT_I2HM_wyres/Riot_wyres/tests/Capteur_cayenne_lora/bin/wyres-base/crypto//chacha20poly1305.o
LOAD /Users/leof/Documents/GitHub/IoT/IoT_I2HM_wyres/Riot_wyres/tests/Capteur_cayenne_lora/bin/wyres-base/crypto//chacha_prng.o
LOAD /Users/leof/Documents/GitHub/IoT/IoT_I2HM_wyres/Riot_wyres/tests/Capteur_cayenne_lora/bin/wyres-base/crypto//ciphers.o
LOAD /Users/leof/Documents/GitHub/IoT/IoT_I2HM_wyres/Riot_wyres/tests/Capteur_cayenne_lora/bin/wyres-base/crypto//helper.o
LOAD /Users/leof/Documents/GitHub/IoT/IoT_I2HM_wyres/Riot_wyres/tests/Capteur_cayenne_lora/bin/wyres-base/crypto//poly1305.o
LOAD /Users/leof/Documents/GitHub/IoT/IoT_I2HM_wyres/Riot_wyres/tests/Capteur_cayenne_lora/bin/wyres-base/div//div.o
LOAD /Users/leof/Documents/GitHub/IoT/IoT_I2HM_wyres/Riot_wyres/tests/Capteur_cayenne_lora/bin/wyres-base/fmt//fmt.o
LOAD /Users/leof/Documents/GitHub/IoT/IoT_I2HM_wyres/Riot_wyres/tests/Capteur_cayenne_lora/bin/wyres-base/frac//frac.o
LOAD /Users/leof/Documents/GitHub/IoT/IoT_I2HM_wyres/Riot_wyres/tests/Capteur_cayenne_lora/bin/wyres-base/hashes//aes128_cmac.o
LOAD /Users/leof/Documents/GitHub/IoT/IoT_I2HM_wyres/Riot_wyres/tests/Capteur_cayenne_lora/bin/wyres-base/hashes//hashes.o
LOAD /Users/leof/Documents/GitHub/IoT/IoT_I2HM_wyres/Riot_wyres/tests/Capteur_cayenne_lora/bin/wyres-base/hashes//md5.o
LOAD /Users/leof/Documents/GitHub/IoT/IoT_I2HM_wyres/Riot_wyres/tests/Capteur_cayenne_lora/bin/wyres-base/hashes//pbkdf2.o
LOAD /Users/leof/Documents/GitHub/IoT/IoT_I2HM_wyres/Riot_wyres/tests/Capteur_cayenne_lora/bin/wyres-base/hashes//sha1.o
LOAD /Users/leof/Documents/GitHub/IoT/IoT_I2HM_wyres/Riot_wyres/tests/Capteur_cayenne_lora/bin/wyres-base/hashes//sha224.o
LOAD /Users/leof/Documents/GitHub/IoT/IoT_I2HM_wyres/Riot_wyres/tests/Capteur_cayenne_lora/bin/wyres-base/hashes//sha256.o
LOAD /Users/leof/Documents/GitHub/IoT/IoT_I2HM_wyres/Riot_wyres/tests/Capteur_cayenne_lora/bin/wyres-base/hashes//sha2xx_common.o
LOAD /Users/leof/Documents/GitHub/IoT/IoT_I2HM_wyres/Riot_wyres/tests/Capteur_cayenne_lora/bin/wyres-base/hashes//sha3.o
LOAD /Users/leof/Documents/GitHub/IoT/IoT_I2HM_wyres/Riot_wyres/tests/Capteur_cayenne_lora/bin/wyres-base/hashes//sha512.o
LOAD /Users/leof/Documents/GitHub/IoT/IoT_I2HM_wyres/Riot_wyres/tests/Capteur_cayenne_lora/bin/wyres-base/hashes//sha512_common.o
LOAD /Users/leof/Documents/GitHub/IoT/IoT_I2HM_wyres/Riot_wyres/tests/Capteur_cayenne_lora/bin/wyres-base/iolist//iolist.o
LOAD /Users/leof/Documents/GitHub/IoT/IoT_I2HM_wyres/Riot_wyres/tests/Capteur_cayenne_lora/bin/wyres-base/libc//string.o
LOAD /Users/leof/Documents/GitHub/IoT/IoT_I2HM_wyres/Riot_wyres/tests/Capteur_cayenne_lora/bin/wyres-base/loramac_utils//app_clock.o
LOAD /Users/leof/Documents/GitHub/IoT/IoT_I2HM_wyres/Riot_wyres/tests/Capteur_cayenne_lora/bin/wyres-base/loramac_utils//loramac_utils.o
LOAD /Users/leof/Documents/GitHub/IoT/IoT_I2HM_wyres/Riot_wyres/tests/Capteur_cayenne_lora/bin/wyres-base/loramac_utils//lorawan_network.o
LOAD /Users/leof/Documents/GitHub/IoT/IoT_I2HM_wyres/Riot_wyres/tests/Capteur_cayenne_lora/bin/wyres-base/lpsxxx//lpsxxx.o
LOAD /Users/leof/Documents/GitHub/IoT/IoT_I2HM_wyres/Riot_wyres/tests/Capteur_cayenne_lora/bin/wyres-base/lpsxxx//lpsxxx_saul.o
LOAD /Users/leof/Documents/GitHub/IoT/IoT_I2HM_wyres/Riot_wyres/tests/Capteur_cayenne_lora/bin/wyres-base/luid//luid.o
LOAD /Users/leof/Documents/GitHub/IoT/IoT_I2HM_wyres/Riot_wyres/tests/Capteur_cayenne_lora/bin/wyres-base/malloc_thread_safe//malloc_wrappers.o
LOAD /Users/leof/Documents/GitHub/IoT/IoT_I2HM_wyres/Riot_wyres/tests/Capteur_cayenne_lora/bin/wyres-base/newlib_syscalls_default//syscalls.o
LOAD /Users/leof/Documents/GitHub/IoT/IoT_I2HM_wyres/Riot_wyres/tests/Capteur_cayenne_lora/bin/wyres-base/periph//adc_l1.o
LOAD /Users/leof/Documents/GitHub/IoT/IoT_I2HM_wyres/Riot_wyres/tests/Capteur_cayenne_lora/bin/wyres-base/periph//eeprom.o
LOAD /Users/leof/Documents/GitHub/IoT/IoT_I2HM_wyres/Riot_wyres/tests/Capteur_cayenne_lora/bin/wyres-base/periph//flash_common.o
LOAD /Users/leof/Documents/GitHub/IoT/IoT_I2HM_wyres/Riot_wyres/tests/Capteur_cayenne_lora/bin/wyres-base/periph//gpio_all.o
LOAD /Users/leof/Documents/GitHub/IoT/IoT_I2HM_wyres/Riot_wyres/tests/Capteur_cayenne_lora/bin/wyres-base/periph//i2c_2.o
LOAD /Users/leof/Documents/GitHub/IoT/IoT_I2HM_wyres/Riot_wyres/tests/Capteur_cayenne_lora/bin/wyres-base/periph//pm.o
LOAD /Users/leof/Documents/GitHub/IoT/IoT_I2HM_wyres/Riot_wyres/tests/Capteur_cayenne_lora/bin/wyres-base/periph//rtc_all.o
LOAD /Users/leof/Documents/GitHub/IoT/IoT_I2HM_wyres/Riot_wyres/tests/Capteur_cayenne_lora/bin/wyres-base/periph//spi.o
LOAD /Users/leof/Documents/GitHub/IoT/IoT_I2HM_wyres/Riot_wyres/tests/Capteur_cayenne_lora/bin/wyres-base/periph//timer.o
LOAD /Users/leof/Documents/GitHub/IoT/IoT_I2HM_wyres/Riot_wyres/tests/Capteur_cayenne_lora/bin/wyres-base/periph//uart.o
LOAD /Users/leof/Documents/GitHub/IoT/IoT_I2HM_wyres/Riot_wyres/tests/Capteur_cayenne_lora/bin/wyres-base/periph_common//cpuid.o
LOAD /Users/leof/Documents/GitHub/IoT/IoT_I2HM_wyres/Riot_wyres/tests/Capteur_cayenne_lora/bin/wyres-base/periph_common//eeprom.o
LOAD /Users/leof/Documents/GitHub/IoT/IoT_I2HM_wyres/Riot_wyres/tests/Capteur_cayenne_lora/bin/wyres-base/periph_common//gpio.o
LOAD /Users/leof/Documents/GitHub/IoT/IoT_I2HM_wyres/Riot_wyres/tests/Capteur_cayenne_lora/bin/wyres-base/periph_common//i2c.o
LOAD /Users/leof/Documents/GitHub/IoT/IoT_I2HM_wyres/Riot_wyres/tests/Capteur_cayenne_lora/bin/wyres-base/periph_common//init.o
LOAD /Users/leof/Documents/GitHub/IoT/IoT_I2HM_wyres/Riot_wyres/tests/Capteur_cayenne_lora/bin/wyres-base/periph_common//init_leds.o
LOAD /Users/leof/Documents/GitHub/IoT/IoT_I2HM_wyres/Riot_wyres/tests/Capteur_cayenne_lora/bin/wyres-base/periph_common//pm.o
LOAD /Users/leof/Documents/GitHub/IoT/IoT_I2HM_wyres/Riot_wyres/tests/Capteur_cayenne_lora/bin/wyres-base/periph_common//spi.o
LOAD /Users/leof/Documents/GitHub/IoT/IoT_I2HM_wyres/Riot_wyres/tests/Capteur_cayenne_lora/bin/wyres-base/periph_common//timer.o
LOAD /Users/leof/Documents/GitHub/IoT/IoT_I2HM_wyres/Riot_wyres/tests/Capteur_cayenne_lora/bin/wyres-base/phydat//phydat.o
LOAD /Users/leof/Documents/GitHub/IoT/IoT_I2HM_wyres/Riot_wyres/tests/Capteur_cayenne_lora/bin/wyres-base/phydat//phydat_json.o
LOAD /Users/leof/Documents/GitHub/IoT/IoT_I2HM_wyres/Riot_wyres/tests/Capteur_cayenne_lora/bin/wyres-base/phydat//phydat_str.o
LOAD /Users/leof/Documents/GitHub/IoT/IoT_I2HM_wyres/Riot_wyres/tests/Capteur_cayenne_lora/bin/wyres-base/phydat//phydat_unix.o
LOAD /Users/leof/Documents/GitHub/IoT/IoT_I2HM_wyres/Riot_wyres/tests/Capteur_cayenne_lora/bin/wyres-base/pm_layered//pm.o
LOAD /Users/leof/Documents/GitHub/IoT/IoT_I2HM_wyres/Riot_wyres/tests/Capteur_cayenne_lora/bin/wyres-base/random//musl_lcg.o
LOAD /Users/leof/Documents/GitHub/IoT/IoT_I2HM_wyres/Riot_wyres/tests/Capteur_cayenne_lora/bin/wyres-base/random//random.o
LOAD /Users/leof/Documents/GitHub/IoT/IoT_I2HM_wyres/Riot_wyres/tests/Capteur_cayenne_lora/bin/wyres-base/rtc_utils//rtc_utils.o
LOAD /Users/leof/Documents/GitHub/IoT/IoT_I2HM_wyres/Riot_wyres/tests/Capteur_cayenne_lora/bin/wyres-base/saul//saul.o
LOAD /Users/leof/Documents/GitHub/IoT/IoT_I2HM_wyres/Riot_wyres/tests/Capteur_cayenne_lora/bin/wyres-base/saul//saul_str.o
LOAD /Users/leof/Documents/GitHub/IoT/IoT_I2HM_wyres/Riot_wyres/tests/Capteur_cayenne_lora/bin/wyres-base/saul_init_devs//auto_init_lpsxxx.o
LOAD /Users/leof/Documents/GitHub/IoT/IoT_I2HM_wyres/Riot_wyres/tests/Capteur_cayenne_lora/bin/wyres-base/saul_init_devs//init.o
LOAD /Users/leof/Documents/GitHub/IoT/IoT_I2HM_wyres/Riot_wyres/tests/Capteur_cayenne_lora/bin/wyres-base/saul_reg//saul_reg.o
LOAD /Users/leof/Documents/GitHub/IoT/IoT_I2HM_wyres/Riot_wyres/tests/Capteur_cayenne_lora/bin/wyres-base/semtech_loramac_arch//utilities.o
LOAD /Users/leof/Documents/GitHub/IoT/IoT_I2HM_wyres/Riot_wyres/tests/Capteur_cayenne_lora/bin/wyres-base/semtech_loramac_contrib//semtech_loramac.o
LOAD /Users/leof/Documents/GitHub/IoT/IoT_I2HM_wyres/Riot_wyres/tests/Capteur_cayenne_lora/bin/wyres-base/semtech_loramac_contrib//semtech_loramac_getset.o
LOAD /Users/leof/Documents/GitHub/IoT/IoT_I2HM_wyres/Riot_wyres/tests/Capteur_cayenne_lora/bin/wyres-base/semtech_loramac_contrib//semtech_loramac_radio.o
LOAD /Users/leof/Documents/GitHub/IoT/IoT_I2HM_wyres/Riot_wyres/tests/Capteur_cayenne_lora/bin/wyres-base/semtech_loramac_contrib//semtech_loramac_timer.o
LOAD /Users/leof/Documents/GitHub/IoT/IoT_I2HM_wyres/Riot_wyres/tests/Capteur_cayenne_lora/bin/wyres-base/semtech_loramac_crypto//cmac.o
LOAD /Users/leof/Documents/GitHub/IoT/IoT_I2HM_wyres/Riot_wyres/tests/Capteur_cayenne_lora/bin/wyres-base/semtech_loramac_mac//LoRaMac.o
LOAD /Users/leof/Documents/GitHub/IoT/IoT_I2HM_wyres/Riot_wyres/tests/Capteur_cayenne_lora/bin/wyres-base/semtech_loramac_mac//LoRaMacCrypto.o
LOAD /Users/leof/Documents/GitHub/IoT/IoT_I2HM_wyres/Riot_wyres/tests/Capteur_cayenne_lora/bin/wyres-base/semtech_loramac_mac_region//Region.o
LOAD /Users/leof/Documents/GitHub/IoT/IoT_I2HM_wyres/Riot_wyres/tests/Capteur_cayenne_lora/bin/wyres-base/semtech_loramac_mac_region//RegionAS923.o
LOAD /Users/leof/Documents/GitHub/IoT/IoT_I2HM_wyres/Riot_wyres/tests/Capteur_cayenne_lora/bin/wyres-base/semtech_loramac_mac_region//RegionAU915.o
LOAD /Users/leof/Documents/GitHub/IoT/IoT_I2HM_wyres/Riot_wyres/tests/Capteur_cayenne_lora/bin/wyres-base/semtech_loramac_mac_region//RegionCN470.o
LOAD /Users/leof/Documents/GitHub/IoT/IoT_I2HM_wyres/Riot_wyres/tests/Capteur_cayenne_lora/bin/wyres-base/semtech_loramac_mac_region//RegionCN779.o
LOAD /Users/leof/Documents/GitHub/IoT/IoT_I2HM_wyres/Riot_wyres/tests/Capteur_cayenne_lora/bin/wyres-base/semtech_loramac_mac_region//RegionCommon.o
LOAD /Users/leof/Documents/GitHub/IoT/IoT_I2HM_wyres/Riot_wyres/tests/Capteur_cayenne_lora/bin/wyres-base/semtech_loramac_mac_region//RegionEU433.o
LOAD /Users/leof/Documents/GitHub/IoT/IoT_I2HM_wyres/Riot_wyres/tests/Capteur_cayenne_lora/bin/wyres-base/semtech_loramac_mac_region//RegionEU868.o
LOAD /Users/leof/Documents/GitHub/IoT/IoT_I2HM_wyres/Riot_wyres/tests/Capteur_cayenne_lora/bin/wyres-base/semtech_loramac_mac_region//RegionIN865.o
LOAD /Users/leof/Documents/GitHub/IoT/IoT_I2HM_wyres/Riot_wyres/tests/Capteur_cayenne_lora/bin/wyres-base/semtech_loramac_mac_region//RegionKR920.o
LOAD /Users/leof/Documents/GitHub/IoT/IoT_I2HM_wyres/Riot_wyres/tests/Capteur_cayenne_lora/bin/wyres-base/semtech_loramac_mac_region//RegionRU864.o
LOAD /Users/leof/Documents/GitHub/IoT/IoT_I2HM_wyres/Riot_wyres/tests/Capteur_cayenne_lora/bin/wyres-base/semtech_loramac_mac_region//RegionUS915-Hybrid.o
LOAD /Users/leof/Documents/GitHub/IoT/IoT_I2HM_wyres/Riot_wyres/tests/Capteur_cayenne_lora/bin/wyres-base/semtech_loramac_mac_region//RegionUS915.o
LOAD /Users/leof/Documents/GitHub/IoT/IoT_I2HM_wyres/Riot_wyres/tests/Capteur_cayenne_lora/bin/wyres-base/stdio_uart//stdio_uart.o
LOAD /Users/leof/Documents/GitHub/IoT/IoT_I2HM_wyres/Riot_wyres/tests/Capteur_cayenne_lora/bin/wyres-base/stm32_clk//stmclk_common.o
LOAD /Users/leof/Documents/GitHub/IoT/IoT_I2HM_wyres/Riot_wyres/tests/Capteur_cayenne_lora/bin/wyres-base/stm32_clk//stmclk_l0l1.o
LOAD /Users/leof/Documents/GitHub/IoT/IoT_I2HM_wyres/Riot_wyres/tests/Capteur_cayenne_lora/bin/wyres-base/stm32_vectors//STM32L151xC.o
LOAD /Users/leof/Documents/GitHub/IoT/IoT_I2HM_wyres/Riot_wyres/tests/Capteur_cayenne_lora/bin/wyres-base/sx127x//sx127x.o
LOAD /Users/leof/Documents/GitHub/IoT/IoT_I2HM_wyres/Riot_wyres/tests/Capteur_cayenne_lora/bin/wyres-base/sx127x//sx127x_getset.o
LOAD /Users/leof/Documents/GitHub/IoT/IoT_I2HM_wyres/Riot_wyres/tests/Capteur_cayenne_lora/bin/wyres-base/sx127x//sx127x_internal.o
LOAD /Users/leof/Documents/GitHub/IoT/IoT_I2HM_wyres/Riot_wyres/tests/Capteur_cayenne_lora/bin/wyres-base/sx127x//sx127x_netdev.o
LOAD /Users/leof/Documents/GitHub/IoT/IoT_I2HM_wyres/Riot_wyres/tests/Capteur_cayenne_lora/bin/wyres-base/ztimer_core//convert.o
LOAD /Users/leof/Documents/GitHub/IoT/IoT_I2HM_wyres/Riot_wyres/tests/Capteur_cayenne_lora/bin/wyres-base/ztimer_core//convert_frac.o
LOAD /Users/leof/Documents/GitHub/IoT/IoT_I2HM_wyres/Riot_wyres/tests/Capteur_cayenne_lora/bin/wyres-base/ztimer_core//convert_shift.o
LOAD /Users/leof/Documents/GitHub/IoT/IoT_I2HM_wyres/Riot_wyres/tests/Capteur_cayenne_lora/bin/wyres-base/ztimer_core//core.o
LOAD /Users/leof/Documents/GitHub/IoT/IoT_I2HM_wyres/Riot_wyres/tests/Capteur_cayenne_lora/bin/wyres-base/ztimer_core//init.o
LOAD /Users/leof/Documents/GitHub/IoT/IoT_I2HM_wyres/Riot_wyres/tests/Capteur_cayenne_lora/bin/wyres-base/ztimer_core//periodic.o
LOAD /Users/leof/Documents/GitHub/IoT/IoT_I2HM_wyres/Riot_wyres/tests/Capteur_cayenne_lora/bin/wyres-base/ztimer_core//periph_timer.o
LOAD /Users/leof/Documents/GitHub/IoT/IoT_I2HM_wyres/Riot_wyres/tests/Capteur_cayenne_lora/bin/wyres-base/ztimer_core//util.o
LOAD /usr/local/Cellar/gcc-arm-none-eabi-80/20181220/bin/../lib/gcc/arm-none-eabi/8.2.1/../../../../arm-none-eabi/lib/thumb/v7-m/nofp/libm.a
LOAD /usr/local/Cellar/gcc-arm-none-eabi-80/20181220/bin/../lib/gcc/arm-none-eabi/8.2.1/thumb/v7-m/nofp/libgcc.a
                0x0000000008000000                _rom_start_addr = 0x8000000
                0x0000000020000000                _ram_start_addr = 0x20000000
                0x0000000000040000                _rom_length = 0x40000
                0x0000000000008000                _ram_length = 0x8000
LOAD /usr/local/Cellar/gcc-arm-none-eabi-80/20181220/bin/../lib/gcc/arm-none-eabi/8.2.1/../../../../arm-none-eabi/lib/thumb/v7-m/nofp/libc_nano.a
START GROUP
LOAD /usr/local/Cellar/gcc-arm-none-eabi-80/20181220/bin/../lib/gcc/arm-none-eabi/8.2.1/thumb/v7-m/nofp/libgcc.a
LOAD /usr/local/Cellar/gcc-arm-none-eabi-80/20181220/bin/../lib/gcc/arm-none-eabi/8.2.1/../../../../arm-none-eabi/lib/thumb/v7-m/nofp/libc_nano.a
END GROUP
START GROUP
LOAD /usr/local/Cellar/gcc-arm-none-eabi-80/20181220/bin/../lib/gcc/arm-none-eabi/8.2.1/thumb/v7-m/nofp/libgcc.a
LOAD /usr/local/Cellar/gcc-arm-none-eabi-80/20181220/bin/../lib/gcc/arm-none-eabi/8.2.1/../../../../arm-none-eabi/lib/thumb/v7-m/nofp/libc_nano.a
END GROUP
                0x0000000000000000                ccmram_length = DEFINED (_ccmram_len)?_ccmram_len:0x0
                0x0000000000000000                sram4_addr = DEFINED (_sram4_length)?0x28000000:0x0
                0x0000000000000000                sram4_length = DEFINED (_sram4_length)?_sram4_length:0x0
                0x0000000000000000                fmc_ram_addr = DEFINED (_fmc_ram_addr)?_fmc_ram_addr:0x0
                0x0000000000000000                fmc_ram_len = DEFINED (_fmc_ram_len)?_fmc_ram_len:0x0

.heap2          0x0000000000000000        0x0
                0x0000000000000000                _sheap2 = ORIGIN (sram4)
                0x0000000000000000                _eheap2 = (ORIGIN (sram4) + LENGTH (sram4))

.heap4          0x0000000000000000        0x0
                0x0000000000000000                _sheap3 = ORIGIN (fmcram)
                0x0000000000000000                _eheap3 = (ORIGIN (fmcram) + LENGTH (fmcram))
                0x0000000000000000                _rom_offset = DEFINED (_rom_offset)?_rom_offset:0x0
                0x0000000000040000                _fw_rom_length = DEFINED (_fw_rom_length)?_fw_rom_length:(_rom_length - _rom_offset)
                0x0000000000000001                ASSERT ((_fw_rom_length <= (_rom_length - _rom_offset)), Specified firmware size does not fit in ROM)
                0x0000000000000000                _backup_ram_start_addr = DEFINED (_backup_ram_start_addr)?_backup_ram_start_addr:0x0
                0x0000000000000000                _backup_ram_len = DEFINED (_backup_ram_len)?_backup_ram_len:0x0

.text           0x0000000008000000     0xece0
                0x0000000008000000                . = ALIGN (0x4)
                0x0000000008000000                _sfixed = .
                0x0000000008000000                _isr_vectors = DEFINED (_isr_vectors)?_isr_vectors:.
 *(SORT_BY_NAME(.vectors*))
 .vectors.0     0x0000000008000000       0x40 /Users/leof/Documents/GitHub/IoT/IoT_I2HM_wyres/Riot_wyres/tests/Capteur_cayenne_lora/bin/wyres-base/cortexm_common//vectors_cortexm.o
                0x0000000008000000                cortex_vector_base
 .vectors.1     0x0000000008000040       0xe4 /Users/leof/Documents/GitHub/IoT/IoT_I2HM_wyres/Riot_wyres/tests/Capteur_cayenne_lora/bin/wyres-base/stm32_vectors//STM32L151xC.o
                0x0000000008000040                vector_cpu
 *(.text .text.* .gnu.linkonce.t.*)
 *fill*         0x0000000008000124        0x4 
 .text.startup.main
                0x0000000008000128      0x45c /Users/leof/Documents/GitHub/IoT/IoT_I2HM_wyres/Riot_wyres/tests/Capteur_cayenne_lora/bin/wyres-base/application_test-Cayenne-loramac-sensor-WYRES//main.o
                0x0000000008000128                main
 .text.auto_init
                0x0000000008000584       0x24 /Users/leof/Documents/GitHub/IoT/IoT_I2HM_wyres/Riot_wyres/tests/Capteur_cayenne_lora/bin/wyres-base/auto_init//auto_init.o
                0x0000000008000584                auto_init
 .text.auto_init_loramac
                0x00000000080005a8       0x30 /Users/leof/Documents/GitHub/IoT/IoT_I2HM_wyres/Riot_wyres/tests/Capteur_cayenne_lora/bin/wyres-base/auto_init_loramac//auto_init_loramac.o
                0x00000000080005a8                auto_init_loramac
 .text.board_init
                0x00000000080005d8       0x38 /Users/leof/Documents/GitHub/IoT/IoT_I2HM_wyres/Riot_wyres/tests/Capteur_cayenne_lora/bin/wyres-base/board//board.o
                0x00000000080005d8                board_init
 .text.cayenne_lpp_reset
                0x0000000008000610       0x12 /Users/leof/Documents/GitHub/IoT/IoT_I2HM_wyres/Riot_wyres/tests/Capteur_cayenne_lora/bin/wyres-base/cayenne-lpp//cayenne_lpp.o
                0x0000000008000610                cayenne_lpp_reset
 *fill*         0x0000000008000622        0x2 
 .text.cayenne_lpp_add_analog_input
                0x0000000008000624       0x44 /Users/leof/Documents/GitHub/IoT/IoT_I2HM_wyres/Riot_wyres/tests/Capteur_cayenne_lora/bin/wyres-base/cayenne-lpp//cayenne_lpp.o
                0x0000000008000624                cayenne_lpp_add_analog_input
 .text.cayenne_lpp_add_luminosity
                0x0000000008000668       0x2e /Users/leof/Documents/GitHub/IoT/IoT_I2HM_wyres/Riot_wyres/tests/Capteur_cayenne_lora/bin/wyres-base/cayenne-lpp//cayenne_lpp.o
                0x0000000008000668                cayenne_lpp_add_luminosity
 *fill*         0x0000000008000696        0x2 
 .text.cayenne_lpp_add_temperature
                0x0000000008000698       0x44 /Users/leof/Documents/GitHub/IoT/IoT_I2HM_wyres/Riot_wyres/tests/Capteur_cayenne_lora/bin/wyres-base/cayenne-lpp//cayenne_lpp.o
                0x0000000008000698                cayenne_lpp_add_temperature
 .text.cayenne_lpp_add_relative_humidity
                0x00000000080006dc       0x34 /Users/leof/Documents/GitHub/IoT/IoT_I2HM_wyres/Riot_wyres/tests/Capteur_cayenne_lora/bin/wyres-base/cayenne-lpp//cayenne_lpp.o
                0x00000000080006dc                cayenne_lpp_add_relative_humidity
 .text.cayenne_lpp_add_barometric_pressure
                0x0000000008000710       0x44 /Users/leof/Documents/GitHub/IoT/IoT_I2HM_wyres/Riot_wyres/tests/Capteur_cayenne_lora/bin/wyres-base/cayenne-lpp//cayenne_lpp.o
                0x0000000008000710                cayenne_lpp_add_barometric_pressure
 .text.cayenne_lpp_add_gps
                0x0000000008000754       0xac /Users/leof/Documents/GitHub/IoT/IoT_I2HM_wyres/Riot_wyres/tests/Capteur_cayenne_lora/bin/wyres-base/cayenne-lpp//cayenne_lpp.o
                0x0000000008000754                cayenne_lpp_add_gps
 .text._msg_receive
                0x0000000008000800       0xe4 /Users/leof/Documents/GitHub/IoT/IoT_I2HM_wyres/Riot_wyres/tests/Capteur_cayenne_lora/bin/wyres-base/core//msg.o
 .text.queue_msg
                0x00000000080008e4       0x2a /Users/leof/Documents/GitHub/IoT/IoT_I2HM_wyres/Riot_wyres/tests/Capteur_cayenne_lora/bin/wyres-base/core//msg.o
 *fill*         0x000000000800090e        0x2 
 .text._msg_send_oneway
                0x0000000008000910       0x44 /Users/leof/Documents/GitHub/IoT/IoT_I2HM_wyres/Riot_wyres/tests/Capteur_cayenne_lora/bin/wyres-base/core//msg.o
 .text._msg_send
                0x0000000008000954       0xa4 /Users/leof/Documents/GitHub/IoT/IoT_I2HM_wyres/Riot_wyres/tests/Capteur_cayenne_lora/bin/wyres-base/core//msg.o
 .text.msg_send_to_self
                0x00000000080009f8       0x28 /Users/leof/Documents/GitHub/IoT/IoT_I2HM_wyres/Riot_wyres/tests/Capteur_cayenne_lora/bin/wyres-base/core//msg.o
                0x00000000080009f8                msg_send_to_self
 .text.msg_send_int
                0x0000000008000a20        0x8 /Users/leof/Documents/GitHub/IoT/IoT_I2HM_wyres/Riot_wyres/tests/Capteur_cayenne_lora/bin/wyres-base/core//msg.o
                0x0000000008000a20                msg_send_int
 .text.msg_send
                0x0000000008000a28       0x2c /Users/leof/Documents/GitHub/IoT/IoT_I2HM_wyres/Riot_wyres/tests/Capteur_cayenne_lora/bin/wyres-base/core//msg.o
                0x0000000008000a28                msg_send
 .text.msg_send_receive
                0x0000000008000a54       0x4c /Users/leof/Documents/GitHub/IoT/IoT_I2HM_wyres/Riot_wyres/tests/Capteur_cayenne_lora/bin/wyres-base/core//msg.o
                0x0000000008000a54                msg_send_receive
 .text.msg_reply
                0x0000000008000aa0       0x4c /Users/leof/Documents/GitHub/IoT/IoT_I2HM_wyres/Riot_wyres/tests/Capteur_cayenne_lora/bin/wyres-base/core//msg.o
                0x0000000008000aa0                msg_reply
 .text.msg_receive
                0x0000000008000aec        0x6 /Users/leof/Documents/GitHub/IoT/IoT_I2HM_wyres/Riot_wyres/tests/Capteur_cayenne_lora/bin/wyres-base/core//msg.o
                0x0000000008000aec                msg_receive
 *fill*         0x0000000008000af2        0x2 
 .text.msg_init_queue
                0x0000000008000af4       0x20 /Users/leof/Documents/GitHub/IoT/IoT_I2HM_wyres/Riot_wyres/tests/Capteur_cayenne_lora/bin/wyres-base/core//msg.o
                0x0000000008000af4                msg_init_queue
 .text.mutex_lock_internal
                0x0000000008000b14       0x70 /Users/leof/Documents/GitHub/IoT/IoT_I2HM_wyres/Riot_wyres/tests/Capteur_cayenne_lora/bin/wyres-base/core//mutex.o
                0x0000000008000b14                mutex_lock_internal
 .text.mutex_unlock
                0x0000000008000b84       0x44 /Users/leof/Documents/GitHub/IoT/IoT_I2HM_wyres/Riot_wyres/tests/Capteur_cayenne_lora/bin/wyres-base/core//mutex.o
                0x0000000008000b84                mutex_unlock
 .text._unschedule
                0x0000000008000bc8       0x30 /Users/leof/Documents/GitHub/IoT/IoT_I2HM_wyres/Riot_wyres/tests/Capteur_cayenne_lora/bin/wyres-base/core//sched.o
 .text.sched_run
                0x0000000008000bf8       0x7c /Users/leof/Documents/GitHub/IoT/IoT_I2HM_wyres/Riot_wyres/tests/Capteur_cayenne_lora/bin/wyres-base/core//sched.o
                0x0000000008000bf8                sched_run
 .text.sched_set_status
                0x0000000008000c74       0x80 /Users/leof/Documents/GitHub/IoT/IoT_I2HM_wyres/Riot_wyres/tests/Capteur_cayenne_lora/bin/wyres-base/core//sched.o
                0x0000000008000c74                sched_set_status
 .text.sched_switch
                0x0000000008000cf4       0x3c /Users/leof/Documents/GitHub/IoT/IoT_I2HM_wyres/Riot_wyres/tests/Capteur_cayenne_lora/bin/wyres-base/core//sched.o
                0x0000000008000cf4                sched_switch
 .text.sched_task_exit
                0x0000000008000d30       0x40 /Users/leof/Documents/GitHub/IoT/IoT_I2HM_wyres/Riot_wyres/tests/Capteur_cayenne_lora/bin/wyres-base/core//sched.o
                0x0000000008000d30                sched_task_exit
 .text.thread_getname
                0x0000000008000d70       0x1c /Users/leof/Documents/GitHub/IoT/IoT_I2HM_wyres/Riot_wyres/tests/Capteur_cayenne_lora/bin/wyres-base/core//thread.o
                0x0000000008000d70                thread_getname
 .text.thread_add_to_list
                0x0000000008000d8c       0x28 /Users/leof/Documents/GitHub/IoT/IoT_I2HM_wyres/Riot_wyres/tests/Capteur_cayenne_lora/bin/wyres-base/core//thread.o
                0x0000000008000d8c                thread_add_to_list
 .text.thread_create
                0x0000000008000db4       0xe8 /Users/leof/Documents/GitHub/IoT/IoT_I2HM_wyres/Riot_wyres/tests/Capteur_cayenne_lora/bin/wyres-base/core//thread.o
                0x0000000008000db4                thread_create
 .text._assert_panic
                0x0000000008000e9c       0x1c /Users/leof/Documents/GitHub/IoT/IoT_I2HM_wyres/Riot_wyres/tests/Capteur_cayenne_lora/bin/wyres-base/core_lib//assert.o
                0x0000000008000e9c                _assert_panic
 .text.main_trampoline
                0x0000000008000eb8       0x18 /Users/leof/Documents/GitHub/IoT/IoT_I2HM_wyres/Riot_wyres/tests/Capteur_cayenne_lora/bin/wyres-base/core_lib//init.o
 .text.kernel_init
                0x0000000008000ed0       0x34 /Users/leof/Documents/GitHub/IoT/IoT_I2HM_wyres/Riot_wyres/tests/Capteur_cayenne_lora/bin/wyres-base/core_lib//init.o
                0x0000000008000ed0                kernel_init
 .text.early_init
                0x0000000008000f04        0xe /Users/leof/Documents/GitHub/IoT/IoT_I2HM_wyres/Riot_wyres/tests/Capteur_cayenne_lora/bin/wyres-base/core_lib//init.o
                0x0000000008000f04                early_init
 .text.panic_app
                0x0000000008000f12        0x2 /Users/leof/Documents/GitHub/IoT/IoT_I2HM_wyres/Riot_wyres/tests/Capteur_cayenne_lora/bin/wyres-base/core_lib//panic.o
                0x0000000008000f12                panic_app
 .text.core_panic
                0x0000000008000f14       0x3c /Users/leof/Documents/GitHub/IoT/IoT_I2HM_wyres/Riot_wyres/tests/Capteur_cayenne_lora/bin/wyres-base/core_lib//panic.o
                0x0000000008000f14                core_panic
 .text.cortexm_init
                0x0000000008000f50       0x40 /Users/leof/Documents/GitHub/IoT/IoT_I2HM_wyres/Riot_wyres/tests/Capteur_cayenne_lora/bin/wyres-base/cortexm_common//cortexm_init.o
                0x0000000008000f50                cortexm_init
 .text.mpu_enable
                0x0000000008000f90       0x20 /Users/leof/Documents/GitHub/IoT/IoT_I2HM_wyres/Riot_wyres/tests/Capteur_cayenne_lora/bin/wyres-base/cortexm_common//mpu.o
                0x0000000008000f90                mpu_enable
 .text.mpu_configure
                0x0000000008000fb0       0x18 /Users/leof/Documents/GitHub/IoT/IoT_I2HM_wyres/Riot_wyres/tests/Capteur_cayenne_lora/bin/wyres-base/cortexm_common//mpu.o
                0x0000000008000fb0                mpu_configure
 .text.panic_arch
                0x0000000008000fc8       0x1c /Users/leof/Documents/GitHub/IoT/IoT_I2HM_wyres/Riot_wyres/tests/Capteur_cayenne_lora/bin/wyres-base/cortexm_common//panic.o
                0x0000000008000fc8                panic_arch
 .text.thread_stack_init
                0x0000000008000fe4       0x64 /Users/leof/Documents/GitHub/IoT/IoT_I2HM_wyres/Riot_wyres/tests/Capteur_cayenne_lora/bin/wyres-base/cortexm_common//thread_arch.o
                0x0000000008000fe4                thread_stack_init
 .text.cpu_switch_context_exit
                0x0000000008001048       0x18 /Users/leof/Documents/GitHub/IoT/IoT_I2HM_wyres/Riot_wyres/tests/Capteur_cayenne_lora/bin/wyres-base/cortexm_common//thread_arch.o
                0x0000000008001048                cpu_switch_context_exit
 .text.isr_pendsv
                0x0000000008001060       0x38 /Users/leof/Documents/GitHub/IoT/IoT_I2HM_wyres/Riot_wyres/tests/Capteur_cayenne_lora/bin/wyres-base/cortexm_common//thread_arch.o
                0x0000000008001060                isr_pendsv
 .text.isr_svc  0x0000000008001098       0x10 /Users/leof/Documents/GitHub/IoT/IoT_I2HM_wyres/Riot_wyres/tests/Capteur_cayenne_lora/bin/wyres-base/cortexm_common//thread_arch.o
                0x0000000008001098                isr_svc
 .text.sched_arch_idle
                0x00000000080010a8       0x10 /Users/leof/Documents/GitHub/IoT/IoT_I2HM_wyres/Riot_wyres/tests/Capteur_cayenne_lora/bin/wyres-base/cortexm_common//thread_arch.o
                0x00000000080010a8                sched_arch_idle
 .text.hard_fault_default
                0x00000000080010b8       0x44 /Users/leof/Documents/GitHub/IoT/IoT_I2HM_wyres/Riot_wyres/tests/Capteur_cayenne_lora/bin/wyres-base/cortexm_common//vectors_cortexm.o
                0x00000000080010b8                hard_fault_default
 .text.nmi_handler
                0x00000000080010fc       0x10 /Users/leof/Documents/GitHub/IoT/IoT_I2HM_wyres/Riot_wyres/tests/Capteur_cayenne_lora/bin/wyres-base/cortexm_common//vectors_cortexm.o
                0x00000000080010fc                nmi_handler
 .text.mem_manage_default
                0x000000000800110c       0x10 /Users/leof/Documents/GitHub/IoT/IoT_I2HM_wyres/Riot_wyres/tests/Capteur_cayenne_lora/bin/wyres-base/cortexm_common//vectors_cortexm.o
                0x000000000800110c                mem_manage_default
 .text.bus_fault_default
                0x000000000800111c       0x10 /Users/leof/Documents/GitHub/IoT/IoT_I2HM_wyres/Riot_wyres/tests/Capteur_cayenne_lora/bin/wyres-base/cortexm_common//vectors_cortexm.o
                0x000000000800111c                bus_fault_default
 .text.usage_fault_default
                0x000000000800112c       0x10 /Users/leof/Documents/GitHub/IoT/IoT_I2HM_wyres/Riot_wyres/tests/Capteur_cayenne_lora/bin/wyres-base/cortexm_common//vectors_cortexm.o
                0x000000000800112c                usage_fault_default
 .text.debug_mon_default
                0x000000000800113c       0x10 /Users/leof/Documents/GitHub/IoT/IoT_I2HM_wyres/Riot_wyres/tests/Capteur_cayenne_lora/bin/wyres-base/cortexm_common//vectors_cortexm.o
                0x000000000800113c                debug_mon_default
 .text.dummy_handler_default
                0x000000000800114c       0x10 /Users/leof/Documents/GitHub/IoT/IoT_I2HM_wyres/Riot_wyres/tests/Capteur_cayenne_lora/bin/wyres-base/cortexm_common//vectors_cortexm.o
                0x000000000800114c                dummy_handler_default
                0x000000000800114c                isr_systick
 .text.pre_startup
                0x000000000800115c        0x2 /Users/leof/Documents/GitHub/IoT/IoT_I2HM_wyres/Riot_wyres/tests/Capteur_cayenne_lora/bin/wyres-base/cortexm_common//vectors_cortexm.o
                0x000000000800115c                pre_startup
 .text.post_startup
                0x000000000800115e        0x2 /Users/leof/Documents/GitHub/IoT/IoT_I2HM_wyres/Riot_wyres/tests/Capteur_cayenne_lora/bin/wyres-base/cortexm_common//vectors_cortexm.o
                0x000000000800115e                post_startup
 .text.reset_handler_default
                0x0000000008001160       0x8c /Users/leof/Documents/GitHub/IoT/IoT_I2HM_wyres/Riot_wyres/tests/Capteur_cayenne_lora/bin/wyres-base/cortexm_common//vectors_cortexm.o
                0x0000000008001160                reset_handler_default
 .text.hard_fault_handler
                0x00000000080011ec      0x1b8 /Users/leof/Documents/GitHub/IoT/IoT_I2HM_wyres/Riot_wyres/tests/Capteur_cayenne_lora/bin/wyres-base/cortexm_common//vectors_cortexm.o
                0x00000000080011ec                hard_fault_handler
 .text.periph_apb_clk
                0x00000000080013a4        0x8 /Users/leof/Documents/GitHub/IoT/IoT_I2HM_wyres/Riot_wyres/tests/Capteur_cayenne_lora/bin/wyres-base/cpu//cpu_common.o
                0x00000000080013a4                periph_apb_clk
 .text.periph_timer_clk
                0x00000000080013ac       0x14 /Users/leof/Documents/GitHub/IoT/IoT_I2HM_wyres/Riot_wyres/tests/Capteur_cayenne_lora/bin/wyres-base/cpu//cpu_common.o
                0x00000000080013ac                periph_timer_clk
 .text.periph_clk_en
                0x00000000080013c0       0x34 /Users/leof/Documents/GitHub/IoT/IoT_I2HM_wyres/Riot_wyres/tests/Capteur_cayenne_lora/bin/wyres-base/cpu//cpu_common.o
                0x00000000080013c0                periph_clk_en
 .text.periph_clk_dis
                0x00000000080013f4       0x34 /Users/leof/Documents/GitHub/IoT/IoT_I2HM_wyres/Riot_wyres/tests/Capteur_cayenne_lora/bin/wyres-base/cpu//cpu_common.o
                0x00000000080013f4                periph_clk_dis
 .text.cpu_init
                0x0000000008001428       0x68 /Users/leof/Documents/GitHub/IoT/IoT_I2HM_wyres/Riot_wyres/tests/Capteur_cayenne_lora/bin/wyres-base/cpu//cpu_init.o
                0x0000000008001428                cpu_init
 .text.aes_init
                0x0000000008001490       0x22 /Users/leof/Documents/GitHub/IoT/IoT_I2HM_wyres/Riot_wyres/tests/Capteur_cayenne_lora/bin/wyres-base/crypto//aes.o
                0x0000000008001490                aes_init
 *fill*         0x00000000080014b2        0x2 
 .text.aes_set_encrypt_key.constprop.2
                0x00000000080014b4       0xf8 /Users/leof/Documents/GitHub/IoT/IoT_I2HM_wyres/Riot_wyres/tests/Capteur_cayenne_lora/bin/wyres-base/crypto//aes.o
 .text.aes_encrypt
                0x00000000080015ac      0x358 /Users/leof/Documents/GitHub/IoT/IoT_I2HM_wyres/Riot_wyres/tests/Capteur_cayenne_lora/bin/wyres-base/crypto//aes.o
                0x00000000080015ac                aes_encrypt
 .text.fmt_u32_dec
                0x0000000008001904       0x44 /Users/leof/Documents/GitHub/IoT/IoT_I2HM_wyres/Riot_wyres/tests/Capteur_cayenne_lora/bin/wyres-base/fmt//fmt.o
                0x0000000008001904                fmt_u32_dec
 .text.fmt_s32_dec
                0x0000000008001948       0x1e /Users/leof/Documents/GitHub/IoT/IoT_I2HM_wyres/Riot_wyres/tests/Capteur_cayenne_lora/bin/wyres-base/fmt//fmt.o
                0x0000000008001948                fmt_s32_dec
 .text.fmt_s32_dfp
                0x0000000008001966       0x98 /Users/leof/Documents/GitHub/IoT/IoT_I2HM_wyres/Riot_wyres/tests/Capteur_cayenne_lora/bin/wyres-base/fmt//fmt.o
                0x0000000008001966                fmt_s32_dfp
 .text.fmt_s16_dfp
                0x00000000080019fe        0x4 /Users/leof/Documents/GitHub/IoT/IoT_I2HM_wyres/Riot_wyres/tests/Capteur_cayenne_lora/bin/wyres-base/fmt//fmt.o
                0x00000000080019fe                fmt_s16_dfp
 .text.gcd32    0x0000000008001a02       0x40 /Users/leof/Documents/GitHub/IoT/IoT_I2HM_wyres/Riot_wyres/tests/Capteur_cayenne_lora/bin/wyres-base/frac//frac.o
                0x0000000008001a02                gcd32
 .text.frac_init
                0x0000000008001a42       0xaa /Users/leof/Documents/GitHub/IoT/IoT_I2HM_wyres/Riot_wyres/tests/Capteur_cayenne_lora/bin/wyres-base/frac//frac.o
                0x0000000008001a42                frac_init
 .text.iolist_size
                0x0000000008001aec       0x10 /Users/leof/Documents/GitHub/IoT/IoT_I2HM_wyres/Riot_wyres/tests/Capteur_cayenne_lora/bin/wyres-base/iolist//iolist.o
                0x0000000008001aec                iolist_size
 .text.printf_ba
                0x0000000008001afc       0x44 /Users/leof/Documents/GitHub/IoT/IoT_I2HM_wyres/Riot_wyres/tests/Capteur_cayenne_lora/bin/wyres-base/loramac_utils//loramac_utils.o
                0x0000000008001afc                printf_ba
 .text.loramac_utils_join_retry_loop
                0x0000000008001b40      0x23c /Users/leof/Documents/GitHub/IoT/IoT_I2HM_wyres/Riot_wyres/tests/Capteur_cayenne_lora/bin/wyres-base/loramac_utils//loramac_utils.o
                0x0000000008001b40                loramac_utils_join_retry_loop
 .text.loramac_utils_get_lorawan_network
                0x0000000008001d7c       0x2c /Users/leof/Documents/GitHub/IoT/IoT_I2HM_wyres/Riot_wyres/tests/Capteur_cayenne_lora/bin/wyres-base/loramac_utils//lorawan_network.o
                0x0000000008001d7c                loramac_utils_get_lorawan_network
 .text.lpsxxx_init
                0x0000000008001da8       0xa0 /Users/leof/Documents/GitHub/IoT/IoT_I2HM_wyres/Riot_wyres/tests/Capteur_cayenne_lora/bin/wyres-base/lpsxxx//lpsxxx.o
                0x0000000008001da8                lpsxxx_init
 .text.lpsxxx_read_temp
                0x0000000008001e48       0x78 /Users/leof/Documents/GitHub/IoT/IoT_I2HM_wyres/Riot_wyres/tests/Capteur_cayenne_lora/bin/wyres-base/lpsxxx//lpsxxx.o
                0x0000000008001e48                lpsxxx_read_temp
 .text.lpsxxx_read_pres
                0x0000000008001ec0       0x8a /Users/leof/Documents/GitHub/IoT/IoT_I2HM_wyres/Riot_wyres/tests/Capteur_cayenne_lora/bin/wyres-base/lpsxxx//lpsxxx.o
                0x0000000008001ec0                lpsxxx_read_pres
 .text.read_pres
                0x0000000008001f4a       0x1a /Users/leof/Documents/GitHub/IoT/IoT_I2HM_wyres/Riot_wyres/tests/Capteur_cayenne_lora/bin/wyres-base/lpsxxx//lpsxxx_saul.o
 .text.read_temp
                0x0000000008001f64       0x1a /Users/leof/Documents/GitHub/IoT/IoT_I2HM_wyres/Riot_wyres/tests/Capteur_cayenne_lora/bin/wyres-base/lpsxxx//lpsxxx_saul.o
 .text.luid_base
                0x0000000008001f7e       0x62 /Users/leof/Documents/GitHub/IoT/IoT_I2HM_wyres/Riot_wyres/tests/Capteur_cayenne_lora/bin/wyres-base/luid//luid.o
                0x0000000008001f7e                luid_base
 .text.luid_get
                0x0000000008001fe0       0x1c /Users/leof/Documents/GitHub/IoT/IoT_I2HM_wyres/Riot_wyres/tests/Capteur_cayenne_lora/bin/wyres-base/luid//luid.o
                0x0000000008001fe0                luid_get
 .text.__wrap_malloc
                0x0000000008001ffc       0x30 /Users/leof/Documents/GitHub/IoT/IoT_I2HM_wyres/Riot_wyres/tests/Capteur_cayenne_lora/bin/wyres-base/malloc_thread_safe//malloc_wrappers.o
                0x0000000008001ffc                __wrap_malloc
 .text._init    0x000000000800202c        0x2 /Users/leof/Documents/GitHub/IoT/IoT_I2HM_wyres/Riot_wyres/tests/Capteur_cayenne_lora/bin/wyres-base/newlib_syscalls_default//syscalls.o
                0x000000000800202c                _init
 .text._fini    0x000000000800202e        0x2 /Users/leof/Documents/GitHub/IoT/IoT_I2HM_wyres/Riot_wyres/tests/Capteur_cayenne_lora/bin/wyres-base/newlib_syscalls_default//syscalls.o
                0x000000000800202e                _fini
 .text._sbrk_r  0x0000000008002030       0x40 /Users/leof/Documents/GitHub/IoT/IoT_I2HM_wyres/Riot_wyres/tests/Capteur_cayenne_lora/bin/wyres-base/newlib_syscalls_default//syscalls.o
                0x0000000008002030                _sbrk_r
 .text._read_r  0x0000000008002070        0x8 /Users/leof/Documents/GitHub/IoT/IoT_I2HM_wyres/Riot_wyres/tests/Capteur_cayenne_lora/bin/wyres-base/newlib_syscalls_default//syscalls.o
                0x0000000008002070                _read_r
 .text._write_r
                0x0000000008002078        0x8 /Users/leof/Documents/GitHub/IoT/IoT_I2HM_wyres/Riot_wyres/tests/Capteur_cayenne_lora/bin/wyres-base/newlib_syscalls_default//syscalls.o
                0x0000000008002078                _write_r
 .text._close_r
                0x0000000008002080        0xa /Users/leof/Documents/GitHub/IoT/IoT_I2HM_wyres/Riot_wyres/tests/Capteur_cayenne_lora/bin/wyres-base/newlib_syscalls_default//syscalls.o
                0x0000000008002080                _close_r
 .text._lseek_r
                0x000000000800208a        0xa /Users/leof/Documents/GitHub/IoT/IoT_I2HM_wyres/Riot_wyres/tests/Capteur_cayenne_lora/bin/wyres-base/newlib_syscalls_default//syscalls.o
                0x000000000800208a                _lseek_r
 .text._fstat_r
                0x0000000008002094        0xa /Users/leof/Documents/GitHub/IoT/IoT_I2HM_wyres/Riot_wyres/tests/Capteur_cayenne_lora/bin/wyres-base/newlib_syscalls_default//syscalls.o
                0x0000000008002094                _fstat_r
 .text._isatty_r
                0x000000000800209e        0xe /Users/leof/Documents/GitHub/IoT/IoT_I2HM_wyres/Riot_wyres/tests/Capteur_cayenne_lora/bin/wyres-base/newlib_syscalls_default//syscalls.o
                0x000000000800209e                _isatty_r
 .text.adc_set_sample_time
                0x00000000080020ac       0x20 /Users/leof/Documents/GitHub/IoT/IoT_I2HM_wyres/Riot_wyres/tests/Capteur_cayenne_lora/bin/wyres-base/periph//adc_l1.o
 .text.prep     0x00000000080020cc       0x34 /Users/leof/Documents/GitHub/IoT/IoT_I2HM_wyres/Riot_wyres/tests/Capteur_cayenne_lora/bin/wyres-base/periph//adc_l1.o
 .text.adc_init
                0x0000000008002100       0x7c /Users/leof/Documents/GitHub/IoT/IoT_I2HM_wyres/Riot_wyres/tests/Capteur_cayenne_lora/bin/wyres-base/periph//adc_l1.o
                0x0000000008002100                adc_init
 .text.adc_sample
                0x000000000800217c       0x78 /Users/leof/Documents/GitHub/IoT/IoT_I2HM_wyres/Riot_wyres/tests/Capteur_cayenne_lora/bin/wyres-base/periph//adc_l1.o
                0x000000000800217c                adc_sample
 .text.eeprom_read
                0x00000000080021f4       0x32 /Users/leof/Documents/GitHub/IoT/IoT_I2HM_wyres/Riot_wyres/tests/Capteur_cayenne_lora/bin/wyres-base/periph//eeprom.o
                0x00000000080021f4                eeprom_read
 .text.eeprom_write
                0x0000000008002226       0x40 /Users/leof/Documents/GitHub/IoT/IoT_I2HM_wyres/Riot_wyres/tests/Capteur_cayenne_lora/bin/wyres-base/periph//eeprom.o
                0x0000000008002226                eeprom_write
 *fill*         0x0000000008002266        0x2 
 .text._unlock  0x0000000008002268       0x20 /Users/leof/Documents/GitHub/IoT/IoT_I2HM_wyres/Riot_wyres/tests/Capteur_cayenne_lora/bin/wyres-base/periph//flash_common.o
                0x0000000008002268                _unlock
 .text._lock    0x0000000008002288       0x18 /Users/leof/Documents/GitHub/IoT/IoT_I2HM_wyres/Riot_wyres/tests/Capteur_cayenne_lora/bin/wyres-base/periph//flash_common.o
                0x0000000008002288                _lock
 .text._wait_for_pending_operations
                0x00000000080022a0       0x18 /Users/leof/Documents/GitHub/IoT/IoT_I2HM_wyres/Riot_wyres/tests/Capteur_cayenne_lora/bin/wyres-base/periph//flash_common.o
                0x00000000080022a0                _wait_for_pending_operations
 .text.gpio_init
                0x00000000080022b8       0x6e /Users/leof/Documents/GitHub/IoT/IoT_I2HM_wyres/Riot_wyres/tests/Capteur_cayenne_lora/bin/wyres-base/periph//gpio_all.o
                0x00000000080022b8                gpio_init
 .text.gpio_init_af
                0x0000000008002326       0x58 /Users/leof/Documents/GitHub/IoT/IoT_I2HM_wyres/Riot_wyres/tests/Capteur_cayenne_lora/bin/wyres-base/periph//gpio_all.o
                0x0000000008002326                gpio_init_af
 .text.gpio_init_analog
                0x000000000800237e       0x30 /Users/leof/Documents/GitHub/IoT/IoT_I2HM_wyres/Riot_wyres/tests/Capteur_cayenne_lora/bin/wyres-base/periph//gpio_all.o
                0x000000000800237e                gpio_init_analog
 .text.gpio_read
                0x00000000080023ae       0x14 /Users/leof/Documents/GitHub/IoT/IoT_I2HM_wyres/Riot_wyres/tests/Capteur_cayenne_lora/bin/wyres-base/periph//gpio_all.o
                0x00000000080023ae                gpio_read
 .text.gpio_set
                0x00000000080023c2       0x12 /Users/leof/Documents/GitHub/IoT/IoT_I2HM_wyres/Riot_wyres/tests/Capteur_cayenne_lora/bin/wyres-base/periph//gpio_all.o
                0x00000000080023c2                gpio_set
 .text.gpio_clear
                0x00000000080023d4       0x14 /Users/leof/Documents/GitHub/IoT/IoT_I2HM_wyres/Riot_wyres/tests/Capteur_cayenne_lora/bin/wyres-base/periph//gpio_all.o
                0x00000000080023d4                gpio_clear
 .text.gpio_write
                0x00000000080023e8        0xa /Users/leof/Documents/GitHub/IoT/IoT_I2HM_wyres/Riot_wyres/tests/Capteur_cayenne_lora/bin/wyres-base/periph//gpio_all.o
                0x00000000080023e8                gpio_write
 *fill*         0x00000000080023f2        0x2 
 .text.gpio_init_int
                0x00000000080023f4       0xc0 /Users/leof/Documents/GitHub/IoT/IoT_I2HM_wyres/Riot_wyres/tests/Capteur_cayenne_lora/bin/wyres-base/periph//gpio_all.o
                0x00000000080023f4                gpio_init_int
 .text.isr_exti
                0x00000000080024b4       0x58 /Users/leof/Documents/GitHub/IoT/IoT_I2HM_wyres/Riot_wyres/tests/Capteur_cayenne_lora/bin/wyres-base/periph//gpio_all.o
                0x00000000080024b4                isr_exti
 .text._wait_for_bus
                0x000000000800250c       0x24 /Users/leof/Documents/GitHub/IoT/IoT_I2HM_wyres/Riot_wyres/tests/Capteur_cayenne_lora/bin/wyres-base/periph//i2c_2.o
 .text._stop    0x0000000008002530       0x3c /Users/leof/Documents/GitHub/IoT/IoT_I2HM_wyres/Riot_wyres/tests/Capteur_cayenne_lora/bin/wyres-base/periph//i2c_2.o
 .text._init    0x000000000800256c       0xb8 /Users/leof/Documents/GitHub/IoT/IoT_I2HM_wyres/Riot_wyres/tests/Capteur_cayenne_lora/bin/wyres-base/periph//i2c_2.o
 .text._is_sr1_mask_set
                0x0000000008002624       0x66 /Users/leof/Documents/GitHub/IoT/IoT_I2HM_wyres/Riot_wyres/tests/Capteur_cayenne_lora/bin/wyres-base/periph//i2c_2.o
 .text._i2c_start
                0x000000000800268a       0x8c /Users/leof/Documents/GitHub/IoT/IoT_I2HM_wyres/Riot_wyres/tests/Capteur_cayenne_lora/bin/wyres-base/periph//i2c_2.o
 *fill*         0x0000000008002716        0x2 
 .text.i2c_init
                0x0000000008002718       0x38 /Users/leof/Documents/GitHub/IoT/IoT_I2HM_wyres/Riot_wyres/tests/Capteur_cayenne_lora/bin/wyres-base/periph//i2c_2.o
                0x0000000008002718                i2c_init
 .text.i2c_acquire
                0x0000000008002750       0x38 /Users/leof/Documents/GitHub/IoT/IoT_I2HM_wyres/Riot_wyres/tests/Capteur_cayenne_lora/bin/wyres-base/periph//i2c_2.o
                0x0000000008002750                i2c_acquire
 .text.i2c_release
                0x0000000008002788       0x3c /Users/leof/Documents/GitHub/IoT/IoT_I2HM_wyres/Riot_wyres/tests/Capteur_cayenne_lora/bin/wyres-base/periph//i2c_2.o
                0x0000000008002788                i2c_release
 .text.i2c_read_bytes
                0x00000000080027c4       0xc8 /Users/leof/Documents/GitHub/IoT/IoT_I2HM_wyres/Riot_wyres/tests/Capteur_cayenne_lora/bin/wyres-base/periph//i2c_2.o
                0x00000000080027c4                i2c_read_bytes
 .text.i2c_write_bytes
                0x000000000800288c       0x88 /Users/leof/Documents/GitHub/IoT/IoT_I2HM_wyres/Riot_wyres/tests/Capteur_cayenne_lora/bin/wyres-base/periph//i2c_2.o
                0x000000000800288c                i2c_write_bytes
 .text.pm_set   0x0000000008002914       0x7c /Users/leof/Documents/GitHub/IoT/IoT_I2HM_wyres/Riot_wyres/tests/Capteur_cayenne_lora/bin/wyres-base/periph//pm.o
                0x0000000008002914                pm_set
 .text.rtc_unlock
                0x0000000008002990       0x24 /Users/leof/Documents/GitHub/IoT/IoT_I2HM_wyres/Riot_wyres/tests/Capteur_cayenne_lora/bin/wyres-base/periph//rtc_all.o
                0x0000000008002990                rtc_unlock
 .text.rtc_lock
                0x00000000080029b4       0x1c /Users/leof/Documents/GitHub/IoT/IoT_I2HM_wyres/Riot_wyres/tests/Capteur_cayenne_lora/bin/wyres-base/periph//rtc_all.o
                0x00000000080029b4                rtc_lock
 .text.rtc_init
                0x00000000080029d0       0x98 /Users/leof/Documents/GitHub/IoT/IoT_I2HM_wyres/Riot_wyres/tests/Capteur_cayenne_lora/bin/wyres-base/periph//rtc_all.o
                0x00000000080029d0                rtc_init
 .text.isr_rtc_alarm
                0x0000000008002a68       0x4c /Users/leof/Documents/GitHub/IoT/IoT_I2HM_wyres/Riot_wyres/tests/Capteur_cayenne_lora/bin/wyres-base/periph//rtc_all.o
                0x0000000008002a68                isr_rtc_alarm
 .text.spi_init_pins
                0x0000000008002ab4       0x58 /Users/leof/Documents/GitHub/IoT/IoT_I2HM_wyres/Riot_wyres/tests/Capteur_cayenne_lora/bin/wyres-base/periph//spi.o
                0x0000000008002ab4                spi_init_pins
 .text.spi_init
                0x0000000008002b0c       0x3c /Users/leof/Documents/GitHub/IoT/IoT_I2HM_wyres/Riot_wyres/tests/Capteur_cayenne_lora/bin/wyres-base/periph//spi.o
                0x0000000008002b0c                spi_init
 .text.spi_init_cs
                0x0000000008002b48       0x54 /Users/leof/Documents/GitHub/IoT/IoT_I2HM_wyres/Riot_wyres/tests/Capteur_cayenne_lora/bin/wyres-base/periph//spi.o
                0x0000000008002b48                spi_init_cs
 .text.spi_init_with_gpio_mode
                0x0000000008002b9c       0x50 /Users/leof/Documents/GitHub/IoT/IoT_I2HM_wyres/Riot_wyres/tests/Capteur_cayenne_lora/bin/wyres-base/periph//spi.o
                0x0000000008002b9c                spi_init_with_gpio_mode
 .text.spi_acquire
                0x0000000008002bec       0x88 /Users/leof/Documents/GitHub/IoT/IoT_I2HM_wyres/Riot_wyres/tests/Capteur_cayenne_lora/bin/wyres-base/periph//spi.o
                0x0000000008002bec                spi_acquire
 .text.spi_release
                0x0000000008002c74       0x38 /Users/leof/Documents/GitHub/IoT/IoT_I2HM_wyres/Riot_wyres/tests/Capteur_cayenne_lora/bin/wyres-base/periph//spi.o
                0x0000000008002c74                spi_release
 .text.spi_transfer_bytes
                0x0000000008002cac       0xe0 /Users/leof/Documents/GitHub/IoT/IoT_I2HM_wyres/Riot_wyres/tests/Capteur_cayenne_lora/bin/wyres-base/periph//spi.o
                0x0000000008002cac                spi_transfer_bytes
 .text.timer_set
                0x0000000008002d8c       0x64 /Users/leof/Documents/GitHub/IoT/IoT_I2HM_wyres/Riot_wyres/tests/Capteur_cayenne_lora/bin/wyres-base/periph//timer.o
                0x0000000008002d8c                timer_set
 .text.timer_clear
                0x0000000008002df0       0x3c /Users/leof/Documents/GitHub/IoT/IoT_I2HM_wyres/Riot_wyres/tests/Capteur_cayenne_lora/bin/wyres-base/periph//timer.o
                0x0000000008002df0                timer_clear
 .text.timer_read
                0x0000000008002e2c       0x10 /Users/leof/Documents/GitHub/IoT/IoT_I2HM_wyres/Riot_wyres/tests/Capteur_cayenne_lora/bin/wyres-base/periph//timer.o
                0x0000000008002e2c                timer_read
 .text.timer_start
                0x0000000008002e3c       0x20 /Users/leof/Documents/GitHub/IoT/IoT_I2HM_wyres/Riot_wyres/tests/Capteur_cayenne_lora/bin/wyres-base/periph//timer.o
                0x0000000008002e3c                timer_start
 .text.timer_init
                0x0000000008002e5c       0x58 /Users/leof/Documents/GitHub/IoT/IoT_I2HM_wyres/Riot_wyres/tests/Capteur_cayenne_lora/bin/wyres-base/periph//timer.o
                0x0000000008002e5c                timer_init
 .text.isr_tim3
                0x0000000008002eb4       0x74 /Users/leof/Documents/GitHub/IoT/IoT_I2HM_wyres/Riot_wyres/tests/Capteur_cayenne_lora/bin/wyres-base/periph//timer.o
                0x0000000008002eb4                isr_tim3
 .text.uart_enable_clock
                0x0000000008002f28       0x30 /Users/leof/Documents/GitHub/IoT/IoT_I2HM_wyres/Riot_wyres/tests/Capteur_cayenne_lora/bin/wyres-base/periph//uart.o
 .text.uart_init
                0x0000000008002f58       0x78 /Users/leof/Documents/GitHub/IoT/IoT_I2HM_wyres/Riot_wyres/tests/Capteur_cayenne_lora/bin/wyres-base/periph//uart.o
                0x0000000008002f58                uart_init
 .text.uart_write
                0x0000000008002fd0       0x30 /Users/leof/Documents/GitHub/IoT/IoT_I2HM_wyres/Riot_wyres/tests/Capteur_cayenne_lora/bin/wyres-base/periph//uart.o
                0x0000000008002fd0                uart_write
 .text.isr_usart1
                0x0000000008003000       0x44 /Users/leof/Documents/GitHub/IoT/IoT_I2HM_wyres/Riot_wyres/tests/Capteur_cayenne_lora/bin/wyres-base/periph//uart.o
                0x0000000008003000                isr_usart1
 .text.cpuid_get
                0x0000000008003044       0x14 /Users/leof/Documents/GitHub/IoT/IoT_I2HM_wyres/Riot_wyres/tests/Capteur_cayenne_lora/bin/wyres-base/periph_common//cpuid.o
                0x0000000008003044                cpuid_get
 .text.eeprom_read_byte
                0x0000000008003058       0x16 /Users/leof/Documents/GitHub/IoT/IoT_I2HM_wyres/Riot_wyres/tests/Capteur_cayenne_lora/bin/wyres-base/periph_common//eeprom.o
                0x0000000008003058                eeprom_read_byte
 .text.i2c_read_regs
                0x000000000800306e       0x56 /Users/leof/Documents/GitHub/IoT/IoT_I2HM_wyres/Riot_wyres/tests/Capteur_cayenne_lora/bin/wyres-base/periph_common//i2c.o
                0x000000000800306e                i2c_read_regs
 .text.i2c_read_reg
                0x00000000080030c4       0x14 /Users/leof/Documents/GitHub/IoT/IoT_I2HM_wyres/Riot_wyres/tests/Capteur_cayenne_lora/bin/wyres-base/periph_common//i2c.o
                0x00000000080030c4                i2c_read_reg
 .text.i2c_write_regs
                0x00000000080030d8       0x5a /Users/leof/Documents/GitHub/IoT/IoT_I2HM_wyres/Riot_wyres/tests/Capteur_cayenne_lora/bin/wyres-base/periph_common//i2c.o
                0x00000000080030d8                i2c_write_regs
 .text.i2c_write_reg
                0x0000000008003132       0x1e /Users/leof/Documents/GitHub/IoT/IoT_I2HM_wyres/Riot_wyres/tests/Capteur_cayenne_lora/bin/wyres-base/periph_common//i2c.o
                0x0000000008003132                i2c_write_reg
 .text.periph_init
                0x0000000008003150       0x16 /Users/leof/Documents/GitHub/IoT/IoT_I2HM_wyres/Riot_wyres/tests/Capteur_cayenne_lora/bin/wyres-base/periph_common//init.o
                0x0000000008003150                periph_init
 .text.led_init
                0x0000000008003166        0x2 /Users/leof/Documents/GitHub/IoT/IoT_I2HM_wyres/Riot_wyres/tests/Capteur_cayenne_lora/bin/wyres-base/periph_common//init_leds.o
                0x0000000008003166                led_init
 .text.spi_transfer_regs
                0x0000000008003168       0x36 /Users/leof/Documents/GitHub/IoT/IoT_I2HM_wyres/Riot_wyres/tests/Capteur_cayenne_lora/bin/wyres-base/periph_common//spi.o
                0x0000000008003168                spi_transfer_regs
 *fill*         0x000000000800319e        0x2 
 .text.phydat_unit_print
                0x00000000080031a0       0x1c /Users/leof/Documents/GitHub/IoT/IoT_I2HM_wyres/Riot_wyres/tests/Capteur_cayenne_lora/bin/wyres-base/phydat//phydat_str.o
                0x00000000080031a0                phydat_unit_print
 .text.phydat_prefix_from_scale
                0x00000000080031bc       0x14 /Users/leof/Documents/GitHub/IoT/IoT_I2HM_wyres/Riot_wyres/tests/Capteur_cayenne_lora/bin/wyres-base/phydat//phydat_str.o
                0x00000000080031bc                phydat_prefix_from_scale
 .text.phydat_dump
                0x00000000080031d0      0x13c /Users/leof/Documents/GitHub/IoT/IoT_I2HM_wyres/Riot_wyres/tests/Capteur_cayenne_lora/bin/wyres-base/phydat//phydat_str.o
                0x00000000080031d0                phydat_dump
 .text.pm_set_lowest
                0x000000000800330c       0x2c /Users/leof/Documents/GitHub/IoT/IoT_I2HM_wyres/Riot_wyres/tests/Capteur_cayenne_lora/bin/wyres-base/pm_layered//pm.o
                0x000000000800330c                pm_set_lowest
 .text.pm_block
                0x0000000008003338       0x24 /Users/leof/Documents/GitHub/IoT/IoT_I2HM_wyres/Riot_wyres/tests/Capteur_cayenne_lora/bin/wyres-base/pm_layered//pm.o
                0x0000000008003338                pm_block
 .text.pm_unblock
                0x000000000800335c       0x20 /Users/leof/Documents/GitHub/IoT/IoT_I2HM_wyres/Riot_wyres/tests/Capteur_cayenne_lora/bin/wyres-base/pm_layered//pm.o
                0x000000000800335c                pm_unblock
 .text.pm_off   0x000000000800337c       0x10 /Users/leof/Documents/GitHub/IoT/IoT_I2HM_wyres/Riot_wyres/tests/Capteur_cayenne_lora/bin/wyres-base/pm_layered//pm.o
                0x000000000800337c                pm_off
 .text.random_init
                0x000000000800338c       0x10 /Users/leof/Documents/GitHub/IoT/IoT_I2HM_wyres/Riot_wyres/tests/Capteur_cayenne_lora/bin/wyres-base/random//musl_lcg.o
                0x000000000800338c                random_init
 .text.random_uint32
                0x000000000800339c       0x30 /Users/leof/Documents/GitHub/IoT/IoT_I2HM_wyres/Riot_wyres/tests/Capteur_cayenne_lora/bin/wyres-base/random//musl_lcg.o
                0x000000000800339c                random_uint32
 .text.auto_init_random
                0x00000000080033cc       0x18 /Users/leof/Documents/GitHub/IoT/IoT_I2HM_wyres/Riot_wyres/tests/Capteur_cayenne_lora/bin/wyres-base/random//random.o
                0x00000000080033cc                auto_init_random
 .text.random_uint32_range
                0x00000000080033e4       0x3e /Users/leof/Documents/GitHub/IoT/IoT_I2HM_wyres/Riot_wyres/tests/Capteur_cayenne_lora/bin/wyres-base/random//random.o
                0x00000000080033e4                random_uint32_range
 .text.saul_write_notsup
                0x0000000008003422        0x6 /Users/leof/Documents/GitHub/IoT/IoT_I2HM_wyres/Riot_wyres/tests/Capteur_cayenne_lora/bin/wyres-base/saul//saul.o
                0x0000000008003422                saul_read_notsup
                0x0000000008003422                saul_write_notsup
 .text.saul_class_to_str
                0x0000000008003428       0x58 /Users/leof/Documents/GitHub/IoT/IoT_I2HM_wyres/Riot_wyres/tests/Capteur_cayenne_lora/bin/wyres-base/saul//saul_str.o
                0x0000000008003428                saul_class_to_str
 .text.auto_init_lpsxxx
                0x0000000008003480       0x60 /Users/leof/Documents/GitHub/IoT/IoT_I2HM_wyres/Riot_wyres/tests/Capteur_cayenne_lora/bin/wyres-base/saul_init_devs//auto_init_lpsxxx.o
                0x0000000008003480                auto_init_lpsxxx
 .text.saul_init_devs
                0x00000000080034e0        0x4 /Users/leof/Documents/GitHub/IoT/IoT_I2HM_wyres/Riot_wyres/tests/Capteur_cayenne_lora/bin/wyres-base/saul_init_devs//init.o
                0x00000000080034e0                saul_init_devs
 .text.saul_reg_add
                0x00000000080034e4       0x2c /Users/leof/Documents/GitHub/IoT/IoT_I2HM_wyres/Riot_wyres/tests/Capteur_cayenne_lora/bin/wyres-base/saul_reg//saul_reg.o
                0x00000000080034e4                saul_reg_add
 .text.saul_reg_read
                0x0000000008003510       0x10 /Users/leof/Documents/GitHub/IoT/IoT_I2HM_wyres/Riot_wyres/tests/Capteur_cayenne_lora/bin/wyres-base/saul_reg//saul_reg.o
                0x0000000008003510                saul_reg_read
 .text.srand1   0x0000000008003520        0x2 /Users/leof/Documents/GitHub/IoT/IoT_I2HM_wyres/Riot_wyres/tests/Capteur_cayenne_lora/bin/wyres-base/semtech_loramac_arch//utilities.o
                0x0000000008003520                srand1
 .text.randr    0x0000000008003522       0x16 /Users/leof/Documents/GitHub/IoT/IoT_I2HM_wyres/Riot_wyres/tests/Capteur_cayenne_lora/bin/wyres-base/semtech_loramac_arch//utilities.o
                0x0000000008003522                randr
 .text.memcpy1  0x0000000008003538        0x4 /Users/leof/Documents/GitHub/IoT/IoT_I2HM_wyres/Riot_wyres/tests/Capteur_cayenne_lora/bin/wyres-base/semtech_loramac_arch//utilities.o
                0x0000000008003538                memcpy1
 .text.memcpyr  0x000000000800353c       0x14 /Users/leof/Documents/GitHub/IoT/IoT_I2HM_wyres/Riot_wyres/tests/Capteur_cayenne_lora/bin/wyres-base/semtech_loramac_arch//utilities.o
                0x000000000800353c                memcpyr
 .text.memset1  0x0000000008003550        0x4 /Users/leof/Documents/GitHub/IoT/IoT_I2HM_wyres/Riot_wyres/tests/Capteur_cayenne_lora/bin/wyres-base/semtech_loramac_arch//utilities.o
                0x0000000008003550                memset1
 .text._write_uint32
                0x0000000008003554       0x16 /Users/leof/Documents/GitHub/IoT/IoT_I2HM_wyres/Riot_wyres/tests/Capteur_cayenne_lora/bin/wyres-base/semtech_loramac_contrib//semtech_loramac.o
 .text.mutex_lock
                0x000000000800356a        0x6 /Users/leof/Documents/GitHub/IoT/IoT_I2HM_wyres/Riot_wyres/tests/Capteur_cayenne_lora/bin/wyres-base/semtech_loramac_contrib//semtech_loramac.o
 .text._save_uplink_counter
                0x0000000008003570       0x2c /Users/leof/Documents/GitHub/IoT/IoT_I2HM_wyres/Riot_wyres/tests/Capteur_cayenne_lora/bin/wyres-base/semtech_loramac_contrib//semtech_loramac.o
 .text._read_uint32
                0x000000000800359c       0x1c /Users/leof/Documents/GitHub/IoT/IoT_I2HM_wyres/Riot_wyres/tests/Capteur_cayenne_lora/bin/wyres-base/semtech_loramac_contrib//semtech_loramac.o
 .text.mlme_indication
                0x00000000080035b8       0x24 /Users/leof/Documents/GitHub/IoT/IoT_I2HM_wyres/Riot_wyres/tests/Capteur_cayenne_lora/bin/wyres-base/semtech_loramac_contrib//semtech_loramac.o
 .text.mlme_confirm
                0x00000000080035dc       0x24 /Users/leof/Documents/GitHub/IoT/IoT_I2HM_wyres/Riot_wyres/tests/Capteur_cayenne_lora/bin/wyres-base/semtech_loramac_contrib//semtech_loramac.o
 .text.mcps_indication
                0x0000000008003600       0x24 /Users/leof/Documents/GitHub/IoT/IoT_I2HM_wyres/Riot_wyres/tests/Capteur_cayenne_lora/bin/wyres-base/semtech_loramac_contrib//semtech_loramac.o
 .text.mcps_confirm
                0x0000000008003624       0x24 /Users/leof/Documents/GitHub/IoT/IoT_I2HM_wyres/Riot_wyres/tests/Capteur_cayenne_lora/bin/wyres-base/semtech_loramac_contrib//semtech_loramac.o
 .text._semtech_loramac_event_cb
                0x0000000008003648       0xbc /Users/leof/Documents/GitHub/IoT/IoT_I2HM_wyres/Riot_wyres/tests/Capteur_cayenne_lora/bin/wyres-base/semtech_loramac_contrib//semtech_loramac.o
 .text._semtech_loramac_event_loop
                0x0000000008003704      0x164 /Users/leof/Documents/GitHub/IoT/IoT_I2HM_wyres/Riot_wyres/tests/Capteur_cayenne_lora/bin/wyres-base/semtech_loramac_contrib//semtech_loramac.o
                0x0000000008003704                _semtech_loramac_event_loop
 .text._join    0x0000000008003868       0xd0 /Users/leof/Documents/GitHub/IoT/IoT_I2HM_wyres/Riot_wyres/tests/Capteur_cayenne_lora/bin/wyres-base/semtech_loramac_contrib//semtech_loramac.o
 .text._send    0x0000000008003938       0x98 /Users/leof/Documents/GitHub/IoT/IoT_I2HM_wyres/Riot_wyres/tests/Capteur_cayenne_lora/bin/wyres-base/semtech_loramac_contrib//semtech_loramac.o
 .text._init_loramac
                0x00000000080039d0      0x188 /Users/leof/Documents/GitHub/IoT/IoT_I2HM_wyres/Riot_wyres/tests/Capteur_cayenne_lora/bin/wyres-base/semtech_loramac_contrib//semtech_loramac.o
                0x00000000080039d0                _init_loramac
 .text.semtech_loramac_init
                0x0000000008003b58       0x64 /Users/leof/Documents/GitHub/IoT/IoT_I2HM_wyres/Riot_wyres/tests/Capteur_cayenne_lora/bin/wyres-base/semtech_loramac_contrib//semtech_loramac.o
                0x0000000008003b58                semtech_loramac_init
 .text.semtech_loramac_is_mac_joined
                0x0000000008003bbc       0x28 /Users/leof/Documents/GitHub/IoT/IoT_I2HM_wyres/Riot_wyres/tests/Capteur_cayenne_lora/bin/wyres-base/semtech_loramac_contrib//semtech_loramac.o
                0x0000000008003bbc                semtech_loramac_is_mac_joined
 .text.semtech_loramac_join
                0x0000000008003be4       0x58 /Users/leof/Documents/GitHub/IoT/IoT_I2HM_wyres/Riot_wyres/tests/Capteur_cayenne_lora/bin/wyres-base/semtech_loramac_contrib//semtech_loramac.o
                0x0000000008003be4                semtech_loramac_join
 .text.semtech_loramac_send
                0x0000000008003c3c       0x5c /Users/leof/Documents/GitHub/IoT/IoT_I2HM_wyres/Riot_wyres/tests/Capteur_cayenne_lora/bin/wyres-base/semtech_loramac_contrib//semtech_loramac.o
                0x0000000008003c3c                semtech_loramac_send
 .text.mutex_lock
                0x0000000008003c98        0x6 /Users/leof/Documents/GitHub/IoT/IoT_I2HM_wyres/Riot_wyres/tests/Capteur_cayenne_lora/bin/wyres-base/semtech_loramac_contrib//semtech_loramac_getset.o
 .text._semtech_loramac_set_rx2_params.isra.0
                0x0000000008003c9e       0x30 /Users/leof/Documents/GitHub/IoT/IoT_I2HM_wyres/Riot_wyres/tests/Capteur_cayenne_lora/bin/wyres-base/semtech_loramac_contrib//semtech_loramac_getset.o
 .text.semtech_loramac_set_deveui
                0x0000000008003cce        0xa /Users/leof/Documents/GitHub/IoT/IoT_I2HM_wyres/Riot_wyres/tests/Capteur_cayenne_lora/bin/wyres-base/semtech_loramac_contrib//semtech_loramac_getset.o
                0x0000000008003cce                semtech_loramac_set_deveui
 .text.semtech_loramac_set_appeui
                0x0000000008003cd8        0xa /Users/leof/Documents/GitHub/IoT/IoT_I2HM_wyres/Riot_wyres/tests/Capteur_cayenne_lora/bin/wyres-base/semtech_loramac_contrib//semtech_loramac_getset.o
                0x0000000008003cd8                semtech_loramac_set_appeui
 .text.semtech_loramac_set_appkey
                0x0000000008003ce2       0x14 /Users/leof/Documents/GitHub/IoT/IoT_I2HM_wyres/Riot_wyres/tests/Capteur_cayenne_lora/bin/wyres-base/semtech_loramac_contrib//semtech_loramac_getset.o
                0x0000000008003ce2                semtech_loramac_set_appkey
 .text.semtech_loramac_set_appskey
                0x0000000008003cf6       0x26 /Users/leof/Documents/GitHub/IoT/IoT_I2HM_wyres/Riot_wyres/tests/Capteur_cayenne_lora/bin/wyres-base/semtech_loramac_contrib//semtech_loramac_getset.o
                0x0000000008003cf6                semtech_loramac_set_appskey
 .text.semtech_loramac_get_appskey
                0x0000000008003d1c       0x38 /Users/leof/Documents/GitHub/IoT/IoT_I2HM_wyres/Riot_wyres/tests/Capteur_cayenne_lora/bin/wyres-base/semtech_loramac_contrib//semtech_loramac_getset.o
                0x0000000008003d1c                semtech_loramac_get_appskey
 .text.semtech_loramac_set_nwkskey
                0x0000000008003d54       0x26 /Users/leof/Documents/GitHub/IoT/IoT_I2HM_wyres/Riot_wyres/tests/Capteur_cayenne_lora/bin/wyres-base/semtech_loramac_contrib//semtech_loramac_getset.o
                0x0000000008003d54                semtech_loramac_set_nwkskey
 .text.semtech_loramac_get_nwkskey
                0x0000000008003d7a       0x38 /Users/leof/Documents/GitHub/IoT/IoT_I2HM_wyres/Riot_wyres/tests/Capteur_cayenne_lora/bin/wyres-base/semtech_loramac_contrib//semtech_loramac_getset.o
                0x0000000008003d7a                semtech_loramac_get_nwkskey
 .text.semtech_loramac_set_devaddr
                0x0000000008003db2       0x2a /Users/leof/Documents/GitHub/IoT/IoT_I2HM_wyres/Riot_wyres/tests/Capteur_cayenne_lora/bin/wyres-base/semtech_loramac_contrib//semtech_loramac_getset.o
                0x0000000008003db2                semtech_loramac_set_devaddr
 .text.semtech_loramac_get_devaddr
                0x0000000008003ddc       0x36 /Users/leof/Documents/GitHub/IoT/IoT_I2HM_wyres/Riot_wyres/tests/Capteur_cayenne_lora/bin/wyres-base/semtech_loramac_contrib//semtech_loramac_getset.o
                0x0000000008003ddc                semtech_loramac_get_devaddr
 .text.semtech_loramac_set_class
                0x0000000008003e12       0x28 /Users/leof/Documents/GitHub/IoT/IoT_I2HM_wyres/Riot_wyres/tests/Capteur_cayenne_lora/bin/wyres-base/semtech_loramac_contrib//semtech_loramac_getset.o
                0x0000000008003e12                semtech_loramac_set_class
 .text.semtech_loramac_set_dr
                0x0000000008003e3a       0x28 /Users/leof/Documents/GitHub/IoT/IoT_I2HM_wyres/Riot_wyres/tests/Capteur_cayenne_lora/bin/wyres-base/semtech_loramac_contrib//semtech_loramac_getset.o
                0x0000000008003e3a                semtech_loramac_set_dr
 .text.semtech_loramac_get_dr
                0x0000000008003e62       0x28 /Users/leof/Documents/GitHub/IoT/IoT_I2HM_wyres/Riot_wyres/tests/Capteur_cayenne_lora/bin/wyres-base/semtech_loramac_contrib//semtech_loramac_getset.o
                0x0000000008003e62                semtech_loramac_get_dr
 .text.semtech_loramac_set_adr
                0x0000000008003e8a       0x28 /Users/leof/Documents/GitHub/IoT/IoT_I2HM_wyres/Riot_wyres/tests/Capteur_cayenne_lora/bin/wyres-base/semtech_loramac_contrib//semtech_loramac_getset.o
                0x0000000008003e8a                semtech_loramac_set_adr
 .text.semtech_loramac_set_public_network
                0x0000000008003eb2       0x28 /Users/leof/Documents/GitHub/IoT/IoT_I2HM_wyres/Riot_wyres/tests/Capteur_cayenne_lora/bin/wyres-base/semtech_loramac_contrib//semtech_loramac_getset.o
                0x0000000008003eb2                semtech_loramac_set_public_network
 .text.semtech_loramac_set_netid
                0x0000000008003eda       0x26 /Users/leof/Documents/GitHub/IoT/IoT_I2HM_wyres/Riot_wyres/tests/Capteur_cayenne_lora/bin/wyres-base/semtech_loramac_contrib//semtech_loramac_getset.o
                0x0000000008003eda                semtech_loramac_set_netid
 .text.semtech_loramac_set_tx_port
                0x0000000008003f00        0x4 /Users/leof/Documents/GitHub/IoT/IoT_I2HM_wyres/Riot_wyres/tests/Capteur_cayenne_lora/bin/wyres-base/semtech_loramac_contrib//semtech_loramac_getset.o
                0x0000000008003f00                semtech_loramac_set_tx_port
 .text.semtech_loramac_set_tx_mode
                0x0000000008003f04        0x4 /Users/leof/Documents/GitHub/IoT/IoT_I2HM_wyres/Riot_wyres/tests/Capteur_cayenne_lora/bin/wyres-base/semtech_loramac_contrib//semtech_loramac_getset.o
                0x0000000008003f04                semtech_loramac_set_tx_mode
 .text.semtech_loramac_get_tx_mode
                0x0000000008003f08        0x4 /Users/leof/Documents/GitHub/IoT/IoT_I2HM_wyres/Riot_wyres/tests/Capteur_cayenne_lora/bin/wyres-base/semtech_loramac_contrib//semtech_loramac_getset.o
                0x0000000008003f08                semtech_loramac_get_tx_mode
 .text.semtech_loramac_set_system_max_rx_error
                0x0000000008003f0c       0x26 /Users/leof/Documents/GitHub/IoT/IoT_I2HM_wyres/Riot_wyres/tests/Capteur_cayenne_lora/bin/wyres-base/semtech_loramac_contrib//semtech_loramac_getset.o
                0x0000000008003f0c                semtech_loramac_set_system_max_rx_error
 .text.semtech_loramac_set_min_rx_symbols
                0x0000000008003f32       0x28 /Users/leof/Documents/GitHub/IoT/IoT_I2HM_wyres/Riot_wyres/tests/Capteur_cayenne_lora/bin/wyres-base/semtech_loramac_contrib//semtech_loramac_getset.o
                0x0000000008003f32                semtech_loramac_set_min_rx_symbols
 .text.semtech_loramac_set_rx2_freq
                0x0000000008003f5a       0x2e /Users/leof/Documents/GitHub/IoT/IoT_I2HM_wyres/Riot_wyres/tests/Capteur_cayenne_lora/bin/wyres-base/semtech_loramac_contrib//semtech_loramac_getset.o
                0x0000000008003f5a                semtech_loramac_set_rx2_freq
 .text.semtech_loramac_set_rx2_dr
                0x0000000008003f88       0x2c /Users/leof/Documents/GitHub/IoT/IoT_I2HM_wyres/Riot_wyres/tests/Capteur_cayenne_lora/bin/wyres-base/semtech_loramac_contrib//semtech_loramac_getset.o
                0x0000000008003f88                semtech_loramac_set_rx2_dr
 .text.semtech_loramac_set_uplink_counter
                0x0000000008003fb4       0x26 /Users/leof/Documents/GitHub/IoT/IoT_I2HM_wyres/Riot_wyres/tests/Capteur_cayenne_lora/bin/wyres-base/semtech_loramac_contrib//semtech_loramac_getset.o
                0x0000000008003fb4                semtech_loramac_set_uplink_counter
 *fill*         0x0000000008003fda        0x2 
 .text.SX127XGetStatus
                0x0000000008003fdc       0x38 /Users/leof/Documents/GitHub/IoT/IoT_I2HM_wyres/Riot_wyres/tests/Capteur_cayenne_lora/bin/wyres-base/semtech_loramac_contrib//semtech_loramac_radio.o
                0x0000000008003fdc                SX127XGetStatus
 .text.SX127XSetModem
                0x0000000008004014       0x24 /Users/leof/Documents/GitHub/IoT/IoT_I2HM_wyres/Riot_wyres/tests/Capteur_cayenne_lora/bin/wyres-base/semtech_loramac_contrib//semtech_loramac_radio.o
                0x0000000008004014                SX127XSetModem
 .text.SX127XSetChannel
                0x0000000008004038       0x20 /Users/leof/Documents/GitHub/IoT/IoT_I2HM_wyres/Riot_wyres/tests/Capteur_cayenne_lora/bin/wyres-base/semtech_loramac_contrib//semtech_loramac_radio.o
                0x0000000008004038                SX127XSetChannel
 .text.SX127XRandom
                0x0000000008004058       0x20 /Users/leof/Documents/GitHub/IoT/IoT_I2HM_wyres/Riot_wyres/tests/Capteur_cayenne_lora/bin/wyres-base/semtech_loramac_contrib//semtech_loramac_radio.o
                0x0000000008004058                SX127XRandom
 .text.SX127XSetRxConfig
                0x0000000008004078      0x108 /Users/leof/Documents/GitHub/IoT/IoT_I2HM_wyres/Riot_wyres/tests/Capteur_cayenne_lora/bin/wyres-base/semtech_loramac_contrib//semtech_loramac_radio.o
                0x0000000008004078                SX127XSetRxConfig
 .text.SX127XSetTxConfig
                0x0000000008004180       0xe8 /Users/leof/Documents/GitHub/IoT/IoT_I2HM_wyres/Riot_wyres/tests/Capteur_cayenne_lora/bin/wyres-base/semtech_loramac_contrib//semtech_loramac_radio.o
                0x0000000008004180                SX127XSetTxConfig
 .text.SX127XSend
                0x0000000008004268       0x20 /Users/leof/Documents/GitHub/IoT/IoT_I2HM_wyres/Riot_wyres/tests/Capteur_cayenne_lora/bin/wyres-base/semtech_loramac_contrib//semtech_loramac_radio.o
                0x0000000008004268                SX127XSend
 .text.SX127XSleep
                0x0000000008004288       0x20 /Users/leof/Documents/GitHub/IoT/IoT_I2HM_wyres/Riot_wyres/tests/Capteur_cayenne_lora/bin/wyres-base/semtech_loramac_contrib//semtech_loramac_radio.o
                0x0000000008004288                SX127XSleep
 .text.SX127XStandby
                0x00000000080042a8       0x24 /Users/leof/Documents/GitHub/IoT/IoT_I2HM_wyres/Riot_wyres/tests/Capteur_cayenne_lora/bin/wyres-base/semtech_loramac_contrib//semtech_loramac_radio.o
                0x00000000080042a8                SX127XStandby
 .text.SX127XRx
                0x00000000080042cc       0x38 /Users/leof/Documents/GitHub/IoT/IoT_I2HM_wyres/Riot_wyres/tests/Capteur_cayenne_lora/bin/wyres-base/semtech_loramac_contrib//semtech_loramac_radio.o
                0x00000000080042cc                SX127XRx
 .text.SX127XStartCad
                0x0000000008004304        0x2 /Users/leof/Documents/GitHub/IoT/IoT_I2HM_wyres/Riot_wyres/tests/Capteur_cayenne_lora/bin/wyres-base/semtech_loramac_contrib//semtech_loramac_radio.o
                0x0000000008004304                SX127XStartCad
 *fill*         0x0000000008004306        0x2 
 .text.SX127XRssi
                0x0000000008004308       0x20 /Users/leof/Documents/GitHub/IoT/IoT_I2HM_wyres/Riot_wyres/tests/Capteur_cayenne_lora/bin/wyres-base/semtech_loramac_contrib//semtech_loramac_radio.o
                0x0000000008004308                SX127XRssi
 .text.SX127XWrite
                0x0000000008004328        0x2 /Users/leof/Documents/GitHub/IoT/IoT_I2HM_wyres/Riot_wyres/tests/Capteur_cayenne_lora/bin/wyres-base/semtech_loramac_contrib//semtech_loramac_radio.o
                0x0000000008004328                SX127XWrite
 .text.SX127XRead
                0x000000000800432a        0x4 /Users/leof/Documents/GitHub/IoT/IoT_I2HM_wyres/Riot_wyres/tests/Capteur_cayenne_lora/bin/wyres-base/semtech_loramac_contrib//semtech_loramac_radio.o
                0x000000000800432a                SX127XRead
 .text.SX127XWriteBuffer
                0x000000000800432e        0x2 /Users/leof/Documents/GitHub/IoT/IoT_I2HM_wyres/Riot_wyres/tests/Capteur_cayenne_lora/bin/wyres-base/semtech_loramac_contrib//semtech_loramac_radio.o
                0x000000000800432e                SX127XWriteBuffer
 .text.SX127XSetMaxPayloadLength
                0x0000000008004330       0x20 /Users/leof/Documents/GitHub/IoT/IoT_I2HM_wyres/Riot_wyres/tests/Capteur_cayenne_lora/bin/wyres-base/semtech_loramac_contrib//semtech_loramac_radio.o
                0x0000000008004330                SX127XSetMaxPayloadLength
 .text.SX127XCheckRfFrequency
                0x0000000008004350        0x4 /Users/leof/Documents/GitHub/IoT/IoT_I2HM_wyres/Riot_wyres/tests/Capteur_cayenne_lora/bin/wyres-base/semtech_loramac_contrib//semtech_loramac_radio.o
                0x0000000008004350                SX127XCheckRfFrequency
 .text.SX127XSetTxContinuousWave
                0x0000000008004354        0x2 /Users/leof/Documents/GitHub/IoT/IoT_I2HM_wyres/Riot_wyres/tests/Capteur_cayenne_lora/bin/wyres-base/semtech_loramac_contrib//semtech_loramac_radio.o
                0x0000000008004354                SX127XSetTxContinuousWave
 *fill*         0x0000000008004356        0x2 
 .text.SX127XSetPublicNetwork
                0x0000000008004358       0x28 /Users/leof/Documents/GitHub/IoT/IoT_I2HM_wyres/Riot_wyres/tests/Capteur_cayenne_lora/bin/wyres-base/semtech_loramac_contrib//semtech_loramac_radio.o
                0x0000000008004358                SX127XSetPublicNetwork
 .text.SX127XGetWakeupTime
                0x0000000008004380        0x4 /Users/leof/Documents/GitHub/IoT/IoT_I2HM_wyres/Riot_wyres/tests/Capteur_cayenne_lora/bin/wyres-base/semtech_loramac_contrib//semtech_loramac_radio.o
                0x0000000008004380                SX127XGetWakeupTime
 .text.SX127XRxBoosted
                0x0000000008004384        0x2 /Users/leof/Documents/GitHub/IoT/IoT_I2HM_wyres/Riot_wyres/tests/Capteur_cayenne_lora/bin/wyres-base/semtech_loramac_contrib//semtech_loramac_radio.o
                0x0000000008004384                SX127XRxBoosted
 .text.SX127XSetRxDutyCycle
                0x0000000008004386        0x2 /Users/leof/Documents/GitHub/IoT/IoT_I2HM_wyres/Riot_wyres/tests/Capteur_cayenne_lora/bin/wyres-base/semtech_loramac_contrib//semtech_loramac_radio.o
                0x0000000008004386                SX127XSetRxDutyCycle
 .text.SX127XInit
                0x0000000008004388       0x1c /Users/leof/Documents/GitHub/IoT/IoT_I2HM_wyres/Riot_wyres/tests/Capteur_cayenne_lora/bin/wyres-base/semtech_loramac_contrib//semtech_loramac_radio.o
                0x0000000008004388                SX127XInit
 .text.SX127XIsChannelFree
                0x00000000080043a4       0x50 /Users/leof/Documents/GitHub/IoT/IoT_I2HM_wyres/Riot_wyres/tests/Capteur_cayenne_lora/bin/wyres-base/semtech_loramac_contrib//semtech_loramac_radio.o
                0x00000000080043a4                SX127XIsChannelFree
 .text.SX127XTimeOnAir
                0x00000000080043f4       0xc4 /Users/leof/Documents/GitHub/IoT/IoT_I2HM_wyres/Riot_wyres/tests/Capteur_cayenne_lora/bin/wyres-base/semtech_loramac_contrib//semtech_loramac_radio.o
                0x00000000080043f4                SX127XTimeOnAir
 .text.SX127XReadBuffer
                0x00000000080044b8        0x2 /Users/leof/Documents/GitHub/IoT/IoT_I2HM_wyres/Riot_wyres/tests/Capteur_cayenne_lora/bin/wyres-base/semtech_loramac_contrib//semtech_loramac_radio.o
                0x00000000080044b8                SX127XReadBuffer
 .text.SX127XIrqProcess
                0x00000000080044ba        0x2 /Users/leof/Documents/GitHub/IoT/IoT_I2HM_wyres/Riot_wyres/tests/Capteur_cayenne_lora/bin/wyres-base/semtech_loramac_contrib//semtech_loramac_radio.o
                0x00000000080044ba                SX127XIrqProcess
 .text.ztimer_now
                0x00000000080044bc       0x10 /Users/leof/Documents/GitHub/IoT/IoT_I2HM_wyres/Riot_wyres/tests/Capteur_cayenne_lora/bin/wyres-base/semtech_loramac_contrib//semtech_loramac_timer.o
 .text.TimerInit
                0x00000000080044cc       0x18 /Users/leof/Documents/GitHub/IoT/IoT_I2HM_wyres/Riot_wyres/tests/Capteur_cayenne_lora/bin/wyres-base/semtech_loramac_contrib//semtech_loramac_timer.o
                0x00000000080044cc                TimerInit
 .text.TimerStart
                0x00000000080044e4       0x38 /Users/leof/Documents/GitHub/IoT/IoT_I2HM_wyres/Riot_wyres/tests/Capteur_cayenne_lora/bin/wyres-base/semtech_loramac_contrib//semtech_loramac_timer.o
                0x00000000080044e4                TimerStart
 .text.TimerStop
                0x000000000800451c       0x14 /Users/leof/Documents/GitHub/IoT/IoT_I2HM_wyres/Riot_wyres/tests/Capteur_cayenne_lora/bin/wyres-base/semtech_loramac_contrib//semtech_loramac_timer.o
                0x000000000800451c                TimerStop
 .text.TimerSetValue
                0x0000000008004530       0x20 /Users/leof/Documents/GitHub/IoT/IoT_I2HM_wyres/Riot_wyres/tests/Capteur_cayenne_lora/bin/wyres-base/semtech_loramac_contrib//semtech_loramac_timer.o
                0x0000000008004530                TimerSetValue
 .text.TimerGetCurrentTime
                0x0000000008004550        0xc /Users/leof/Documents/GitHub/IoT/IoT_I2HM_wyres/Riot_wyres/tests/Capteur_cayenne_lora/bin/wyres-base/semtech_loramac_contrib//semtech_loramac_timer.o
                0x0000000008004550                TimerGetCurrentTime
 .text.TimerGetElapsedTime
                0x000000000800455c       0x14 /Users/leof/Documents/GitHub/IoT/IoT_I2HM_wyres/Riot_wyres/tests/Capteur_cayenne_lora/bin/wyres-base/semtech_loramac_contrib//semtech_loramac_timer.o
                0x000000000800455c                TimerGetElapsedTime
 .text.AES_CMAC_Init
                0x0000000008004570       0x14 /Users/leof/Documents/GitHub/IoT/IoT_I2HM_wyres/Riot_wyres/tests/Capteur_cayenne_lora/bin/wyres-base/semtech_loramac_crypto//cmac.o
                0x0000000008004570                AES_CMAC_Init
 .text.AES_CMAC_SetKey
                0x0000000008004584        0x6 /Users/leof/Documents/GitHub/IoT/IoT_I2HM_wyres/Riot_wyres/tests/Capteur_cayenne_lora/bin/wyres-base/semtech_loramac_crypto//cmac.o
                0x0000000008004584                AES_CMAC_SetKey
 .text.AES_CMAC_Update
                0x000000000800458a       0xb0 /Users/leof/Documents/GitHub/IoT/IoT_I2HM_wyres/Riot_wyres/tests/Capteur_cayenne_lora/bin/wyres-base/semtech_loramac_crypto//cmac.o
                0x000000000800458a                AES_CMAC_Update
 .text.AES_CMAC_Final
                0x000000000800463a      0x14c /Users/leof/Documents/GitHub/IoT/IoT_I2HM_wyres/Riot_wyres/tests/Capteur_cayenne_lora/bin/wyres-base/semtech_loramac_crypto//cmac.o
                0x000000000800463a                AES_CMAC_Final
 *fill*         0x0000000008004786        0x2 
 .text.ValidatePayloadLength
                0x0000000008004788       0x54 /Users/leof/Documents/GitHub/IoT/IoT_I2HM_wyres/Riot_wyres/tests/Capteur_cayenne_lora/bin/wyres-base/semtech_loramac_mac//LoRaMac.o
 .text.ResetMacParameters
                0x00000000080047dc       0xe8 /Users/leof/Documents/GitHub/IoT/IoT_I2HM_wyres/Riot_wyres/tests/Capteur_cayenne_lora/bin/wyres-base/semtech_loramac_mac//LoRaMac.o
 .text.OnAckTimeoutTimerEvent
                0x00000000080048c4       0x4c /Users/leof/Documents/GitHub/IoT/IoT_I2HM_wyres/Riot_wyres/tests/Capteur_cayenne_lora/bin/wyres-base/semtech_loramac_mac//LoRaMac.o
 .text.OnRxWindow2TimerEvent
                0x0000000008004910       0x80 /Users/leof/Documents/GitHub/IoT/IoT_I2HM_wyres/Riot_wyres/tests/Capteur_cayenne_lora/bin/wyres-base/semtech_loramac_mac//LoRaMac.o
 .text.OpenContinuousRx2Window
                0x0000000008004990       0x14 /Users/leof/Documents/GitHub/IoT/IoT_I2HM_wyres/Riot_wyres/tests/Capteur_cayenne_lora/bin/wyres-base/semtech_loramac_mac//LoRaMac.o
 .text.OnRadioRxTimeout
                0x00000000080049a4       0xa4 /Users/leof/Documents/GitHub/IoT/IoT_I2HM_wyres/Riot_wyres/tests/Capteur_cayenne_lora/bin/wyres-base/semtech_loramac_mac//LoRaMac.o
 .text.OnRadioTxTimeout
                0x0000000008004a48       0x40 /Users/leof/Documents/GitHub/IoT/IoT_I2HM_wyres/Riot_wyres/tests/Capteur_cayenne_lora/bin/wyres-base/semtech_loramac_mac//LoRaMac.o
 .text.OnRadioRxError
                0x0000000008004a88       0xa4 /Users/leof/Documents/GitHub/IoT/IoT_I2HM_wyres/Riot_wyres/tests/Capteur_cayenne_lora/bin/wyres-base/semtech_loramac_mac//LoRaMac.o
 .text.OnRadioTxDone
                0x0000000008004b2c      0x148 /Users/leof/Documents/GitHub/IoT/IoT_I2HM_wyres/Riot_wyres/tests/Capteur_cayenne_lora/bin/wyres-base/semtech_loramac_mac//LoRaMac.o
 .text.OnRxWindow1TimerEvent
                0x0000000008004c74       0x80 /Users/leof/Documents/GitHub/IoT/IoT_I2HM_wyres/Riot_wyres/tests/Capteur_cayenne_lora/bin/wyres-base/semtech_loramac_mac//LoRaMac.o
 .text.ProcessMacCommands
                0x0000000008004cf4      0x448 /Users/leof/Documents/GitHub/IoT/IoT_I2HM_wyres/Riot_wyres/tests/Capteur_cayenne_lora/bin/wyres-base/semtech_loramac_mac//LoRaMac.o
 .text.PrepareFrame
                0x000000000800513c      0x388 /Users/leof/Documents/GitHub/IoT/IoT_I2HM_wyres/Riot_wyres/tests/Capteur_cayenne_lora/bin/wyres-base/semtech_loramac_mac//LoRaMac.o
                0x000000000800513c                PrepareFrame
 .text.SendFrameOnChannel
                0x00000000080054c4       0xb8 /Users/leof/Documents/GitHub/IoT/IoT_I2HM_wyres/Riot_wyres/tests/Capteur_cayenne_lora/bin/wyres-base/semtech_loramac_mac//LoRaMac.o
                0x00000000080054c4                SendFrameOnChannel
 .text.ScheduleTx
                0x000000000800557c      0x198 /Users/leof/Documents/GitHub/IoT/IoT_I2HM_wyres/Riot_wyres/tests/Capteur_cayenne_lora/bin/wyres-base/semtech_loramac_mac//LoRaMac.o
 .text.Send     0x0000000008005714       0x48 /Users/leof/Documents/GitHub/IoT/IoT_I2HM_wyres/Riot_wyres/tests/Capteur_cayenne_lora/bin/wyres-base/semtech_loramac_mac//LoRaMac.o
                0x0000000008005714                Send
 .text.OnTxDelayedTimerEvent
                0x000000000800575c       0x24 /Users/leof/Documents/GitHub/IoT/IoT_I2HM_wyres/Riot_wyres/tests/Capteur_cayenne_lora/bin/wyres-base/semtech_loramac_mac//LoRaMac.o
 .text.OnMacStateCheckTimerEvent
                0x0000000008005780      0x2e0 /Users/leof/Documents/GitHub/IoT/IoT_I2HM_wyres/Riot_wyres/tests/Capteur_cayenne_lora/bin/wyres-base/semtech_loramac_mac//LoRaMac.o
 .text.PrepareRxDoneAbort
                0x0000000008005a60       0x38 /Users/leof/Documents/GitHub/IoT/IoT_I2HM_wyres/Riot_wyres/tests/Capteur_cayenne_lora/bin/wyres-base/semtech_loramac_mac//LoRaMac.o
 .text.OnRadioRxDone
                0x0000000008005a98      0x4f4 /Users/leof/Documents/GitHub/IoT/IoT_I2HM_wyres/Riot_wyres/tests/Capteur_cayenne_lora/bin/wyres-base/semtech_loramac_mac//LoRaMac.o
 .text.SetTxContinuousWave
                0x0000000008005f8c       0x64 /Users/leof/Documents/GitHub/IoT/IoT_I2HM_wyres/Riot_wyres/tests/Capteur_cayenne_lora/bin/wyres-base/semtech_loramac_mac//LoRaMac.o
                0x0000000008005f8c                SetTxContinuousWave
 .text.SetTxContinuousWave1
                0x0000000008005ff0       0x3c /Users/leof/Documents/GitHub/IoT/IoT_I2HM_wyres/Riot_wyres/tests/Capteur_cayenne_lora/bin/wyres-base/semtech_loramac_mac//LoRaMac.o
                0x0000000008005ff0                SetTxContinuousWave1
 .text.LoRaMacInitialization
                0x000000000800602c      0x294 /Users/leof/Documents/GitHub/IoT/IoT_I2HM_wyres/Riot_wyres/tests/Capteur_cayenne_lora/bin/wyres-base/semtech_loramac_mac//LoRaMac.o
                0x000000000800602c                LoRaMacInitialization
 .text.LoRaMacQueryTxPossible
                0x00000000080062c0       0xec /Users/leof/Documents/GitHub/IoT/IoT_I2HM_wyres/Riot_wyres/tests/Capteur_cayenne_lora/bin/wyres-base/semtech_loramac_mac//LoRaMac.o
                0x00000000080062c0                LoRaMacQueryTxPossible
 .text.LoRaMacMibGetRequestConfirm
                0x00000000080063ac      0x13c /Users/leof/Documents/GitHub/IoT/IoT_I2HM_wyres/Riot_wyres/tests/Capteur_cayenne_lora/bin/wyres-base/semtech_loramac_mac//LoRaMac.o
                0x00000000080063ac                LoRaMacMibGetRequestConfirm
 .text.LoRaMacMibSetRequestConfirm
                0x00000000080064e8      0x2e0 /Users/leof/Documents/GitHub/IoT/IoT_I2HM_wyres/Riot_wyres/tests/Capteur_cayenne_lora/bin/wyres-base/semtech_loramac_mac//LoRaMac.o
                0x00000000080064e8                LoRaMacMibSetRequestConfirm
 .text.LoRaMacMlmeRequest
                0x00000000080067c8      0x140 /Users/leof/Documents/GitHub/IoT/IoT_I2HM_wyres/Riot_wyres/tests/Capteur_cayenne_lora/bin/wyres-base/semtech_loramac_mac//LoRaMac.o
                0x00000000080067c8                LoRaMacMlmeRequest
 .text.LoRaMacMcpsRequest
                0x0000000008006908      0x15c /Users/leof/Documents/GitHub/IoT/IoT_I2HM_wyres/Riot_wyres/tests/Capteur_cayenne_lora/bin/wyres-base/semtech_loramac_mac//LoRaMac.o
                0x0000000008006908                LoRaMacMcpsRequest
 .text.LoRaMacComputeMic
                0x0000000008006a64       0x78 /Users/leof/Documents/GitHub/IoT/IoT_I2HM_wyres/Riot_wyres/tests/Capteur_cayenne_lora/bin/wyres-base/semtech_loramac_mac//LoRaMacCrypto.o
                0x0000000008006a64                LoRaMacComputeMic
 .text.LoRaMacPayloadEncrypt
                0x0000000008006adc       0xd8 /Users/leof/Documents/GitHub/IoT/IoT_I2HM_wyres/Riot_wyres/tests/Capteur_cayenne_lora/bin/wyres-base/semtech_loramac_mac//LoRaMacCrypto.o
                0x0000000008006adc                LoRaMacPayloadEncrypt
 .text.LoRaMacPayloadDecrypt
                0x0000000008006bb4        0xe /Users/leof/Documents/GitHub/IoT/IoT_I2HM_wyres/Riot_wyres/tests/Capteur_cayenne_lora/bin/wyres-base/semtech_loramac_mac//LoRaMacCrypto.o
                0x0000000008006bb4                LoRaMacPayloadDecrypt
 *fill*         0x0000000008006bc2        0x2 
 .text.LoRaMacJoinComputeMic
                0x0000000008006bc4       0x40 /Users/leof/Documents/GitHub/IoT/IoT_I2HM_wyres/Riot_wyres/tests/Capteur_cayenne_lora/bin/wyres-base/semtech_loramac_mac//LoRaMacCrypto.o
                0x0000000008006bc4                LoRaMacJoinComputeMic
 .text.LoRaMacJoinDecrypt
                0x0000000008006c04       0x38 /Users/leof/Documents/GitHub/IoT/IoT_I2HM_wyres/Riot_wyres/tests/Capteur_cayenne_lora/bin/wyres-base/semtech_loramac_mac//LoRaMacCrypto.o
                0x0000000008006c04                LoRaMacJoinDecrypt
 .text.LoRaMacJoinComputeSKeys